[1/860] CC src/c8_accessors_owned.c (gcc 2.7.2  )
[2/860] CC src/b1b_b1c_table_owned.c (gcc 2.8.1  )
{"applied": true, "module": "table_counters_b1b_b1c", "post_object_sha256": "be54dc68c58196663e7792f32ffa3c0b6e03f7711b7b711e1ae4ffff2ff0f779", "verified": false}
[3/860] CC src/code10.c (gcc 2.8.1 -G0 )
[4/860] CC src/code11.c (gcc 2.7.2 -G0 )
[5/860] CC src/code12.c (gcc 2.7.2  )
[6/860] CC src/cd_command_state_owned.c (gcc 2.7.2-cdk -G32 )
{"applied": true, "module": "cd_command_state", "post_object_sha256": "84b03e9d27636a7eb2804e666989bdc1dbf0532e37e060fea78ddc3ad25743da", "verified": false}
[7/860] CC build/partition_sources/code.c (gcc 2.7.2  )
[8/860] CC src/code13.c (gcc 2.8.1  )
[9/860] CC src/code14.c (gcc 2.8.1  )
[10/860] CC src/code15.c (gcc 2.7.2  )
[11/860] CC build/partition_sources/code2.c (gcc 2.8.1  )
[12/860] CC src/code3.c (gcc 2.95.2 -fno-delayed-branch )
[13/860] CC src/code4.c (gcc 2.7.2 -fno-expensive-optimizations )
[14/860] CC src/code5.c (gcc 2.7.2 -G0 -fno-schedule-insns )
[15/860] CC src/code6.c (gcc 2.7.2 -fno-schedule-insns -fno-schedule-insns2 )
[16/860] CC src/code7.c (gcc 2.8.1 -fno-schedule-insns2 )
[17/860] CC src/code8.c (gcc 2.7.2-cdk  )
[18/860] CC src/code9.c (gcc 2.95.2 -fstrict-aliasing )
[19/860] CC src/gp_d92c_owned.c (gcc 2.7.2-cdk  )
[20/860] CC src/gp_order_bytes_owner.c (gcc 2.7.2-cdk -fno-strength-reduce )
[21/860] CC src/gp_shared_8152c.c (gcc 2.7.2  )
[22/860] CC src/gp_shared_81510.c (gcc 2.7.2-cdk  )
[23/860] CC src/gp_split_storage.c (gcc 2.7.2-cdk  )
[24/860] CC src/gp_state_defaults.c (gcc 2.7.2-cdk  )
[25/860] CC src/gp_shared_slots.c (gcc 2.7.2-cdk  )
[26/860] CC src/gte_port_state.c (gcc 2.7.2  )
[27/860] CC src/konami_runtime.c (gcc 2.7.2  )
[28/860] CC src/konami_runtime_directory.c (gcc 2.7.2-cdk  )
[29/860] CC src/konami_runtime_gp_count.c (gcc 2.7.2-cdk  )
[30/860] CC src/konami_runtime_w_80033AA8.c (gcc 2.7.2-cdk  )
[31/860] CC src/konami_runtime_w_80033AE8.c (gcc 2.7.2-cdk  )
[32/860] CC src/konami_runtime_gp_shared_8099c.c (gcc 2.8.1  )
[33/860] CC src/konami_runtime_w_80033B2C.c (gcc 2.7.2-cdk  )
[34/860] CC src/konami_runtime_w_80033B78.c (gcc 2.7.2  )
[35/860] CC src/konami_runtime_w_80033B9C.c (gcc 2.7.2  )
[36/860] CC src/konami_runtime_w_80033BC0.c (gcc 2.7.2  )
[37/860] CC src/konami_runtime_w_80033BE4.c (gcc 2.7.2-cdk  )
[38/860] CC src/konami_runtime_w_80033C1C.c (gcc 2.7.2  )
[39/860] CC src/konami_runtime_w_80033C84.c (gcc 2.7.2  )
[40/860] CC src/konami_runtime_w_80033C8C.c (gcc 2.7.2-cdk -G0 )
[41/860] CC src/konami_runtime_w_80033CD8.c (gcc 2.7.2  )
[42/860] CC src/konami_runtime_w_80033D08.c (gcc 2.7.2  )
[43/860] CC src/konami_runtime_w_80033D38.c (gcc 2.7.2  )
[44/860] CC src/konami_runtime_w_80034E48.c (gcc 2.7.2-cdk -G0 )
[45/860] CC src/konami_runtime_w_800345B8.c (gcc 2.7.2-cdk  )
[46/860] CC src/konami_runtime_w_80034EB4.c (gcc 2.7.2  )
[47/860] CC src/konami_runtime_w_80034EC4.c (gcc 2.8.1  )
[48/860] CC src/konami_runtime_w_80034EF8.c (gcc 2.7.2-cdk  )
[49/860] CC src/konami_runtime_w_80034F88.c (gcc 2.7.2  )
[50/860] CC src/konami_runtime_w_80034F58.c (gcc 2.7.2-cdk -G0 )
[51/860] CC src/konami_runtime_w_80034F9C.c (gcc 2.7.2  )
[52/860] CC src/konami_runtime_w_80034FD0.c (gcc 2.7.2  )
[53/860] CC src/konami_runtime_w_80034FE4.c (gcc 2.7.2 -G0 )
[54/860] CC src/konami_runtime_w_80034FFC.c (gcc 2.7.2-cdk  )
[55/860] CC src/konami_runtime_w_80035060.c (gcc 2.7.2  )
[56/860] CC src/konami_runtime_w_80035068.c (gcc 2.7.2  )
[57/860] CC src/konami_runtime_w_800350B0.c (gcc 2.7.2  )
[58/860] CC src/konami_runtime_w_80035090.c (gcc 2.7.2  )
[59/860] CC src/konami_runtime_w_800350D4.c (gcc 2.7.2-cdk  )
[60/860] CC src/konami_runtime_w_80035164.c (gcc 2.7.2  )
[61/860] CC src/konami_runtime_w_80035234.c (gcc 2.7.2  )
[62/860] CC src/konami_runtime_w_80035208.c (gcc 2.7.2  )
[63/860] CC src/konami_runtime_w_80035260.c (gcc 2.7.2  )
[64/860] CC src/konami_runtime_w_8003528C.c (gcc 2.7.2-cdk -G0 )
[65/860] CC src/konami_runtime_w_800352D8.c (gcc 2.7.2-cdk -G0 )
[66/860] CC src/konami_runtime_w_800352B4.c (gcc 2.7.2-cdk -G0 )
[67/860] CC src/konami_runtime_w_800352FC.c (gcc 2.7.2-cdk -G0 )
[68/860] CC src/konami_runtime_w_80035320.c (gcc 2.7.2-cdk -G0 )
[69/860] CC src/konami_runtime_w_80035348.c (gcc 2.8.1  )
[70/860] CC src/konami_runtime_w_80035378.c (gcc 2.7.2-cdk  )
[71/860] CC src/konami_runtime_w_800353F4.c (gcc 2.7.2-cdk  )
[72/860] CC src/konami_runtime_w_80035484_owned.c (gcc 2.7.2-cdk  )
[73/860] CC src/konami_runtime_w_800355EC.c (gcc 2.7.2  )
[74/860] CC src/konami_runtime_w_80035614.c (gcc 2.7.2-cdk -G0 )
[75/860] CC src/konami_runtime_w_8003566C.c (gcc 2.7.2-cdk -G0 )
[76/860] CC src/konami_runtime_w_8003571C.c (gcc 2.7.2-cdk -G0 )
[77/860] CC src/konami_runtime_w_80035760.c (gcc 2.7.2-cdk -G0 )
[78/860] CC src/konami_runtime_w_800357B0.c (gcc 2.7.2-cdk -G0 )
[79/860] CC src/konami_runtime_w_800357D0.c (gcc 2.7.2 -G0 )
[80/860] CC src/konami_runtime_w_80035820.c (gcc 2.7.2  )
[81/860] CC src/konami_runtime_w_800359FC.c (gcc 2.7.2  )
[82/860] CC src/konami_runtime_w_80035888_owned.c (gcc 2.7.2-cdk  )
[83/860] CC src/konami_runtime_w_80035AAC.c (gcc 2.7.2 -G0 )
[84/860] CC src/konami_runtime_w_80035ABC.c (gcc 2.7.2 -G0 )
[85/860] CC src/konami_runtime_w_80035AF8.c (gcc 2.7.2-cdk  )
[86/860] CC src/konami_runtime_w_80035BE0.c (gcc 2.7.2  )
[87/860] CC src/konami_runtime_w_80035C44.c (gcc 2.7.2 -G0 )
[88/860] CC src/konami_runtime_w_80035C80.c (gcc 2.7.2  )
[89/860] CC src/konami_runtime_w_80035CE4.c (gcc 2.7.2-cdk  )
[90/860] CC src/konami_runtime_w_80035D40.c (gcc 2.7.2-cdk -G0 )
[91/860] CC src/konami_runtime_w_80035D4C.c (gcc 2.7.2-cdk  )
[92/860] CC src/konami_runtime_w_80035DBC.c (gcc 2.7.2-cdk  )
[93/860] CC src/konami_runtime_w_8003605C.c (gcc 2.7.2-cdk  )
[94/860] CC src/konami_runtime_w_80035E58.c (gcc 2.7.2-cdk  )
[95/860] CC src/konami_runtime_w_80036110.c (gcc 2.7.2-cdk -G0 )
[96/860] CC src/konami_runtime_w_80036154.c (gcc 2.7.2-cdk -G0 )
[97/860] CC src/konami_runtime_w_80036210.c (gcc 2.7.2-cdk -G0 )
[98/860] CC src/konami_runtime_w_800362A0.c (gcc 2.7.2-cdk -G0 )
[99/860] CC src/konami_runtime_w_8003626C.c (gcc 2.7.2 -G0 )
[100/860] CC src/konami_runtime_w_800362D0.c (gcc 2.7.2-cdk  )
[101/860] CC src/konami_runtime_w_80036350.c (gcc 2.7.2-cdk  )
[102/860] CC src/konami_runtime_w_80036434.c (gcc 2.7.2-cdk -G0 )
[103/860] CC src/konami_runtime_w_80036484.c (gcc 2.7.2 -G0 )
[104/860] CC src/konami_runtime_w_800364BC.c (gcc 2.7.2-cdk -G0 )
[105/860] CC src/konami_runtime_w_800364EC.c (gcc 2.7.2-cdk  )
[106/860] CC src/konami_runtime_w_8003661C.c (gcc 2.7.2-cdk -G0 )
[107/860] CC src/konami_runtime_w_80036574.c (gcc 2.7.2-cdk  )
[108/860] CC src/konami_runtime_w_8003666C.c (gcc 2.7.2-cdk -fno-schedule-insns )
[109/860] CC src/konami_runtime_w_80036880.c (gcc 2.7.2-cdk -G0 )
[110/860] CC src/konami_runtime_w_800368D0.c (gcc 2.7.2  )
[111/860] CC src/konami_runtime_w_800366F4.c (gcc 2.7.2-cdk  )
[112/860] CC src/konami_runtime_w_80036900.c (gcc 2.7.2-cdk  )
[113/860] CC src/konami_runtime_w_800369C8.c (gcc 2.7.2-cdk  )
[114/860] CC src/konami_runtime_w_80036A70.c (gcc 2.7.2-cdk  )
[115/860] CC src/konami_runtime_w_80036988.c (gcc 2.7.2  )
[116/860] CC src/konami_runtime_w_80036C44.c (gcc 2.7.2  )
[117/860] CC src/konami_runtime_w_80036B10.c (gcc 2.7.2-cdk -G0 )
[118/860] CC src/konami_runtime_w_80036C7C.c (gcc 2.7.2  )
[119/860] CC src/konami_runtime_w_80036D4C.c (gcc 2.7.2-cdk -G0 )
[120/860] CC src/konami_runtime_w_80036ED4.c (gcc 2.7.2  )
[121/860] CC src/konami_runtime_w_80037030.c (gcc 2.7.2-cdk  )
[122/860] CC src/konami_runtime_w_80036F24.c (gcc 2.7.2-cdk  )
[123/860] CC src/konami_runtime_w_80037090.c (gcc 2.7.2-cdk  )
[124/860] CC src/konami_runtime_w_800374F4.c (gcc 2.7.2  )
[125/860] CC src/konami_runtime_w_8003719C.c (gcc 2.7.2-cdk -G0 )
[126/860] CC src/konami_runtime_w_80037394.c (gcc 2.7.2-cdk  )
[127/860] CC src/konami_runtime_w_80037534.c (gcc 2.7.2  )
[128/860] CC src/konami_runtime_w_80037C7C.c (gcc 2.7.2  )
[129/860] CC src/konami_runtime_w_80037D50.c (gcc 2.8.1  )
[130/860] CC src/konami_runtime_w_800375C0.c (gcc 2.7.2 -O2 )
[131/860] CC src/konami_runtime_w_80037714.c (gcc 2.7.2-cdk  )
[132/860] CC src/konami_runtime_w_80037D9C.c (gcc 2.7.2-cdk  )
[133/860] CC src/konami_runtime_w_80037E58.c (gcc 2.7.2-cdk  )
[134/860] CC src/konami_runtime_w_80037F70.c (gcc 2.7.2  )
[135/860] CC src/konami_runtime_w_80038000.c (gcc 2.7.2-cdk -G0 )
[136/860] CC src/konami_runtime_w_8003800C.c (gcc 2.7.2-cdk  )
[137/860] CC src/konami_runtime_w_80038128.c (gcc 2.7.2-cdk  )
[138/860] CC src/konami_runtime_w_800381A4.c (gcc 2.7.2-cdk -G0 )
[139/860] CC src/konami_runtime_w_800381D0.c (gcc 2.7.2-cdk -G0 )
[140/860] CC src/konami_runtime_w_80038240.c (gcc 2.7.2-cdk  )
[141/860] CC src/konami_runtime_w_80038288.c (gcc 2.7.2-cdk -G0 )
[142/860] CC src/konami_runtime_w_800382F0.c (gcc 2.7.2  )
[143/860] CC src/konami_runtime_w_8003832C.c (gcc 2.7.2 -G0 )
[144/860] CC src/konami_runtime_w_80038394.c (gcc 2.7.2-cdk -G0 )
[145/860] CC src/konami_runtime_w_80038368.c (gcc 2.7.2-cdk -G0 )
[146/860] CC src/konami_runtime_w_800383D4.c (gcc 2.8.1  )
[147/860] CC src/konami_runtime_w_80038408.c (gcc 2.7.2-cdk  )
[148/860] CC src/konami_runtime_w_80038464.c (gcc 2.7.2 -G0 )
[149/860] CC src/konami_runtime_w_80038478.c (gcc 2.7.2  )
[150/860] CC src/konami_runtime_w_800384A8.c (gcc 2.7.2-cdk -G0 )
[151/860] CC src/konami_runtime_w_800384F8.c (gcc 2.7.2  )
[152/860] CC src/konami_runtime_w_80038538.c (gcc 2.7.2 -G0 )
[153/860] CC src/konami_runtime_w_80038570.c (gcc 2.7.2 -G0 )
[154/860] CC src/konami_runtime_w_80038588.c (gcc 2.7.2 -G0 )
[155/860] CC src/konami_runtime_w_800385D0.c (gcc 2.7.2 -G0 )
[156/860] CC src/konami_runtime_w_800385E8.c (gcc 2.7.2 -G0 )
[157/860] CC src/konami_runtime_w_80038630.c (gcc 2.7.2 -G0 )
[158/860] CC src/konami_runtime_w_80038648.c (gcc 2.7.2 -G0 )
[159/860] CC src/konami_runtime_w_80038690.c (gcc 2.7.2  )
[160/860] CC src/konami_runtime_w_80038708.c (gcc 2.7.2-cdk -G0 )
[161/860] CC src/konami_runtime_w_8003875C.c (gcc 2.7.2-cdk  )
[162/860] CC src/konami_runtime_w_800387D0.c (gcc 2.7.2-cdk  )
[163/860] CC src/konami_runtime_w_800389B4.c (gcc 2.7.2 -G0 )
[164/860] CC src/konami_runtime_w_80038A10_owned.c (gcc 2.7.2-cdk  )
[165/860] CC src/konami_runtime_w_80038AB8.c (gcc 2.7.2-cdk  )
[166/860] CC src/konami_runtime_w_80038C40.c (gcc 2.7.2-cdk  )
[167/860] CC src/konami_runtime_w_80038CB8.c (gcc 2.7.2  )
[168/860] CC src/konami_runtime_w_800390D0.c (gcc 2.7.2-cdk -G0 )
[169/860] CC src/konami_runtime_w_80038F48.c (gcc 2.7.2-cdk  )
[170/860] CC src/konami_runtime_w_80039148.c (gcc 2.7.2-cdk -G0 )
[171/860] CC src/konami_runtime_w_800391BC.c (gcc 2.7.2-cdk  )
[172/860] CC src/konami_runtime_w_800391EC.c (gcc 2.7.2  )
[173/860] CC src/konami_runtime_w_80039208.c (gcc 2.7.2  )
[174/860] CC src/konami_runtime_w_80039214.c (gcc 2.7.2  )
[175/860] CC src/konami_runtime_w_80039258.c (gcc 2.7.2  )
[176/860] CC src/konami_runtime_w_800392A4.c (gcc 2.7.2-cdk  )
[177/860] CC src/konami_runtime_w_8003931C.c (gcc 2.7.2-cdk  )
[178/860] CC src/konami_runtime_w_80039470.c (gcc 2.7.2-cdk  )
[179/860] CC src/konami_runtime_w_80039568.c (gcc 2.7.2 -G0 )
[180/860] CC src/konami_runtime_w_80039578.c (gcc 2.7.2-cdk  )
[181/860] CC src/konami_runtime_w_800395B0.c (gcc 2.7.2-cdk  )
[182/860] CC src/konami_runtime_w_800395F0.c (gcc 2.7.2  )
[183/860] CC src/konami_runtime_w_80039640.c (gcc 2.7.2  )
[184/860] CC src/konami_runtime_w_8003965C.c (gcc 2.7.2  )
[185/860] CC src/konami_runtime_w_80039694.c (gcc 2.7.2  )
[186/860] CC src/konami_runtime_w_80039730.c (gcc 2.7.2  )
[187/860] CC src/konami_runtime_w_80039760.c (gcc 2.7.2  )
[188/860] CC src/konami_runtime_w_800397A8.c (gcc 2.7.2  )
[189/860] CC src/konami_runtime_w_80039814.c (gcc 2.7.2  )
[190/860] CC src/konami_runtime_w_80039884.c (gcc 2.7.2-cdk  )
[191/860] CC src/konami_runtime_w_800398BC.c (gcc 2.7.2-cdk  )
[192/860] CC src/konami_runtime_w_800399EC.c (gcc 2.7.2  )
[193/860] CC src/konami_runtime_w_80039A88.c (gcc 2.7.2  )
[194/860] CC src/konami_runtime_w_80039A08.c (gcc 2.7.2-cdk -G0 )
[195/860] CC src/konami_runtime_w_80039ACC.c (gcc 2.7.2-cdk -G0 )
[196/860] CC src/konami_runtime_w_80039AF0.c (gcc 2.8.1  )
[197/860] CC src/konami_runtime_w_80039B84.c (gcc 2.7.2 -G0 )
[198/860] CC src/konami_runtime_w_80039B28.c (gcc 2.7.2  )
[199/860] CC src/konami_runtime_w_80039B94.c (gcc 2.7.2  )
[200/860] CC src/konami_runtime_w_80039BBC.c (gcc 2.7.2  )
[201/860] CC src/konami_runtime_w_80039BE4.c (gcc 2.7.2-cdk  )
[202/860] CC src/konami_runtime_w_80039C0C.c (gcc 2.7.2  )
[203/860] CC src/konami_runtime_w_80039C44.c (gcc 2.7.2  )
[204/860] CC src/konami_runtime_w_80039C74.c (gcc 2.7.2  )
[205/860] CC src/konami_runtime_w_80039D10.c (gcc 2.7.2  )
[206/860] CC src/konami_runtime_w_80039D48.c (gcc 2.7.2-cdk  )
[207/860] CC src/konami_runtime_w_80039DBC.c (gcc 2.7.2  )
[208/860] CC src/konami_runtime_w_80039E1C.c (gcc 2.7.2  )
[209/860] CC src/konami_runtime_w_80039ED0.c (gcc 2.7.2  )
[210/860] CC src/konami_runtime_w_80039ED8.c (gcc 2.7.2  )
[211/860] CC src/konami_runtime_w_80039EF4.c (gcc 2.7.2  )
[212/860] CC src/konami_runtime_w_80039F28.c (gcc 2.7.2  )
[213/860] CC src/konami_runtime_w_80039F4C.c (gcc 2.7.2  )
[214/860] CC src/konami_runtime_w_80039F80.c (gcc 2.7.2  )
[215/860] CC src/konami_runtime_w_80039FC0.c (gcc 2.7.2  )
[216/860] CC src/konami_runtime_w_8003A01C.c (gcc 2.7.2  )
[217/860] CC src/konami_runtime_w_8003A060.c (gcc 2.7.2-cdk  )
[218/860] CC src/konami_runtime_w_8003A10C.c (gcc 2.7.2-cdk  )
[219/860] CC src/konami_runtime_w_8003A1A4.c (gcc 2.7.2-cdk -fno-expensive-optimizations )
[220/860] CC src/konami_runtime_w_8003A248.c (gcc 2.7.2-cdk  )
[221/860] CC src/konami_runtime_w_8003A288.c (gcc 2.7.2  )
[222/860] CC src/konami_runtime_w_8003A29C.c (gcc 2.7.2  )
[223/860] CC src/konami_runtime_w_8003A2E0.c (gcc 2.7.2-cdk  )
[224/860] CC src/konami_runtime_w_8003A468.c (gcc 2.7.2  )
[225/860] CC src/konami_runtime_w_8003A3E8.c (gcc 2.7.2-cdk  )
[226/860] CC src/konami_runtime_w_8003A374.c (gcc 2.7.2-cdk  )
[227/860] CC src/konami_runtime_w_8003A4B4.c (gcc 2.7.2  )
[228/860] CC src/konami_runtime_w_8003A500.c (gcc 2.7.2  )
[229/860] CC src/konami_runtime_w_8003A54C.c (gcc 2.7.2  )
[230/860] CC src/konami_runtime_w_8003A5B4.c (gcc 2.7.2 -O2 )
[231/860] CC src/konami_runtime_w_8003A61C.c (gcc 2.7.2  )
[232/860] CC src/konami_runtime_w_8003A754.c (gcc 2.7.2  )
[233/860] CC src/konami_runtime_w_8003A684.c (gcc 2.7.2 -O2 )
[234/860] CC src/konami_runtime_w_8003A6EC.c (gcc 2.7.2  )
[235/860] CC src/konami_runtime_w_8003A7BC.c (gcc 2.7.2  )
[236/860] CC src/konami_runtime_w_8003A7FC.c (gcc 2.7.2  )
[237/860] CC src/konami_runtime_w_8003A858.c (gcc 2.7.2-cdk  )
[238/860] CC src/konami_runtime_w_8003A904.c (gcc 2.7.2-cdk  )
[239/860] CC src/konami_runtime_w_8003A9B8.c (gcc 2.7.2  )
[240/860] CC src/konami_runtime_w_8003A9E4.c (gcc 2.7.2  )
[241/860] CC src/konami_runtime_w_8003AA34.c (gcc 2.7.2  )
[242/860] CC src/konami_runtime_w_8003AA84.c (gcc 2.7.2  )
[243/860] CC src/konami_runtime_w_8003AAC4.c (gcc 2.7.2 -G0 )
[244/860] CC src/konami_runtime_w_8003AAD4.c (gcc 2.7.2 -G0 )
[245/860] CC src/konami_runtime_w_8003AAF8.c (gcc 2.8.1  )
[246/860] CC src/konami_runtime_w_8003AAE4.c (gcc 2.7.2-cdk  )
[247/860] CC src/konami_runtime_w_8003AB14.c (gcc 2.7.2  )
[248/860] CC src/konami_runtime_w_8003AC1C.c (gcc 2.7.2  )
[249/860] CC src/konami_runtime_w_8003ACC0.c (gcc 2.7.2  )
[250/860] CC src/konami_runtime_w_8003AB44.c (gcc 2.7.2  )
[251/860] CC src/konami_runtime_w_8003AD08.c (gcc 2.7.2  )
[252/860] CC src/konami_runtime_w_8003ADB4.c (gcc 2.7.2-cdk  )
[253/860] CC src/konami_runtime_w_8003ADF4.c (gcc 2.7.2  )
[254/860] CC src/konami_runtime_w_8003AE28.c (gcc 2.7.2  )
[255/860] CC src/konami_runtime_w_8003AE60.c (gcc 2.7.2  )
[256/860] CC src/konami_runtime_w_8003AEA8.c (gcc 2.7.2  )
[257/860] CC src/konami_runtime_w_8003AEC8.c (gcc 2.7.2  )
[258/860] CC src/konami_runtime_w_8003AEF8.c (gcc 2.7.2  )
[259/860] CC src/konami_runtime_w_8003AF58.c (gcc 2.7.2  )
[260/860] CC src/konami_runtime_w_8003AF8C.c (gcc 2.7.2  )
[261/860] CC src/konami_runtime_w_8003AF94.c (gcc 2.7.2  )
[262/860] CC src/konami_runtime_w_8003AFE0.c (gcc 2.7.2  )
[263/860] CC src/konami_runtime_w_8003B034.c (gcc 2.7.2 -G0 )
[264/860] CC src/konami_runtime_w_8003B06C.c (gcc 2.7.2  )
[265/860] CC src/konami_runtime_w_8003B0B4.c (gcc 2.7.2  )
[266/860] CC src/konami_runtime_w_8003B188.c (gcc 2.7.2-cdk -G0 )
[267/860] CC src/konami_runtime_w_8003B1B4.c (gcc 2.7.2  )
[268/860] CC src/konami_runtime_w_8003B1E4.c (gcc 2.7.2-cdk -G0 )
[269/860] CC src/konami_runtime_w_8003B210.c (gcc 2.7.2  )
[270/860] CC src/konami_runtime_w_8003B238.c (gcc 2.7.2-cdk -G0 )
[271/860] CC src/konami_runtime_w_8003B264.c (gcc 2.7.2  )
[272/860] CC src/konami_runtime_w_8003B2C4.c (gcc 2.7.2  )
[273/860] CC src/konami_runtime_w_8003B298.c (gcc 2.7.2-cdk -G0 )
[274/860] CC src/konami_runtime_w_8003B2F8.c (gcc 2.7.2-cdk -G0 )
[275/860] CC src/konami_runtime_w_8003B324.c (gcc 2.7.2-cdk  )
[276/860] CC src/konami_runtime_w_8003B400.c (gcc 2.7.2-cdk -G0 )
[277/860] CC src/konami_runtime_w_8003B35C.c (gcc 2.7.2-cdk  )
[278/860] CC src/konami_runtime_w_8003B42C.c (gcc 2.7.2  )
[279/860] CC src/konami_runtime_w_8003B470.c (gcc 2.7.2-cdk  )
[280/860] CC src/konami_runtime_w_8003B64C.c (gcc 2.7.2-cdk  )
[281/860] CC src/konami_runtime_w_8003B714.c (gcc 2.7.2-cdk  )
[282/860] CC src/konami_runtime_w_8003B7C8.c (gcc 2.7.2  )
[283/860] CC src/konami_runtime_w_8003B820.c (gcc 2.7.2-cdk  )
[284/860] CC src/konami_runtime_w_8003B8DC.c (gcc 2.7.2 -G0 )
[285/860] CC src/konami_runtime_w_8003B92C.c (gcc 2.7.2-cdk  )
[286/860] CC src/konami_runtime_w_8003B988.c (gcc 2.7.2  )
[287/860] CC src/konami_runtime_w_8003B9B8.c (gcc 2.7.2  )
[288/860] CC src/konami_runtime_w_8003B9E8.c (gcc 2.7.2-cdk  )
[289/860] CC src/konami_runtime_w_8003BA24.c (gcc 2.7.2-cdk  )
[290/860] CC src/konami_runtime_w_8003BA60.c (gcc 2.7.2-cdk  )
[291/860] CC src/konami_runtime_w_8003BA9C.c (gcc 2.7.2-cdk  )
[292/860] CC src/konami_runtime_w_8003BAD8.c (gcc 2.7.2  )
[293/860] CC src/konami_runtime_w_8003BD34.c (gcc 2.7.2-cdk -O1 )
[294/860] CC src/konami_runtime_w_8003BAF8.c (gcc 2.7.2-cdk  )
[295/860] CC src/konami_runtime_w_8003BD84.c (gcc 2.7.2  )
[296/860] CC src/konami_runtime_w_8003BE1C.c (gcc 2.7.2  )
[297/860] CC src/konami_runtime_w_8003C06C.c (gcc 2.7.2-cdk  )
[298/860] CC src/konami_runtime_w_8003BFE4.c (gcc 2.7.2-cdk  )
[299/860] CC src/konami_runtime_w_8003C0A4.c (gcc 2.7.2  )
[300/860] CC src/konami_runtime_w_8003C0C0.c (gcc 2.7.2  )
[301/860] CC src/konami_runtime_w_8003C0C8.c (gcc 2.7.2-cdk  )
[302/860] CC src/konami_runtime_w_8003C128.c (gcc 2.7.2-cdk -G0 )
[303/860] CC src/konami_runtime_w_8003C2B8.c (gcc 2.7.2-cdk -G0 )
[304/860] CC src/konami_runtime_w_8003C24C.c (gcc 2.7.2-cdk  )
[305/860] CC src/konami_runtime_w_8003C2F8.c (gcc 2.7.2-cdk  )
[306/860] CC src/konami_runtime_w_8003C160.c (gcc 2.7.2-cdk  )
[307/860] CC src/konami_runtime_w_8003C450.c (gcc 2.7.2 -O2 )
[308/860] CC src/konami_runtime_w_8003C488.c (gcc 2.7.2  )
[309/860] CC src/konami_runtime_w_8003C3B4.c (gcc 2.7.2-cdk  )
[310/860] CC src/konami_runtime_w_8003C364.c (gcc 2.7.2-cdk  )
[311/860] CC src/konami_runtime_w_8003C4C8.c (gcc 2.7.2-cdk  )
[312/860] CC src/konami_runtime_w_8003C5F0.c (gcc 2.7.2-cdk  )
[313/860] CC src/konami_runtime_w_8003C520.c (gcc 2.7.2 -G0 )
[314/860] CC src/konami_runtime_w_8003C5A4.c (gcc 2.7.2-cdk  )
[315/860] CC src/konami_runtime_w_8003C890.c (gcc 2.7.2  )
[316/860] CC src/konami_runtime_w_8003C67C.c (gcc 2.7.2-cdk -fno-strength-reduce )
[317/860] CC src/konami_runtime_w_8003C8E4.c (gcc 2.7.2  )
[318/860] CC src/konami_runtime_w_8003C7D8.c (gcc 2.7.2-cdk  )
[319/860] CC src/w_8003CAC4.c (gcc 2.8.1  )
[320/860] CC src/slot_transition.c (gcc 2.7.2-cdk -G16 )
[321/860] CC src/sort_rank_81540_owned.c (gcc 2.7.2-cdk  )
[322/860] CC src/slot_transition_secondary.c (gcc 2.7.2-cdk -G16 )
[323/860] CC src/w_8003D760.c (gcc 2.7.2-cdk -G16 )
[324/860] CC src/w_8003D468.c (gcc 2.7.2-cdk -G0 )
[325/860] CC src/w_8003D5A4.c (gcc 2.7.2-cdk -G0 )
[326/860] CC src/w_8003D0F0.c (gcc 2.7.2-cdk  )
[327/860] CC src/w_8003D7DC.c (gcc 2.7.2-cdk -fno-expensive-optimizations )
[328/860] CC src/w_8003D8B0.c (gcc 2.7.2-cdk -G12 )
[329/860] CC src/w_8003DE58.c (gcc 2.7.2  )
[330/860] CC src/w_8003DBD0.c (gcc 2.7.2-cdk  )
[331/860] CC src/w_8003DF0C.c (gcc 2.7.2-cdk  )
[332/860] CC src/w_8003DF74.c (gcc 2.7.2-cdk  )
[333/860] CC src/w_8003E0C4.c (gcc 2.7.2  )
[334/860] CC src/w_8003E02C.c (gcc 2.7.2-cdk  )
[335/860] CC src/w_8003E14C.c (gcc 2.7.2-cdk -G0 )
[336/860] CC src/w_8003E188.c (gcc 2.95.2 -G0 -fno-schedule-insns )
[337/860] CC src/w_8003E1FC.c (gcc 2.7.2-cdk  )
[338/860] CC src/w_8003E240.c (gcc 2.91.66 -G0 )
[339/860] CC src/w_8003E2D8.c (gcc 2.7.2-cdk  )
[340/860] CC src/w_8003E70C.c (gcc 2.7.2-cdk  )
[341/860] CC src/w_8003E39C.c (gcc 2.7.2-cdk -mmips-as -G0 )
[342/860] CC src/w_8003F270.c (gcc 2.6.3 -O1 )
[343/860] CC src/w_8003F320.c (gcc 2.7.2  )
[344/860] CC src/w_8003F55C.c (gcc 2.7.2  )
[345/860] CC src/w_8003F688.c (gcc 2.7.2-cdk  )
[346/860] CC src/w_8003F6F4.c (gcc 2.6.3  )
[347/860] CC src/w_8003F794.c (gcc 2.7.2-cdk  )
[348/860] CC src/w_8003F80C.c (gcc 2.7.2-cdk  )
[349/860] CC src/w_8003F8F8.c (gcc 2.7.2 -G0 )
[350/860] CC src/w_8003F9E0.c (gcc 2.7.2 -G0 -fno-schedule-insns )
[351/860] CC src/w_8003FA44.c (gcc 2.7.2  )
[352/860] CC src/w_8003FAD4.c (gcc 2.7.2-cdk  )
[353/860] CC src/w_8003FB98.c (gcc 2.7.2  )
[354/860] CC src/w_8003FC64.c (gcc 2.7.2  )
[355/860] CC src/w_8003FD64.c (gcc 2.7.2  )
[356/860] CC src/w_8003FE78.c (gcc 2.7.2  )
[357/860] CC src/w_8003FFF0.c (gcc 2.7.2  )
[358/860] CC src/w_8003FF2C.c (gcc 2.7.2  )
[359/860] CC src/w_80040060.c (gcc 2.7.2  )
[360/860] CC src/w_800400B8.c (gcc 2.7.2-cdk -fno-cse-skip-blocks )
[361/860] CC src/w_80040190.c (gcc 2.7.2  )
[362/860] CC src/w_800401FC.c (gcc 2.7.2  )
[363/860] CC src/w_8004027C.c (gcc 2.7.2  )
[364/860] CC src/w_800402F4.c (gcc 2.7.2-cdk -G0 )
[365/860] CC src/w_800403BC.c (gcc 2.7.2 -G0 )
[366/860] CC src/w_80040454.c (gcc 2.7.2  )
[367/860] CC src/w_80040490.c (gcc 2.7.2  )
[368/860] CC src/w_800404F8.c (gcc 2.7.2  )
[369/860] CC src/w_80040574.c (gcc 2.7.2 -G0 )
[370/860] CC src/w_800405E8.c (gcc 2.7.2  )
[371/860] CC src/w_8004068C.c (gcc 2.7.2  )
[372/860] CC src/w_80040AA0.c (gcc 2.7.2-cdk  )
[373/860] CC src/w_800407C0.c (gcc 2.7.2-cdk  )
[374/860] CC src/w_80040BB4.c (gcc 2.7.2-cdk  )
[375/860] CC src/w_80040C08.c (gcc 2.7.2-cdk -fno-schedule-insns -G16 )
[376/860] CC src/w_80040F2C.c (gcc 2.7.2-cdk  )
[377/860] CC src/w_80040FDC.c (gcc 2.7.2-cdk  )
[378/860] CC src/w_80040CBC.c (gcc 2.7.2-cdk -G16 )
[379/860] CC src/w_80041038.c (gcc 2.7.2-cdk  )
[380/860] CC src/w_80041094.c (gcc 2.7.2-cdk  )
[381/860] CC src/w_80041134_owned.c (gcc 2.8.1  )
[382/860] CC src/w_800411AC.c (gcc 2.7.2-cdk  )
[383/860] CC src/w_800411FC.c (gcc 2.7.2-cdk  )
[384/860] CC src/w_80041284.c (gcc 2.7.2  )
[385/860] CC src/w_80041344.c (gcc 2.7.2-cdk  )
[386/860] CC src/w_80041588.c (gcc 2.7.2-cdk  )
[387/860] CC src/w_80041818.c (gcc 2.7.2-cdk  )
[388/860] CC src/w_800418B4.c (gcc 2.6.3 -G0 )
[389/860] CC src/w_80041900.c (gcc 2.8.1 -G0 )
[390/860] CC src/w_80041A10.c (gcc 2.7.2-cdk -G12 )
[391/860] CC src/w_80041AB0.c (gcc 2.7.2-cdk  )
[392/860] CC src/w_80041CBC.c (gcc 2.7.2-cdk -G0 )
[393/860] CC src/w_80041E28.c (gcc 2.7.2  )
[394/860] CC src/w_80041E70.c (gcc 2.7.2  )
[395/860] CC src/w_800422DC.c (gcc 2.7.2  )
[396/860] CC src/w_800423C0.c (gcc 2.7.2-cdk  )
[397/860] CC src/w_80042518.c (gcc 2.7.2  )
[398/860] CC src/w_80042560.c (gcc 2.7.2-cdk  )
[399/860] CC src/w_80042640.c (gcc 2.7.2-cdk  )
[400/860] CC src/w_80042710.c (gcc 2.7.2  )
[401/860] CC src/w_80042900.c (gcc 2.7.2  )
[402/860] CC src/w_80042984.c (gcc 2.7.2  )
[403/860] CC src/w_800429E4.c (gcc 2.7.2-cdk  )
[404/860] CC src/w_80042B68.c (gcc 2.7.2  )
[405/860] CC src/w_80042A80.c (gcc 2.7.2-cdk  )
[406/860] CC src/w_80043458.c (gcc 2.8.1  )
[407/860] CC src/w_800434E4.c (gcc 2.7.2-cdk -G0 )
[408/860] CC src/w_80043568.c (gcc 2.8.1  )
[409/860] CC src/w_80043674.c (gcc 2.7.2-cdk  )
[410/860] CC src/w_80042BDC.c (gcc 2.7.2-cdk -G16 )
[411/860] CC src/w_80043704.c (gcc 2.7.2  )
[412/860] CC src/w_800437A4.c (gcc 2.7.2  )
[413/860] CC src/w_80043914.c (gcc 2.7.2-cdk -G16 )
[414/860] CC src/w_80043868.c (gcc 2.7.2  )
[415/860] CC src/w_8004397C.c (gcc 2.7.2  )
[416/860] CC src/w_800439BC.c (gcc 2.8.1  )
[417/860] CC src/w_800439F8.c (gcc 2.7.2-cdk -G16 )
[418/860] CC src/w_80043A68.c (gcc 2.7.2-cdk  )
[419/860] CC src/w_80043B4C.c (gcc 2.7.2-cdk  )
[420/860] CC src/w_80043C30.c (gcc 2.7.2-cdk -G12 )
[421/860] CC src/w_80043CD0.c (gcc 2.7.2-cdk  )
[422/860] CC src/w_80043EB8.c (gcc 2.7.2-cdk  )
{standard input}: Assembler messages:
{standard input}:48: Warning: used $at without ".set noat"
{standard input}:49: Warning: used $at without ".set noat"
[423/860] CC src/w_80044144.c (gcc 2.7.2-cdk -G16 )
[424/860] CC src/w_80043FD0.c (gcc 2.7.2-cdk -G0 )
[425/860] CC src/w_8004425C.c (gcc 2.7.2  )
[426/860] CC src/w_8004437C_pair.c (gcc 2.7.2-cdk  )
[427/860] CC src/w_80044698_owned.c (gcc 2.7.2  )
[428/860] CC src/w_80044618_owned.c (gcc 2.7.2  )
[429/860] CC src/w_80044724.c (gcc 2.7.2-cdk  )
[430/860] CC src/w_800448BC_owned.c (gcc 2.7.2  )
[431/860] CC src/w_80044A50.c (gcc 2.8.1  )
[432/860] CC src/w_8004491C.c (gcc 2.7.2-cdk  )
[433/860] CC src/w_80044AAC.c (gcc 2.7.2-cdk  )
[434/860] CC src/w_80044B48.c (gcc 2.7.2-cdk  )
[435/860] CC src/w_80044BB0.c (gcc 2.7.2  )
[436/860] CC src/w_80044C54.c (gcc 2.7.2-cdk  )
[437/860] CC src/w_80045C34.c (gcc 2.7.2-cdk  )
[438/860] CC src/w_80044D24.c (gcc 2.7.2-cdk -O2 )
[439/860] CC src/w_800463EC.c (gcc 2.7.2-cdk -O2 )
[440/860] CC src/w_80045CC4.c (gcc 2.7.2-cdk  )
[441/860] CC src/w_80046884.c (gcc 2.7.2-cdk  )
[442/860] CC src/w_80046A5C.c (gcc 2.7.2  )
[443/860] CC src/w_80046C20.c (gcc 2.7.2  )
[444/860] CC src/w_80046AFC.c (gcc 2.7.2  )
[445/860] CC src/w_80046D64.c (gcc 2.7.2-cdk  )
[446/860] CC src/w_80046E38.c (gcc 2.6.3 -G0 )
[447/860] CC src/w_80046F88.c (gcc 2.7.2  )
[448/860] CC src/w_80047054.c (gcc 2.8.1  )
[449/860] CC src/w_8004713C_owned.c (gcc 2.7.2  )
[450/860] CC src/w_80047200.c (gcc 2.7.2  )
[451/860] CC src/w_80047270.c (gcc 2.7.2 -G0 )
[452/860] CC src/w_80047338_owned.c (gcc 2.7.2-cdk  )
[453/860] CC src/w_80047468_owned.c (gcc 2.7.2-cdk  )
[454/860] CC src/w_800475A4.c (gcc 2.7.2  )
[455/860] CC src/w_8004761C.c (gcc 2.7.2  )
[456/860] CC src/w_80047694.c (gcc 2.7.2-cdk  )
[457/860] CC src/w_80047738.c (gcc 2.7.2  )
[458/860] CC src/w_80047784.c (gcc 2.7.2  )
[459/860] CC src/w_800477F4.c (gcc 2.7.2  )
[460/860] CC src/w_800478E8.c (gcc 2.7.2  )
[461/860] CC src/w_800479D4.c (gcc 2.7.2  )
[462/860] CC src/w_80047A68.c (gcc 2.7.2  )
[463/860] CC src/w_80047AB0.c (gcc 2.7.2  )
[464/860] CC src/w_80047B80.c (gcc 2.8.1  )
[465/860] CC src/w_80047BC0.c (gcc 2.8.1  )
[466/860] CC src/w_80047C00.c (gcc 2.7.2-cdk  )
[467/860] CC src/w_80047CD8.c (gcc 2.7.2  )
[468/860] CC src/w_80047C8C.c (gcc 2.7.2  )
[469/860] CC src/w_80047E78_owned.c (gcc 2.7.2  )
[470/860] CC src/w_80047EEC.c (gcc 2.7.2-cdk  )
[471/860] CC src/w_80047F90.c (gcc 2.7.2  )
[472/860] CC src/w_80047FF4.c (gcc 2.7.2  )
[473/860] CC src/w_80048088.c (gcc 2.7.2  )
[474/860] CC src/w_80048118.c (gcc 2.7.2  )
[475/860] CC src/w_80048190.c (gcc 2.7.2-cdk  )
[476/860] CC src/w_800481E0.c (gcc 2.8.1  )
[477/860] CC src/w_80048224.c (gcc 2.7.2  )
[478/860] CC src/w_800482C8.c (gcc 2.7.2-cdk  )
[479/860] CC src/w_800483AC.c (gcc 2.7.2  )
[480/860] CC src/w_8004846C.c (gcc 2.7.2  )
[481/860] CC src/w_80048500.c (gcc 2.7.2-cdk  )
[482/860] CC src/w_800485E0.c (gcc 2.7.2  )
[483/860] CC src/w_80048734.c (gcc 2.7.2  )
[484/860] CC src/w_8004878C.c (gcc 2.7.2 -G0 )
[485/860] CC src/w_80048870.c (gcc 2.7.2  )
[486/860] CC src/w_800488F0.c (gcc 2.7.2  )
[487/860] CC src/w_80048998.c (gcc 2.7.2-cdk  )
[488/860] CC src/w_800489F4.c (gcc 2.7.2  )
[489/860] CC src/w_80048A44.c (gcc 2.7.2  )
[490/860] CC src/w_80048B28.c (gcc 2.7.2-cdk  )
[491/860] CC src/w_80048AC8.c (gcc 2.7.2  )
[492/860] CC src/w_80048B8C.c (gcc 2.7.2  )
[493/860] CC src/w_80048C3C.c (gcc 2.7.2  )
[494/860] CC src/w_80048D60.c (gcc 2.7.2  )
[495/860] CC src/w_80048E00.c (gcc 2.7.2  )
[496/860] CC src/w_80048EE4.c (gcc 2.7.2-cdk  )
[497/860] CC src/w_80048FBC.c (gcc 2.7.2  )
[498/860] CC src/w_80049150.c (gcc 2.7.2  )
[499/860] CC src/w_80049004.c (gcc 2.7.2-cdk  )
[500/860] CC src/w_800491F4.c (gcc 2.7.2  )
[501/860] CC src/w_800492B0.c (gcc 2.7.2-cdk  )
[502/860] CC src/w_80049330.c (gcc 2.7.2  )
[503/860] CC src/w_80049374.c (gcc 2.7.2-cdk  )
[504/860] CC src/w_800494B4.c (gcc 2.7.2-cdk  )
[505/860] CC src/w_8004951C.c (gcc 2.7.2-cdk  )
[506/860] CC src/w_80049790.c (gcc 2.7.2  )
[507/860] CC src/w_800497F4.c (gcc 2.7.2  )
[508/860] CC src/w_800498A0.c (gcc 2.7.2-cdk -G0 )
[509/860] CC src/w_800499E8.c (gcc 2.7.2-cdk  )
[510/860] CC src/w_80049CF4.c (gcc 2.7.2  )
[511/860] CC src/w_80049D80.c (gcc 2.7.2  )
[512/860] CC src/w_80049E1C.c (gcc 2.7.2  )
[513/860] CC src/w_80049F2C.c (gcc 2.7.2  )
[514/860] CC src/w_80049E88.c (gcc 2.7.2-cdk  )
[515/860] CC src/w_8004A0C0.c (gcc 2.7.2-cdk  )
[516/860] CC src/w_8004A030.c (gcc 2.7.2-cdk -fno-schedule-insns )
[517/860] CC src/w_8004A10C.c (gcc 2.7.2  )
[518/860] CC src/w_8004A170.c (gcc 2.7.2-cdk  )
[519/860] CC src/w_8004A24C.c (gcc 2.7.2  )
[520/860] CC src/w_8004A330.c (gcc 2.7.2-cdk  )
[521/860] CC src/w_8004A4E4.c (gcc 2.7.2  )
[522/860] CC src/w_8004A464.c (gcc 2.7.2-cdk  )
[523/860] CC src/w_8004A534.c (gcc 2.7.2-cdk  )
[524/860] CC src/w_8004A574.c (gcc 2.7.2-cdk  )
[525/860] CC src/w_8004A6C0.c (gcc 2.7.2  )
[526/860] CC src/w_8004A658.c (gcc 2.7.2-cdk  )
[527/860] CC src/w_8004A700.c (gcc 2.7.2-cdk  )
[528/860] CC src/w_8004A784.c (gcc 2.7.2  )
[529/860] CC src/w_8004A83C.c (gcc 2.7.2  )
[530/860] CC src/w_8004A7D8.c (gcc 2.7.2-cdk  )
[531/860] CC src/w_8004A940.c (gcc 2.7.2-cdk  )
[532/860] CC src/w_8004A9B0.c (gcc 2.7.2-cdk  )
[533/860] CC src/w_8004AA78.c (gcc 2.7.2-cdk  )
[534/860] CC src/w_8004AB7C.c (gcc 2.7.2-cdk  )
[535/860] CC src/w_8004AC3C.c (gcc 2.7.2-cdk  )
[536/860] CC src/w_8004AE68.c (gcc 2.8.1  )
[537/860] CC src/w_8004AEC4.c (gcc 2.7.2 -fno-schedule-insns )
[538/860] CC src/w_8004B028.c (gcc 2.7.2  )
[539/860] CC src/w_8004AFE8.c (gcc 2.7.2  )
[540/860] CC src/w_8004B1DC.c (gcc 2.7.2-cdk  )
[541/860] CC src/w_8004B248.c (gcc 2.7.2  )
[542/860] CC src/w_8004B2E0.c (gcc 2.7.2 -G0 -fno-schedule-insns )
[543/860] CC src/w_8004B324.c (gcc 2.7.2  )
[544/860] CC src/w_8004B298.c (gcc 2.7.2 -G0 -fno-schedule-insns )
[545/860] CC src/w_8004B42C.c (gcc 2.7.2-cdk -G0 -fno-schedule-insns )
[546/860] CC src/w_8004B660.c (gcc 2.7.2  )
[547/860] CC src/w_8004B364.c (gcc 2.7.2  )
[548/860] CC src/w_8004B568.c (gcc 2.7.2  )
[549/860] CC src/w_8004B774.c (gcc 2.7.2  )
[550/860] CC src/w_8004B718.c (gcc 2.7.2  )
[551/860] CC src/w_8004B6BC.c (gcc 2.7.2  )
[552/860] CC src/w_8004B7D0.c (gcc 2.7.2-cdk -G0 )
[553/860] CC src/w_8004B8DC.c (gcc 2.7.2  )
[554/860] CC src/w_8004B854.c (gcc 2.7.2-cdk  )
[555/860] CC src/w_8004BDDC.c (gcc 2.7.2  )
[556/860] CC src/w_8004B954.c (gcc 2.7.2-cdk  )
[557/860] CC src/w_8004C010.c (gcc 2.7.2  )
[558/860] CC src/w_8004C080.c (gcc 2.7.2-cdk -G0 )
[559/860] CC src/w_8004CAA0.c (gcc 2.7.2 -fno-schedule-insns2 )
[560/860] CC src/w_8004C36C.c (gcc 2.7.2-cdk  )
[561/860] CC src/w_8004CAE8.c (gcc 2.7.2  )
[562/860] CC src/w_8004CB2C.c (gcc 2.7.2-cdk  )
[563/860] CC src/w_8004CC38.c (gcc 2.8.1  )
[564/860] CC src/w_8004CCBC.c (gcc 2.8.1  )
[565/860] CC src/w_8004CD28.c (gcc 2.7.2  )
[566/860] CC src/w_8004CE68.c (gcc 2.7.2  )
[567/860] CC src/w_8004CECC.c (gcc 2.7.2-cdk  )
[568/860] CC src/w_8004D12C.c (gcc 2.7.2  )
[569/860] CC src/w_8004D1EC.c (gcc 2.7.2-cdk  )
[570/860] CC src/w_8004D294.c (gcc 2.7.2-cdk  )
[571/860] CC src/w_8004D45C.c (gcc 2.7.2  )
[572/860] CC src/w_8004D4AC.c (gcc 2.7.2-cdk  )
[573/860] CC src/w_8004D5D0.c (gcc 2.7.2-cdk  )
[574/860] CC src/w_8004D690.c (gcc 2.7.2  )
[575/860] CC src/w_8004D70C.c (gcc 2.7.2  )
[576/860] CC src/w_8004D75C.c (gcc 2.7.2-cdk  )
[577/860] CC src/w_8004D7A8.c (gcc 2.7.2-cdk  )
[578/860] CC src/w_8004D7E8.c (gcc 2.7.2-cdk  )
[579/860] CC src/w_8004D828.c (gcc 2.95.2 -fno-schedule-insns2 )
[580/860] CC src/w_8004D880.c (gcc 2.7.2 -fno-cse-follow-jumps -fno-cse-skip-blocks )
[581/860] CC src/w_8004D91C.c (gcc 2.7.2  )
[582/860] CC src/w_8004D98C.c (gcc 2.7.2  )
[583/860] CC src/w_8004DA24.c (gcc 2.7.2  )
[584/860] CC src/w_8004DA74.c (gcc 2.7.2-cdk  )
[585/860] CC src/w_8004DC14.c (gcc 2.7.2  )
[586/860] CC src/w_8004DCA8_owned.c (gcc 2.7.2-cdk  )
[587/860] CC src/w_8004DCEC_owned.c (gcc 2.7.2-cdk  )
[588/860] CC src/w_8004E0AC.c (gcc 2.7.2  )
[589/860] CC src/w_8004E188.c (gcc 2.7.2-cdk  )
[590/860] CC src/w_8004E21C.c (gcc 2.7.2  )
[591/860] CC src/w_8004E298.c (gcc 2.7.2-cdk -O1 -fschedule-insns2 )
[592/860] CC src/w_8004E478.c (gcc 2.7.2  )
[593/860] CC src/w_8004E4C0.c (gcc 2.7.2  )
[594/860] CC src/w_8004E5A0.c (gcc 2.7.2  )
[595/860] CC src/w_8004E5E8.c (gcc 2.7.2  )
[596/860] CC src/w_8004E634.c (gcc 2.7.2  )
[597/860] CC src/w_8004E69C.c (gcc 2.7.2-cdk  )
[598/860] CC src/w_8004E6F4.c (gcc 2.6.3  )
[599/860] CC src/w_8004E884.c (gcc 2.7.2  )
[600/860] CC src/w_8004E8D8.c (gcc 2.7.2  )
[601/860] CC src/w_8004E928.c (gcc 2.7.2  )
[602/860] CC src/w_8004E9EC.c (gcc 2.7.2-cdk  )
[603/860] CC src/w_8004EA70.c (gcc 2.7.2-cdk  )
[604/860] CC src/w_8004EAC4.c (gcc 2.7.2  )
[605/860] CC src/w_8004EB3C.c (gcc 2.7.2  )
[606/860] CC src/w_8004EB8C.c (gcc 2.7.2  )
[607/860] CC src/w_8004EBDC.c (gcc 2.7.2  )
[608/860] CC src/w_8004EC20.c (gcc 2.7.2-cdk  )
[609/860] CC src/w_8004ECAC.c (gcc 2.7.2-cdk  )
[610/860] CC src/w_8004ED00.c (gcc 2.7.2-cdk -G0 )
[611/860] CC src/w_8004ED5C.c (gcc 2.7.2-cdk  )
[612/860] CC src/w_8004EDA8.c (gcc 2.7.2-cdk  )
[613/860] CC src/w_8004EEBC.c (gcc 2.7.2  )
[614/860] CC src/w_8004EEFC.c (gcc 2.7.2-cdk  )
[615/860] CC src/w_8004EF90.c (gcc 2.8.1  )
[616/860] CC src/w_8004EFF4.c (gcc 2.7.2-cdk  )
[617/860] CC src/w_8004F068.c (gcc 2.8.1  )
[618/860] CC src/w_8004F0DC.c (gcc 2.7.2  )
[619/860] CC src/w_8004F1E8.c (gcc 2.7.2  )
[620/860] CC src/w_8004F330.c (gcc 2.8.1  )
[621/860] CC src/w_8004F3D8.c (gcc 2.7.2  )
[622/860] CC src/w_8004F418.c (gcc 2.7.2-cdk  )
[623/860] CC src/w_8004F558.c (gcc 2.7.2 -G0 )
[624/860] CC src/w_8004F5B0.c (gcc 2.7.2  )
[625/860] CC src/w_8004F5F4.c (gcc 2.7.2-cdk -G0 )
[626/860] CC src/w_8004F684.c (gcc 2.7.2-cdk  )
[627/860] CC src/w_8004F780.c (gcc 2.7.2-cdk  )
[628/860] CC src/w_8004F884.c (gcc 2.7.2-cdk  )
[629/860] CC src/w_8004F95C.c (gcc 2.7.2-cdk  )
[630/860] CC src/w_8004F9AC.c (gcc 2.7.2-cdk  )
[631/860] CC src/w_8004FA2C.c (gcc 2.7.2-cdk  )
[632/860] CC src/w_8004FAA4.c (gcc 2.7.2-cdk  )
[633/860] CC src/w_8004FC2C.c (gcc 2.7.2  )
[634/860] CC src/w_8004FC98.c (gcc 2.7.2-cdk  )
[635/860] CC src/w_8004FD78.c (gcc 2.7.2-cdk  )
[636/860] CC src/w_8004FDE0.c (gcc 2.7.2-cdk  )
[637/860] CC src/w_8004FE78.c (gcc 2.7.2 -G0 )
[638/860] CC src/w_8004FF20.c (gcc 2.7.2-cdk  )
[639/860] CC src/w_8004FFA8.c (gcc 2.7.2  )
[640/860] CC src/w_8004FFF4.c (gcc 2.7.2 -fno-strength-reduce )
[641/860] CC src/w_800500B4.c (gcc 2.7.2 -fno-strength-reduce )
[642/860] CC src/w_800504B4.c (gcc 2.7.2-cdk  )
[643/860] CC src/w_80050308.c (gcc 2.7.2-cdk  )
[644/860] CC src/w_80050550.c (gcc 2.7.2  )
[645/860] CC src/w_800505BC.c (gcc 2.7.2  )
[646/860] CC src/w_80050640.c (gcc 2.7.2-cdk  )
[647/860] CC src/w_800506BC.c (gcc 2.7.2-cdk  )
[648/860] CC src/w_8005084C.c (gcc 2.7.2-cdk  )
[649/860] CC src/w_800508F0_owned.c (gcc 2.7.2  )
[650/860] CC src/w_800509C4.c (gcc 2.7.2  )
[651/860] CC src/w_80050A00.c (gcc 2.7.2  )
[652/860] CC src/w_80050A58.c (gcc 2.7.2-cdk  )
[653/860] CC src/w_80050AF0.c (gcc 2.7.2  )
[654/860] CC src/w_80050BA4.c (gcc 2.7.2-cdk  )
[655/860] CC src/w_80050CDC.c (gcc 2.7.2 -G0 )
[656/860] CC src/w_80050DA8_owned.c (gcc 2.7.2-cdk  )
[657/860] CC src/w_80050EA8.c (gcc 2.7.2-cdk  )
[658/860] CC src/w_80050EF8.c (gcc 2.7.2-cdk  )
[659/860] CC src/w_80050FF4.c (gcc 2.7.2-cdk -G0 )
[660/860] CC src/w_800510A0.c (gcc 2.7.2  )
[661/860] CC src/w_800510DC.c (gcc 2.7.2 -G0 )
[662/860] CC src/w_80051164.c (gcc 2.7.2-cdk  )
[663/860] CC src/w_800511B4.c (gcc 2.7.2-cdk  )
[664/860] CC src/w_80051228.c (gcc 2.7.2  )
[665/860] CC src/w_80051548.c (gcc 2.7.2-cdk -O1 -fschedule-insns2 )
[666/860] CC src/w_80051708.c (gcc 2.7.2-cdk  )
[667/860] CC src/w_800517CC.c (gcc 2.7.2-cdk -G16 )
[668/860] CC src/w_80051BFC.c (gcc 2.7.2-cdk  )
[669/860] CC src/w_80051CC4.c (gcc 2.7.2-cdk -G0 )
[670/860] CC src/w_80051E94.c (gcc 2.7.2-cdk  )
[671/860] CC src/w_80051F58.c (gcc 2.7.2-cdk  )
[672/860] CC src/w_800520B4.c (gcc 2.7.2-cdk -G0 )
[673/860] CC src/w_800525D4.c (gcc 2.7.2-cdk  )
[674/860] CC src/w_80052144.c (gcc 2.7.2 -G0 )
[675/860] CC src/w_80052774.c (gcc 2.7.2-cdk  )
[676/860] CC src/w_80052A20.c (gcc 2.8.1  )
[677/860] CC src/w_80052A90.c (gcc 2.7.2  )
[678/860] CC src/w_80052C10.c (gcc 2.7.2-cdk  )
[679/860] CC src/w_80052CE0.c (gcc 2.7.2-cdk  )
[680/860] CC src/w_80052FE8.c (gcc 2.7.2-cdk  )
[681/860] CC src/w_800530C4.c (gcc 2.7.2 -G0 )
[682/860] CC src/w_8005313C.c (gcc 2.7.2-cdk  )
[683/860] CC src/w_80053374.c (gcc 2.7.2-cdk  )
[684/860] CC src/w_80053428.c (gcc 2.7.2-cdk  )
[685/860] CC src/w_80053604.c (gcc 2.7.2-cdk  )
[686/860] CC src/w_800537D0.c (gcc 2.7.2 -fno-strength-reduce )
[687/860] CC src/w_80053858.c (gcc 2.7.2-cdk  )
[688/860] CC src/w_80053A88.c (gcc 2.7.2-cdk  )
[689/860] CC src/w_80053D64.c (gcc 2.7.2  )
[690/860] CC src/w_80053CFC_owned.c (gcc 2.7.2  )
[691/860] CC src/w_80053DF0.c (gcc 2.7.2-cdk -G0 )
[692/860] CC src/w_80053E20.c (gcc 2.7.2-cdk  )
[693/860] CC src/w_80053E90.c (gcc 2.7.2  )
[694/860] CC src/w_80053EF0.c (gcc 2.7.2-cdk  )
[695/860] CC src/w_80053F98.c (gcc 2.7.2-cdk  )
[696/860] CC src/w_8005405C.c (gcc 2.8.1  )
[697/860] CC src/w_800540A8.c (gcc 2.7.2-cdk  )
[698/860] CC src/w_80054104.c (gcc 2.7.2-cdk -G0 )
[699/860] CC src/w_800541E8.c (gcc 2.7.2  )
[700/860] CC src/w_80054228.c (gcc 2.7.2  )
[701/860] CC src/w_800543C8.c (gcc 2.7.2  )
[702/860] CC src/w_800542BC.c (gcc 2.7.2-cdk -G0 )
[703/860] CC src/w_8005440C.c (gcc 2.7.2-cdk  )
[704/860] CC src/w_800544A4.c (gcc 2.7.2-cdk  )
[705/860] CC src/w_800545F4.c (gcc 2.7.2-cdk  )
[706/860] CC src/w_80054538.c (gcc 2.7.2  )
[707/860] CC src/w_800546B0.c (gcc 2.7.2-cdk  )
[708/860] CC src/w_80054704.c (gcc 2.7.2-cdk  )
[709/860] CC src/w_8005497C.c (gcc 2.7.2  )
[710/860] CC src/w_80054788.c (gcc 2.7.2-cdk  )
[711/860] CC src/w_800549FC.c (gcc 2.7.2-cdk  )
[712/860] CC src/w_80054A7C.c (gcc 2.7.2  )
[713/860] CC src/w_80054B08.c (gcc 2.7.2-cdk  )
[714/860] CC src/w_80054C58.c (gcc 2.7.2-cdk  )
[715/860] CC src/w_80054CD4.c (gcc 2.7.2-cdk  )
[716/860] CC src/w_80054D64.c (gcc 2.7.2-cdk  )
[717/860] CC src/w_80054F9C.c (gcc 2.7.2-cdk  )
[718/860] CC src/w_80054E00.c (gcc 2.7.2-cdk  )
[719/860] CC src/w_8005500C.c (gcc 2.7.2-cdk  )
[720/860] CC src/w_800550E8.c (gcc 2.7.2-cdk  )
[721/860] CC src/w_800552C8.c (gcc 2.7.2-cdk  )
[722/860] CC src/w_8005537C.c (gcc 2.7.2-cdk  )
[723/860] CC src/w_800553D4.c (gcc 2.7.2-cdk  )
[724/860] CC src/w_8005552C.c (gcc 2.7.2  )
[725/860] CC src/w_8005560C.c (gcc 2.7.2-cdk  )
[726/860] CC src/w_800557C8.c (gcc 2.8.1  )
[727/860] CC src/w_80055864.c (gcc 2.7.2-cdk  )
[728/860] CC src/w_800558FC.c (gcc 2.7.2-cdk -G0 )
[729/860] CC src/w_80055ADC.c (gcc 2.7.2  )
[730/860] CC src/w_800559B4.c (gcc 2.7.2-cdk -G0 )
[731/860] CC src/w_80055B44.c (gcc 2.7.2-cdk  )
[732/860] CC src/w_80055BD8.c (gcc 2.7.2-cdk -G0 )
[733/860] CC src/w_80055C50.c (gcc 2.7.2-cdk  )
[734/860] CC src/w_80055CF4.c (gcc 2.7.2-cdk  )
[735/860] CC src/w_80055D84.c (gcc 2.7.2-cdk  )
[736/860] CC src/w_80055E84.c (gcc 2.7.2-cdk  )
[737/860] CC src/w_80056098.c (gcc 2.7.2 -fno-schedule-insns )
[738/860] CC src/w_800561D8.c (gcc 2.8.1  )
[739/860] CC src/w_800563B0.c (gcc 2.7.2-cdk  )
[740/860] CC src/w_80056408.c (gcc 2.7.2-cdk  )
[741/860] CC src/w_800564A8.c (gcc 2.7.2-cdk  )
[742/860] CC src/w_80056558.c (gcc 2.7.2-cdk  )
[743/860] CC src/w_800565D8.c (gcc 2.7.2  )
[744/860] CC src/w_80056800.c (gcc 2.7.2-cdk  )
[745/860] CC src/w_80056654.c (gcc 2.7.2-cdk  )
[746/860] CC src/w_800568B4.c (gcc 2.7.2-cdk  )
[747/860] CC src/w_80056948.c (gcc 2.7.2-cdk  )
[748/860] CC src/w_80056C30.c (gcc 2.7.2-cdk  )
[749/860] CC src/w_80056D44.c (gcc 2.7.2-cdk  )
[750/860] CC src/w_80056A08.c (gcc 2.7.2-cdk  )
[751/860] CC src/w_80056DB4.c (gcc 2.7.2-cdk  )
[752/860] CC src/w_80057A50.c (gcc 2.8.1  )
[753/860] CC src/w_80057948.c (gcc 2.7.2-cdk -fno-strength-reduce )
[754/860] CC src/w_80057A94.c (gcc 2.7.2-cdk  )
[755/860] CC src/w_80056E10.c (gcc 2.7.2-cdk -G0 )
[756/860] CC src/w_80058494.c (gcc 2.7.2-cdk  )
[757/860] CC src/w_80057D20.c (gcc 2.7.2-cdk -G0 )
[758/860] CC src/w_80058510.c (gcc 2.7.2-cdk  )
[759/860] CC src/w_800585A0.c (gcc 2.7.2-cdk  )
[760/860] CC src/w_8005863C.c (gcc 2.7.2-cdk  )
[761/860] CC src/w_800586B0.c (gcc 2.7.2-cdk  )
[762/860] CC src/w_80058700.c (gcc 2.7.2-cdk  )
[763/860] CC src/w_800587B4.c (gcc 2.7.2-cdk  )
[764/860] CC src/w_80058800.c (gcc 2.7.2-cdk  )
[765/860] CC src/w_80058850.c (gcc 2.7.2-cdk  )
[766/860] CC src/w_800588C8.c (gcc 2.7.2-cdk  )
[767/860] CC src/w_80058940.c (gcc 2.7.2-cdk  )
[768/860] CC src/w_800589B8.c (gcc 2.7.2-cdk  )
[769/860] CC src/w_80058A04.c (gcc 2.7.2  )
[770/860] CC src/w_80058ABC.c (gcc 2.7.2  )
[771/860] CC src/w_80058B2C.c (gcc 2.7.2  )
[772/860] CC src/w_80058B70.c (gcc 2.7.2-cdk  )
[773/860] CC src/w_800590E0.c (gcc 2.7.2  )
[774/860] CC src/w_80058E6C.c (gcc 2.7.2-cdk -fno-strength-reduce )
[775/860] CC src/w_8005914C.c (gcc 2.7.2-cdk -fno-strength-reduce )
[776/860] CC src/w_8005947C.c (gcc 2.7.2-cdk  )
[777/860] CC src/w_800597A8.c (gcc 2.7.2  )
[778/860] CC src/w_800595C0.c (gcc 2.7.2-cdk  )
[779/860] CC src/w_80059814.c (gcc 2.7.2-cdk  )
[780/860] CC src/w_800599B0.c (gcc 2.7.2-cdk -G0 -fno-strength-reduce )
[781/860] CC src/w_80059D1C.c (gcc 2.8.1  )
[782/860] CC src/w_80059BC4.c (gcc 2.7.2-cdk -fno-strength-reduce )
[783/860] CC src/w_80059D60.c (gcc 2.7.2-cdk  )
[784/860] CC src/w_80059DAC.c (gcc 2.7.2-cdk  )
[785/860] CC src/w_80059E94.c (gcc 2.7.2-cdk -fno-schedule-insns )
[786/860] CC src/w_80059F8C.c (gcc 2.7.2-cdk -G0 )
[787/860] CC src/w_8005A1D0.c (gcc 2.7.2-cdk  )
[788/860] CC src/w_8005A26C.c (gcc 2.7.2-cdk -O1 )
[789/860] CC src/w_8005A2FC.c (gcc 2.7.2-cdk  )
[790/860] CC src/w_8005A33C.c (gcc 2.7.2-cdk  )
[791/860] CC src/w_8005A3F0.c (gcc 2.7.2-cdk  )
[792/860] CC src/w_8005A428.c (gcc 2.7.2-cdk  )
[793/860] CC src/w_8005A4E8.c (gcc 2.7.2  )
[794/860] CC src/w_8005A56C.c (gcc 2.7.2  )
[795/860] CC src/w_8005A5C8.c (gcc 2.7.2  )
[796/860] CC src/w_8005A608.c (gcc 2.7.2-cdk -fno-cse-follow-jumps )
[797/860] CC src/w_8005A778.c (gcc 2.7.2-cdk  )
[798/860] CC src/w_8005AAA8.c (gcc 2.7.2  )
[799/860] CC src/w_8005A90C.c (gcc 2.7.2-cdk -O1 -fschedule-insns2 )
[800/860] CC src/w_8005AB50.c (gcc 2.7.2-cdk  )
[801/860] CC src/w_8005AC30.c (gcc 2.7.2  )
[802/860] CC src/w_8005AC68.c (gcc 2.7.2-cdk  )
[803/860] CC src/w_8005ACDC.c (gcc 2.7.2-cdk  )
[804/860] CC src/w_8005AE08.c (gcc 2.7.2-cdk  )
[805/860] CC src/w_8005AE90.c (gcc 2.7.2-cdk  )
[806/860] CC src/w_8005AF74.c (gcc 2.7.2-cdk  )
[807/860] CC src/w_8005AFF4.c (gcc 2.7.2-cdk  )
[808/860] CC src/w_8005B070.c (gcc 2.7.2-cdk  )
[809/860] CC src/w_8005B27C.c (gcc 2.7.2  )
[810/860] CC src/w_8005B16C.c (gcc 2.7.2-cdk  )
[811/860] CC src/w_8005B2C8.c (gcc 2.7.2  )
[812/860] CC src/w_8005B378.c (gcc 2.7.2-cdk  )
[813/860] CC src/w_8005B418.c (gcc 2.7.2-cdk  )
[814/860] CC src/w_8005B470.c (gcc 2.7.2  )
[815/860] CC src/w_8005B4D0.c (gcc 2.7.2-cdk  )
[816/860] CC src/w_8005BAB0.c (gcc 2.7.2-cdk  )
[817/860] CC src/w_8005C130.c (gcc 2.7.2-cdk  )
[818/860] CC src/w_8005BBFC.c (gcc 2.7.2-cdk  )
[819/860] CC src/w_8005C2C0.c (gcc 2.7.2-cdk  )
[820/860] CC src/w_8005C4D0.c (gcc 2.7.2-cdk  )
[821/860] CC src/w_8005C5D0.c (gcc 2.7.2-cdk  )
[822/860] CC src/w_8005C668.c (gcc 2.7.2-cdk  )
[823/860] CC src/w_8005C6B4.c (gcc 2.7.2-cdk  )
[824/860] CC src/w_8005C710.c (gcc 2.7.2-cdk -G0 -fno-schedule-insns )
[825/860] CC src/w_8005C784.c (gcc 2.7.2-cdk  )
[826/860] CC src/w_8005CA90.c (gcc 2.7.2  )
[827/860] CC src/w_8005CB88.c (gcc 2.7.2  --preserve-immediate-funcaddr-la)
[828/860] CC src/w_8005CC04.c (gcc 2.7.2 -G0 )
[829/860] CC src/w_8005CE98.c (gcc 2.7.2 -G0 )
[830/860] CC src/w_8005D064.c (gcc 2.7.2 -G0 )
[831/860] CC src/w_8005D124.c (gcc 2.7.2 -G0 )
[832/860] CC src/w_8005D1D0.c (gcc 2.7.2 -G0 )
[833/860] CC src/w_8005D460.c (gcc 2.7.2  )
[834/860] CC src/w_8005D4E8.c (gcc 2.7.2  )
[835/860] CC src/w_8005D550.c (gcc 2.7.2  )
[836/860] CC src/w_8005D598.c (gcc 2.7.2  --expand-div)
[837/860] CC src/w_8005D63C.c (gcc 2.7.2  )
[838/860] CC src/w_8005D678.c (gcc 2.7.2  )
[839/860] CC src/w_8005D730.c (gcc 2.7.2  )
[840/860] CC src/w_8005D7BC.c (gcc 2.7.2 -G0 )
[841/860] CC src/w_8005D838.c (gcc 2.7.2  )
[842/860] CC src/w_8005D88C.c (gcc 2.7.2  )
[843/860] CC src/w_8005D95C.c (gcc 2.7.2-cdk  )
[844/860] CC src/w_8005D9DC.c (gcc 2.7.2  )
[845/860] CC src/w_8005DA88.c (gcc 2.7.2 -G0 )
[846/860] CC src/w_8005E450.c (gcc 2.7.2  )
[847/860] CC src/w_8005DF80.c (gcc 2.6.3 -G0 )
[848/860] CC src/w_8005E4C4.c (gcc 2.7.2 -G0 -fno-cse-follow-jumps )
[849/860] CC src/w_8005E7E0.c (gcc 2.7.2  )
[850/860] CC src/w_8005EB78.c (gcc 2.7.2  )
[851/860] CC src/w_8005E97C.c (gcc 2.7.2 -G0 )
[852/860] CC src/w_8005EC40.c (gcc 2.7.2  )
[853/860] CC src/w_8005ECA0.c (gcc 2.7.2  )
[854/860] CC src/w_8005ECF8.c (gcc 2.7.2  )
[855/860] CC src/w_8005EDA0.c (gcc 2.7.2 -G0 )
[856/860] CC src/w_8005F740.c (gcc 2.7.2  )
[857/860] CC src/w_8005F134.c (gcc 2.7.2  )
[858/860] CC src/w_8005F7D0.c (gcc 2.7.2  )
[859/860] CC src/w_8005F90C.c (gcc 2.7.2  )
[860/860] CC src/w_8005FA34.c (gcc 2.7.2  )
