ninja: Entering directory `<repo>/work/native_lane/gp_partition_only_tools/retire_sink/combined_fixture/build_slus'
[1/865] CC src/c8_accessors_owned.c (gcc 2.7.2  )
[2/865] CC src/b1b_b1c_table_owned.c (gcc 2.8.1  )
{"applied": true, "module": "table_counters_b1b_b1c", "post_object_sha256": "be54dc68c58196663e7792f32ffa3c0b6e03f7711b7b711e1ae4ffff2ff0f779", "verified": false}
[3/865] DATA-PIECE-VERIFY build/src/b1b_b1c_table_owned.o
{"applied": true, "module": "table_counters_b1b_b1c", "post_object_sha256": "be54dc68c58196663e7792f32ffa3c0b6e03f7711b7b711e1ae4ffff2ff0f779", "verified": true}
[4/865] CC src/cd_command_state_owned.c (gcc 2.7.2-cdk -G32 )
{"applied": true, "module": "cd_command_state", "post_object_sha256": "84b03e9d27636a7eb2804e666989bdc1dbf0532e37e060fea78ddc3ad25743da", "verified": false}
[5/865] DATA-PIECE-VERIFY build/src/cd_command_state_owned.o
{"applied": true, "module": "cd_command_state", "post_object_sha256": "84b03e9d27636a7eb2804e666989bdc1dbf0532e37e060fea78ddc3ad25743da", "verified": true}
[6/865] CC build/partition_sources/code.c (gcc 2.7.2  )
[7/865] CC src/code10.c (gcc 2.8.1 -G0 )
[8/865] CC src/code11.c (gcc 2.7.2 -G0 )
[9/865] CC src/code12.c (gcc 2.7.2  )
[10/865] CC src/code13.c (gcc 2.8.1  )
[11/865] CC src/code14.c (gcc 2.8.1  )
[12/865] CC src/code15.c (gcc 2.7.2  )
[13/865] CC build/partition_sources/code2.c (gcc 2.8.1  )
[14/865] CC src/code3.c (gcc 2.95.2 -fno-delayed-branch )
[15/865] CC src/code4.c (gcc 2.7.2 -fno-expensive-optimizations )
[16/865] CC src/code5.c (gcc 2.7.2 -G0 -fno-schedule-insns )
[17/865] CC src/code6.c (gcc 2.7.2 -fno-schedule-insns -fno-schedule-insns2 )
[18/865] CC src/code7.c (gcc 2.8.1 -fno-schedule-insns2 )
[19/865] CC src/code9.c (gcc 2.95.2 -fstrict-aliasing )
[20/865] CC src/code8.c (gcc 2.7.2-cdk  )
[21/865] CC src/gp_order_bytes_owner.c (gcc 2.7.2-cdk -fno-strength-reduce )
[22/865] CC src/gp_d92c_owned.c (gcc 2.7.2-cdk  )
[23/865] CC src/gp_shared_8152c.c (gcc 2.7.2  )
[24/865] CC src/gp_shared_81510.c (gcc 2.7.2-cdk  )
[25/865] CC src/gp_shared_slots.c (gcc 2.7.2-cdk  )
[26/865] CC src/gp_split_storage.c (gcc 2.7.2-cdk  )
[27/865] CC src/gp_state_defaults.c (gcc 2.7.2-cdk  )
[28/865] CC src/gte_port_state.c (gcc 2.7.2  )
[29/865] CC src/konami_runtime.c (gcc 2.7.2  )
[30/865] CC src/konami_runtime_directory.c (gcc 2.7.2-cdk  )
[31/865] CC src/konami_runtime_gp_count.c (gcc 2.7.2-cdk  )
[32/865] CC src/konami_runtime_gp_shared_8099c.c (gcc 2.8.1  )
[33/865] CC src/konami_runtime_w_80033AA8.c (gcc 2.7.2-cdk  )
[34/865] CC src/konami_runtime_w_80033AE8.c (gcc 2.7.2-cdk  )
[35/865] CC src/konami_runtime_w_80033B2C.c (gcc 2.7.2-cdk  )
[36/865] CC src/konami_runtime_w_80033B78.c (gcc 2.7.2  )
[37/865] CC src/konami_runtime_w_80033B9C.c (gcc 2.7.2  )
[38/865] CC src/konami_runtime_w_80033BC0.c (gcc 2.7.2  )
[39/865] CC src/konami_runtime_w_80033BE4.c (gcc 2.7.2-cdk  )
[40/865] CC src/konami_runtime_w_80033C1C.c (gcc 2.7.2  )
[41/865] CC src/konami_runtime_w_80033C84.c (gcc 2.7.2  )
[42/865] CC src/konami_runtime_w_80033C8C.c (gcc 2.7.2-cdk -G0 )
[43/865] CC src/konami_runtime_w_80033CD8.c (gcc 2.7.2  )
[44/865] CC src/konami_runtime_w_80033D08.c (gcc 2.7.2  )
[45/865] CC src/konami_runtime_w_80033D38.c (gcc 2.7.2  )
[46/865] CC src/konami_runtime_w_80034E48.c (gcc 2.7.2-cdk -G0 )
[47/865] CC src/konami_runtime_w_800345B8.c (gcc 2.7.2-cdk  )
[48/865] CC src/konami_runtime_w_80034EB4.c (gcc 2.7.2  )
[49/865] CC src/konami_runtime_w_80034EC4.c (gcc 2.8.1  )
[50/865] CC src/konami_runtime_w_80034EF8.c (gcc 2.7.2-cdk  )
[51/865] CC src/konami_runtime_w_80034F58.c (gcc 2.7.2-cdk -G0 )
[52/865] CC src/konami_runtime_w_80034F88.c (gcc 2.7.2  )
[53/865] CC src/konami_runtime_w_80034F9C.c (gcc 2.7.2  )
[54/865] CC src/konami_runtime_w_80034FD0.c (gcc 2.7.2  )
[55/865] CC src/konami_runtime_w_80034FE4.c (gcc 2.7.2 -G0 )
[56/865] CC src/konami_runtime_w_80034FFC.c (gcc 2.7.2-cdk  )
[57/865] CC src/konami_runtime_w_80035060.c (gcc 2.7.2  )
[58/865] CC src/konami_runtime_w_80035068.c (gcc 2.7.2  )
[59/865] CC src/konami_runtime_w_80035090.c (gcc 2.7.2  )
[60/865] CC src/konami_runtime_w_800350B0.c (gcc 2.7.2  )
[61/865] CC src/konami_runtime_w_800350D4.c (gcc 2.7.2-cdk  )
[62/865] CC src/konami_runtime_w_80035164.c (gcc 2.7.2  )
[63/865] CC src/konami_runtime_w_80035208.c (gcc 2.7.2  )
[64/865] CC src/konami_runtime_w_80035234.c (gcc 2.7.2  )
[65/865] CC src/konami_runtime_w_80035260.c (gcc 2.7.2  )
[66/865] CC src/konami_runtime_w_8003528C.c (gcc 2.7.2-cdk -G0 )
[67/865] CC src/konami_runtime_w_800352B4.c (gcc 2.7.2-cdk -G0 )
[68/865] CC src/konami_runtime_w_800352D8.c (gcc 2.7.2-cdk -G0 )
[69/865] CC src/konami_runtime_w_800352FC.c (gcc 2.7.2-cdk -G0 )
[70/865] CC src/konami_runtime_w_80035320.c (gcc 2.7.2-cdk -G0 )
[71/865] CC src/konami_runtime_w_80035348.c (gcc 2.8.1  )
[72/865] CC src/konami_runtime_w_80035378.c (gcc 2.7.2-cdk  )
[73/865] CC src/konami_runtime_w_800353F4.c (gcc 2.7.2-cdk  )
[74/865] CC src/konami_runtime_w_80035484_owned.c (gcc 2.7.2-cdk  )
[75/865] CC src/konami_runtime_w_800355EC.c (gcc 2.7.2  )
[76/865] CC src/konami_runtime_w_80035614.c (gcc 2.7.2-cdk -G0 )
[77/865] CC src/konami_runtime_w_8003566C.c (gcc 2.7.2-cdk -G0 )
[78/865] CC src/konami_runtime_w_8003571C.c (gcc 2.7.2-cdk -G0 )
[79/865] CC src/konami_runtime_w_80035760.c (gcc 2.7.2-cdk -G0 )
[80/865] CC src/konami_runtime_w_800357B0.c (gcc 2.7.2-cdk -G0 )
[81/865] CC src/konami_runtime_w_800357D0.c (gcc 2.7.2 -G0 )
[82/865] CC src/konami_runtime_w_80035820.c (gcc 2.7.2  )
[83/865] CC src/konami_runtime_w_80035888_owned.c (gcc 2.7.2-cdk  )
[84/865] CC src/konami_runtime_w_800359FC.c (gcc 2.7.2  )
[85/865] CC src/konami_runtime_w_80035AAC.c (gcc 2.7.2 -G0 )
[86/865] CC src/konami_runtime_w_80035ABC.c (gcc 2.7.2 -G0 )
[87/865] CC src/konami_runtime_w_80035AF8.c (gcc 2.7.2-cdk  )
[88/865] CC src/konami_runtime_w_80035BE0.c (gcc 2.7.2  )
[89/865] CC src/konami_runtime_w_80035C44.c (gcc 2.7.2 -G0 )
[90/865] CC src/konami_runtime_w_80035C80.c (gcc 2.7.2  )
[91/865] CC src/konami_runtime_w_80035CE4.c (gcc 2.7.2-cdk  )
[92/865] CC src/konami_runtime_w_80035D40.c (gcc 2.7.2-cdk -G0 )
[93/865] CC src/konami_runtime_w_80035D4C.c (gcc 2.7.2-cdk  )
[94/865] CC src/konami_runtime_w_80035DBC.c (gcc 2.7.2-cdk  )
[95/865] CC src/konami_runtime_w_80035E58.c (gcc 2.7.2-cdk  )
[96/865] CC src/konami_runtime_w_8003605C.c (gcc 2.7.2-cdk  )
[97/865] CC src/konami_runtime_w_80036110.c (gcc 2.7.2-cdk -G0 )
[98/865] CC src/konami_runtime_w_80036154.c (gcc 2.7.2-cdk -G0 )
[99/865] CC src/konami_runtime_w_80036210.c (gcc 2.7.2-cdk -G0 )
[100/865] CC src/konami_runtime_w_8003626C.c (gcc 2.7.2 -G0 )
[101/865] CC src/konami_runtime_w_800362A0.c (gcc 2.7.2-cdk -G0 )
[102/865] CC src/konami_runtime_w_800362D0.c (gcc 2.7.2-cdk  )
[103/865] CC src/konami_runtime_w_80036350.c (gcc 2.7.2-cdk  )
[104/865] CC src/konami_runtime_w_80036434.c (gcc 2.7.2-cdk -G0 )
[105/865] CC src/konami_runtime_w_80036484.c (gcc 2.7.2 -G0 )
[106/865] CC src/konami_runtime_w_800364BC.c (gcc 2.7.2-cdk -G0 )
[107/865] CC src/konami_runtime_w_800364EC.c (gcc 2.7.2-cdk  )
[108/865] CC src/konami_runtime_w_80036574.c (gcc 2.7.2-cdk  )
[109/865] CC src/konami_runtime_w_8003661C.c (gcc 2.7.2-cdk -G0 )
[110/865] CC src/konami_runtime_w_8003666C.c (gcc 2.7.2-cdk -fno-schedule-insns )
[111/865] CC src/konami_runtime_w_800366F4.c (gcc 2.7.2-cdk  )
[112/865] CC src/konami_runtime_w_80036880.c (gcc 2.7.2-cdk -G0 )
[113/865] CC src/konami_runtime_w_800368D0.c (gcc 2.7.2  )
[114/865] CC src/konami_runtime_w_80036900.c (gcc 2.7.2-cdk  )
[115/865] CC src/konami_runtime_w_80036988.c (gcc 2.7.2  )
[116/865] CC src/konami_runtime_w_800369C8.c (gcc 2.7.2-cdk  )
[117/865] CC src/konami_runtime_w_80036A70.c (gcc 2.7.2-cdk  )
[118/865] CC src/konami_runtime_w_80036B10.c (gcc 2.7.2-cdk -G0 )
[119/865] CC src/konami_runtime_w_80036C44.c (gcc 2.7.2  )
[120/865] CC src/konami_runtime_w_80036C7C.c (gcc 2.7.2  )
[121/865] CC src/konami_runtime_w_80036D4C.c (gcc 2.7.2-cdk -G0 )
[122/865] CC src/konami_runtime_w_80036ED4.c (gcc 2.7.2  )
[123/865] CC src/konami_runtime_w_80036F24.c (gcc 2.7.2-cdk  )
[124/865] CC src/konami_runtime_w_80037030.c (gcc 2.7.2-cdk  )
[125/865] CC src/konami_runtime_w_80037090.c (gcc 2.7.2-cdk  )
[126/865] CC src/konami_runtime_w_8003719C.c (gcc 2.7.2-cdk -G0 )
[127/865] CC src/konami_runtime_w_80037394.c (gcc 2.7.2-cdk  )
[128/865] CC src/konami_runtime_w_800374F4.c (gcc 2.7.2  )
[129/865] CC src/konami_runtime_w_80037534.c (gcc 2.7.2  )
[130/865] CC src/konami_runtime_w_800375C0.c (gcc 2.7.2 -O2 )
[131/865] CC src/konami_runtime_w_80037714.c (gcc 2.7.2-cdk  )
[132/865] CC src/konami_runtime_w_80037C7C.c (gcc 2.7.2  )
[133/865] CC src/konami_runtime_w_80037D50.c (gcc 2.8.1  )
[134/865] CC src/konami_runtime_w_80037D9C.c (gcc 2.7.2-cdk  )
[135/865] CC src/konami_runtime_w_80037E58.c (gcc 2.7.2-cdk  )
[136/865] CC src/konami_runtime_w_80037F70.c (gcc 2.7.2  )
[137/865] CC src/konami_runtime_w_80038000.c (gcc 2.7.2-cdk -G0 )
[138/865] CC src/konami_runtime_w_8003800C.c (gcc 2.7.2-cdk  )
[139/865] CC src/konami_runtime_w_80038128.c (gcc 2.7.2-cdk  )
[140/865] CC src/konami_runtime_w_800381A4.c (gcc 2.7.2-cdk -G0 )
[141/865] CC src/konami_runtime_w_800381D0.c (gcc 2.7.2-cdk -G0 )
[142/865] CC src/konami_runtime_w_80038240.c (gcc 2.7.2-cdk  )
[143/865] CC src/konami_runtime_w_80038288.c (gcc 2.7.2-cdk -G0 )
[144/865] CC src/konami_runtime_w_800382F0.c (gcc 2.7.2  )
[145/865] CC src/konami_runtime_w_8003832C.c (gcc 2.7.2 -G0 )
[146/865] CC src/konami_runtime_w_80038368.c (gcc 2.7.2-cdk -G0 )
[147/865] CC src/konami_runtime_w_80038394.c (gcc 2.7.2-cdk -G0 )
[148/865] CC src/konami_runtime_w_800383D4.c (gcc 2.8.1  )
[149/865] CC src/konami_runtime_w_80038408.c (gcc 2.7.2-cdk  )
[150/865] CC src/konami_runtime_w_80038464.c (gcc 2.7.2 -G0 )
[151/865] CC src/konami_runtime_w_80038478.c (gcc 2.7.2  )
[152/865] CC src/konami_runtime_w_800384A8.c (gcc 2.7.2-cdk -G0 )
[153/865] CC src/konami_runtime_w_800384F8.c (gcc 2.7.2  )
[154/865] CC src/konami_runtime_w_80038538.c (gcc 2.7.2 -G0 )
[155/865] CC src/konami_runtime_w_80038570.c (gcc 2.7.2 -G0 )
[156/865] CC src/konami_runtime_w_80038588.c (gcc 2.7.2 -G0 )
[157/865] CC src/konami_runtime_w_800385D0.c (gcc 2.7.2 -G0 )
[158/865] CC src/konami_runtime_w_800385E8.c (gcc 2.7.2 -G0 )
[159/865] CC src/konami_runtime_w_80038630.c (gcc 2.7.2 -G0 )
[160/865] CC src/konami_runtime_w_80038648.c (gcc 2.7.2 -G0 )
[161/865] CC src/konami_runtime_w_80038690.c (gcc 2.7.2  )
[162/865] CC src/konami_runtime_w_80038708.c (gcc 2.7.2-cdk -G0 )
[163/865] CC src/konami_runtime_w_8003875C.c (gcc 2.7.2-cdk  )
[164/865] CC src/konami_runtime_w_800387D0.c (gcc 2.7.2-cdk  )
[165/865] CC src/konami_runtime_w_800389B4.c (gcc 2.7.2 -G0 )
[166/865] CC src/konami_runtime_w_80038A10_owned.c (gcc 2.7.2-cdk  )
[167/865] CC src/konami_runtime_w_80038AB8.c (gcc 2.7.2-cdk  )
[168/865] CC src/konami_runtime_w_80038C40.c (gcc 2.7.2-cdk  )
[169/865] CC src/konami_runtime_w_80038CB8.c (gcc 2.7.2  )
[170/865] CC src/konami_runtime_w_80038F48.c (gcc 2.7.2-cdk  )
[171/865] CC src/konami_runtime_w_800390D0.c (gcc 2.7.2-cdk -G0 )
[172/865] CC src/konami_runtime_w_80039148.c (gcc 2.7.2-cdk -G0 )
[173/865] CC src/konami_runtime_w_800391BC.c (gcc 2.7.2-cdk  )
[174/865] CC src/konami_runtime_w_800391EC.c (gcc 2.7.2  )
[175/865] CC src/konami_runtime_w_80039208.c (gcc 2.7.2  )
[176/865] CC src/konami_runtime_w_80039214.c (gcc 2.7.2  )
[177/865] CC src/konami_runtime_w_80039258.c (gcc 2.7.2  )
[178/865] CC src/konami_runtime_w_800392A4.c (gcc 2.7.2-cdk  )
[179/865] CC src/konami_runtime_w_8003931C.c (gcc 2.7.2-cdk  )
[180/865] CC src/konami_runtime_w_80039470.c (gcc 2.7.2-cdk  )
[181/865] CC src/konami_runtime_w_80039568.c (gcc 2.7.2 -G0 )
[182/865] CC src/konami_runtime_w_80039578.c (gcc 2.7.2-cdk  )
[183/865] CC src/konami_runtime_w_800395B0.c (gcc 2.7.2-cdk  )
[184/865] CC src/konami_runtime_w_800395F0.c (gcc 2.7.2  )
[185/865] CC src/konami_runtime_w_80039640.c (gcc 2.7.2  )
[186/865] CC src/konami_runtime_w_8003965C.c (gcc 2.7.2  )
[187/865] CC src/konami_runtime_w_80039694.c (gcc 2.7.2  )
[188/865] CC src/konami_runtime_w_80039730.c (gcc 2.7.2  )
[189/865] CC src/konami_runtime_w_80039760.c (gcc 2.7.2  )
[190/865] CC src/konami_runtime_w_800397A8.c (gcc 2.7.2  )
[191/865] CC src/konami_runtime_w_80039814.c (gcc 2.7.2  )
[192/865] CC src/konami_runtime_w_80039884.c (gcc 2.7.2-cdk  )
[193/865] CC src/konami_runtime_w_800398BC.c (gcc 2.7.2-cdk  )
[194/865] CC src/konami_runtime_w_800399EC.c (gcc 2.7.2  )
[195/865] CC src/konami_runtime_w_80039A08.c (gcc 2.7.2-cdk -G0 )
[196/865] CC src/konami_runtime_w_80039A88.c (gcc 2.7.2  )
[197/865] CC src/konami_runtime_w_80039AF0.c (gcc 2.8.1  )
[198/865] CC src/konami_runtime_w_80039ACC.c (gcc 2.7.2-cdk -G0 )
[199/865] CC src/konami_runtime_w_80039B28.c (gcc 2.7.2  )
[200/865] CC src/konami_runtime_w_80039B84.c (gcc 2.7.2 -G0 )
[201/865] CC src/konami_runtime_w_80039B94.c (gcc 2.7.2  )
[202/865] CC src/konami_runtime_w_80039BBC.c (gcc 2.7.2  )
[203/865] CC src/konami_runtime_w_80039BE4.c (gcc 2.7.2-cdk  )
[204/865] CC src/konami_runtime_w_80039C0C.c (gcc 2.7.2  )
[205/865] CC src/konami_runtime_w_80039C44.c (gcc 2.7.2  )
[206/865] CC src/konami_runtime_w_80039C74.c (gcc 2.7.2  )
[207/865] CC src/konami_runtime_w_80039D48.c (gcc 2.7.2-cdk  )
[208/865] CC src/konami_runtime_w_80039D10.c (gcc 2.7.2  )
[209/865] CC src/konami_runtime_w_80039DBC.c (gcc 2.7.2  )
[210/865] CC src/konami_runtime_w_80039E1C.c (gcc 2.7.2  )
[211/865] CC src/konami_runtime_w_80039ED8.c (gcc 2.7.2  )
[212/865] CC src/konami_runtime_w_80039ED0.c (gcc 2.7.2  )
[213/865] CC src/konami_runtime_w_80039EF4.c (gcc 2.7.2  )
[214/865] CC src/konami_runtime_w_80039F28.c (gcc 2.7.2  )
[215/865] CC src/konami_runtime_w_80039F4C.c (gcc 2.7.2  )
[216/865] CC src/konami_runtime_w_80039F80.c (gcc 2.7.2  )
[217/865] CC src/konami_runtime_w_80039FC0.c (gcc 2.7.2  )
[218/865] CC src/konami_runtime_w_8003A01C.c (gcc 2.7.2  )
[219/865] CC src/konami_runtime_w_8003A060.c (gcc 2.7.2-cdk  )
[220/865] CC src/konami_runtime_w_8003A10C.c (gcc 2.7.2-cdk  )
[221/865] CC src/konami_runtime_w_8003A1A4.c (gcc 2.7.2-cdk -fno-expensive-optimizations )
[222/865] CC src/konami_runtime_w_8003A248.c (gcc 2.7.2-cdk  )
[223/865] CC src/konami_runtime_w_8003A288.c (gcc 2.7.2  )
[224/865] CC src/konami_runtime_w_8003A29C.c (gcc 2.7.2  )
[225/865] CC src/konami_runtime_w_8003A2E0.c (gcc 2.7.2-cdk  )
[226/865] CC src/konami_runtime_w_8003A374.c (gcc 2.7.2-cdk  )
[227/865] CC src/konami_runtime_w_8003A3E8.c (gcc 2.7.2-cdk  )
[228/865] CC src/konami_runtime_w_8003A468.c (gcc 2.7.2  )
[229/865] CC src/konami_runtime_w_8003A4B4.c (gcc 2.7.2  )
[230/865] CC src/konami_runtime_w_8003A500.c (gcc 2.7.2  )
[231/865] CC src/konami_runtime_w_8003A54C.c (gcc 2.7.2  )
[232/865] CC src/konami_runtime_w_8003A5B4.c (gcc 2.7.2 -O2 )
[233/865] CC src/konami_runtime_w_8003A61C.c (gcc 2.7.2  )
[234/865] CC src/konami_runtime_w_8003A684.c (gcc 2.7.2 -O2 )
[235/865] CC src/konami_runtime_w_8003A6EC.c (gcc 2.7.2  )
[236/865] CC src/konami_runtime_w_8003A754.c (gcc 2.7.2  )
[237/865] CC src/konami_runtime_w_8003A7BC.c (gcc 2.7.2  )
[238/865] CC src/konami_runtime_w_8003A7FC.c (gcc 2.7.2  )
[239/865] CC src/konami_runtime_w_8003A904.c (gcc 2.7.2-cdk  )
[240/865] CC src/konami_runtime_w_8003A858.c (gcc 2.7.2-cdk  )
[241/865] CC src/konami_runtime_w_8003A9E4.c (gcc 2.7.2  )
[242/865] CC src/konami_runtime_w_8003A9B8.c (gcc 2.7.2  )
[243/865] CC src/konami_runtime_w_8003AA84.c (gcc 2.7.2  )
[244/865] CC src/konami_runtime_w_8003AA34.c (gcc 2.7.2  )
[245/865] CC src/konami_runtime_w_8003AAC4.c (gcc 2.7.2 -G0 )
[246/865] CC src/konami_runtime_w_8003AAD4.c (gcc 2.7.2 -G0 )
[247/865] CC src/konami_runtime_w_8003AAE4.c (gcc 2.7.2-cdk  )
[248/865] CC src/konami_runtime_w_8003AAF8.c (gcc 2.8.1  )
[249/865] CC src/konami_runtime_w_8003AB14.c (gcc 2.7.2  )
[250/865] CC src/konami_runtime_w_8003AB44.c (gcc 2.7.2  )
[251/865] CC src/konami_runtime_w_8003AC1C.c (gcc 2.7.2  )
[252/865] CC src/konami_runtime_w_8003ACC0.c (gcc 2.7.2  )
[253/865] CC src/konami_runtime_w_8003AD08.c (gcc 2.7.2  )
[254/865] CC src/konami_runtime_w_8003ADB4.c (gcc 2.7.2-cdk  )
[255/865] CC src/konami_runtime_w_8003AE28.c (gcc 2.7.2  )
[256/865] CC src/konami_runtime_w_8003ADF4.c (gcc 2.7.2  )
[257/865] CC src/konami_runtime_w_8003AE60.c (gcc 2.7.2  )
[258/865] CC src/konami_runtime_w_8003AEA8.c (gcc 2.7.2  )
[259/865] CC src/konami_runtime_w_8003AEC8.c (gcc 2.7.2  )
[260/865] CC src/konami_runtime_w_8003AEF8.c (gcc 2.7.2  )
[261/865] CC src/konami_runtime_w_8003AF8C.c (gcc 2.7.2  )
[262/865] CC src/konami_runtime_w_8003AF58.c (gcc 2.7.2  )
[263/865] CC src/konami_runtime_w_8003AFE0.c (gcc 2.7.2  )
[264/865] CC src/konami_runtime_w_8003AF94.c (gcc 2.7.2  )
[265/865] CC src/konami_runtime_w_8003B06C.c (gcc 2.7.2  )
[266/865] CC src/konami_runtime_w_8003B034.c (gcc 2.7.2 -G0 )
[267/865] CC src/konami_runtime_w_8003B188.c (gcc 2.7.2-cdk -G0 )
[268/865] CC src/konami_runtime_w_8003B0B4.c (gcc 2.7.2  )
[269/865] CC src/konami_runtime_w_8003B1B4.c (gcc 2.7.2  )
[270/865] CC src/konami_runtime_w_8003B1E4.c (gcc 2.7.2-cdk -G0 )
[271/865] CC src/konami_runtime_w_8003B210.c (gcc 2.7.2  )
[272/865] CC src/konami_runtime_w_8003B238.c (gcc 2.7.2-cdk -G0 )
[273/865] CC src/konami_runtime_w_8003B264.c (gcc 2.7.2  )
[274/865] CC src/konami_runtime_w_8003B298.c (gcc 2.7.2-cdk -G0 )
[275/865] CC src/konami_runtime_w_8003B2C4.c (gcc 2.7.2  )
[276/865] CC src/konami_runtime_w_8003B2F8.c (gcc 2.7.2-cdk -G0 )
[277/865] CC src/konami_runtime_w_8003B324.c (gcc 2.7.2-cdk  )
[278/865] CC src/konami_runtime_w_8003B35C.c (gcc 2.7.2-cdk  )
[279/865] CC src/konami_runtime_w_8003B400.c (gcc 2.7.2-cdk -G0 )
[280/865] CC src/konami_runtime_w_8003B42C.c (gcc 2.7.2  )
[281/865] CC src/konami_runtime_w_8003B470.c (gcc 2.7.2-cdk  )
[282/865] CC src/konami_runtime_w_8003B64C.c (gcc 2.7.2-cdk  )
[283/865] CC src/konami_runtime_w_8003B714.c (gcc 2.7.2-cdk  )
[284/865] CC src/konami_runtime_w_8003B7C8.c (gcc 2.7.2  )
[285/865] CC src/konami_runtime_w_8003B820.c (gcc 2.7.2-cdk  )
[286/865] CC src/konami_runtime_w_8003B8DC.c (gcc 2.7.2 -G0 )
[287/865] CC src/konami_runtime_w_8003B92C.c (gcc 2.7.2-cdk  )
[288/865] CC src/konami_runtime_w_8003B988.c (gcc 2.7.2  )
[289/865] CC src/konami_runtime_w_8003B9B8.c (gcc 2.7.2  )
[290/865] CC src/konami_runtime_w_8003B9E8.c (gcc 2.7.2-cdk  )
[291/865] CC src/konami_runtime_w_8003BA24.c (gcc 2.7.2-cdk  )
[292/865] CC src/konami_runtime_w_8003BA60.c (gcc 2.7.2-cdk  )
[293/865] CC src/konami_runtime_w_8003BA9C.c (gcc 2.7.2-cdk  )
[294/865] CC src/konami_runtime_w_8003BAD8.c (gcc 2.7.2  )
[295/865] CC src/konami_runtime_w_8003BD34.c (gcc 2.7.2-cdk -O1 )
[296/865] CC src/konami_runtime_w_8003BAF8.c (gcc 2.7.2-cdk  )
[297/865] CC src/konami_runtime_w_8003BD84.c (gcc 2.7.2  )
[298/865] CC src/konami_runtime_w_8003BE1C.c (gcc 2.7.2  )
[299/865] CC src/konami_runtime_w_8003BFE4.c (gcc 2.7.2-cdk  )
[300/865] CC src/konami_runtime_w_8003C06C.c (gcc 2.7.2-cdk  )
[301/865] CC src/konami_runtime_w_8003C0A4.c (gcc 2.7.2  )
[302/865] CC src/konami_runtime_w_8003C0C0.c (gcc 2.7.2  )
[303/865] CC src/konami_runtime_w_8003C0C8.c (gcc 2.7.2-cdk  )
[304/865] CC src/konami_runtime_w_8003C128.c (gcc 2.7.2-cdk -G0 )
[305/865] CC src/konami_runtime_w_8003C24C.c (gcc 2.7.2-cdk  )
[306/865] CC src/konami_runtime_w_8003C160.c (gcc 2.7.2-cdk  )
[307/865] CC src/konami_runtime_w_8003C2B8.c (gcc 2.7.2-cdk -G0 )
[308/865] CC src/konami_runtime_w_8003C2F8.c (gcc 2.7.2-cdk  )
[309/865] CC src/konami_runtime_w_8003C364.c (gcc 2.7.2-cdk  )
[310/865] CC src/konami_runtime_w_8003C3B4.c (gcc 2.7.2-cdk  )
[311/865] CC src/konami_runtime_w_8003C450.c (gcc 2.7.2 -O2 )
[312/865] CC src/konami_runtime_w_8003C488.c (gcc 2.7.2  )
[313/865] CC src/konami_runtime_w_8003C520.c (gcc 2.7.2 -G0 )
[314/865] CC src/konami_runtime_w_8003C4C8.c (gcc 2.7.2-cdk  )
[315/865] CC src/konami_runtime_w_8003C5A4.c (gcc 2.7.2-cdk  )
[316/865] CC src/konami_runtime_w_8003C5F0.c (gcc 2.7.2-cdk  )
[317/865] CC src/konami_runtime_w_8003C67C.c (gcc 2.7.2-cdk -fno-strength-reduce )
[318/865] CC src/konami_runtime_w_8003C7D8.c (gcc 2.7.2-cdk  )
[319/865] CC src/konami_runtime_w_8003C890.c (gcc 2.7.2  )
[320/865] CC src/konami_runtime_w_8003C8E4.c (gcc 2.7.2  )
[321/865] CC src/slot_transition.c (gcc 2.7.2-cdk -G16 )
[322/865] CC src/slot_transition_secondary.c (gcc 2.7.2-cdk -G16 )
[323/865] CC src/w_8003CAC4.c (gcc 2.8.1  )
[324/865] CC src/sort_rank_81540_owned.c (gcc 2.7.2-cdk  )
[325/865] CC src/w_8003D468.c (gcc 2.7.2-cdk -G0 )
[326/865] CC src/w_8003D0F0.c (gcc 2.7.2-cdk  )
[327/865] CC src/w_8003D5A4.c (gcc 2.7.2-cdk -G0 )
[328/865] CC src/w_8003D760.c (gcc 2.7.2-cdk -G16 )
[329/865] CC src/w_8003D8B0.c (gcc 2.7.2-cdk -G12 )
[330/865] CC src/w_8003D7DC.c (gcc 2.7.2-cdk -fno-expensive-optimizations )
[331/865] CC src/w_8003DE58.c (gcc 2.7.2  )
[332/865] CC src/w_8003DBD0.c (gcc 2.7.2-cdk  )
[333/865] CC src/w_8003DF0C.c (gcc 2.7.2-cdk  )
[334/865] CC src/w_8003DF74.c (gcc 2.7.2-cdk  )
[335/865] CC src/w_8003E02C.c (gcc 2.7.2-cdk  )
[336/865] CC src/w_8003E0C4.c (gcc 2.7.2  )
[337/865] CC src/w_8003E14C.c (gcc 2.7.2-cdk -G0 )
[338/865] CC src/w_8003E188.c (gcc 2.95.2 -G0 -fno-schedule-insns )
[339/865] CC src/w_8003E1FC.c (gcc 2.7.2-cdk  )
[340/865] CC src/w_8003E240.c (gcc 2.91.66 -G0 )
[341/865] CC src/w_8003E2D8.c (gcc 2.7.2-cdk  )
[342/865] CC src/w_8003E39C.c (gcc 2.7.2-cdk -mmips-as -G0 )
[343/865] CC src/w_8003E70C.c (gcc 2.7.2-cdk  )
[344/865] CC src/w_8003F270.c (gcc 2.6.3 -O1 )
[345/865] CC src/w_8003F320.c (gcc 2.7.2  )
[346/865] CC src/w_8003F55C.c (gcc 2.7.2  )
[347/865] CC src/w_8003F688.c (gcc 2.7.2-cdk  )
[348/865] CC src/w_8003F6F4.c (gcc 2.6.3  )
[349/865] CC src/w_8003F794.c (gcc 2.7.2-cdk  )
[350/865] CC src/w_8003F80C.c (gcc 2.7.2-cdk  )
[351/865] CC src/w_8003F8F8.c (gcc 2.7.2 -G0 )
[352/865] CC src/w_8003F9E0.c (gcc 2.7.2 -G0 -fno-schedule-insns )
[353/865] CC src/w_8003FA44.c (gcc 2.7.2  )
[354/865] CC src/w_8003FAD4.c (gcc 2.7.2-cdk  )
[355/865] CC src/w_8003FB98.c (gcc 2.7.2  )
[356/865] CC src/w_8003FC64.c (gcc 2.7.2  )
[357/865] CC src/w_8003FD64.c (gcc 2.7.2  )
[358/865] CC src/w_8003FE78.c (gcc 2.7.2  )
[359/865] CC src/w_8003FF2C.c (gcc 2.7.2  )
[360/865] CC src/w_8003FFF0.c (gcc 2.7.2  )
[361/865] CC src/w_80040060.c (gcc 2.7.2  )
[362/865] CC src/w_800400B8.c (gcc 2.7.2-cdk -fno-cse-skip-blocks )
[363/865] CC src/w_80040190.c (gcc 2.7.2  )
[364/865] CC src/w_800401FC.c (gcc 2.7.2  )
[365/865] CC src/w_8004027C.c (gcc 2.7.2  )
[366/865] CC src/w_800402F4.c (gcc 2.7.2-cdk -G0 )
[367/865] CC src/w_800403BC.c (gcc 2.7.2 -G0 )
[368/865] CC src/w_80040454.c (gcc 2.7.2  )
[369/865] CC src/w_80040490.c (gcc 2.7.2  )
[370/865] CC src/w_800404F8.c (gcc 2.7.2  )
[371/865] CC src/w_80040574.c (gcc 2.7.2 -G0 )
[372/865] CC src/w_800405E8.c (gcc 2.7.2  )
[373/865] CC src/w_8004068C.c (gcc 2.7.2  )
[374/865] CC src/w_800407C0.c (gcc 2.7.2-cdk  )
[375/865] CC src/w_80040AA0.c (gcc 2.7.2-cdk  )
[376/865] CC src/w_80040BB4.c (gcc 2.7.2-cdk  )
[377/865] CC src/w_80040C08.c (gcc 2.7.2-cdk -fno-schedule-insns -G16 )
[378/865] CC src/w_80040CBC.c (gcc 2.7.2-cdk -G16 )
[379/865] CC src/w_80040F2C.c (gcc 2.7.2-cdk  )
[380/865] CC src/w_80040FDC.c (gcc 2.7.2-cdk  )
[381/865] CC src/w_80041038.c (gcc 2.7.2-cdk  )
[382/865] CC src/w_80041094.c (gcc 2.7.2-cdk  )
[383/865] CC src/w_80041134_owned.c (gcc 2.8.1  )
[384/865] CC src/w_800411AC.c (gcc 2.7.2-cdk  )
[385/865] CC src/w_800411FC.c (gcc 2.7.2-cdk  )
[386/865] CC src/w_80041284.c (gcc 2.7.2  )
[387/865] CC src/w_80041344.c (gcc 2.7.2-cdk  )
[388/865] CC src/w_80041588.c (gcc 2.7.2-cdk  )
[389/865] CC src/w_80041818.c (gcc 2.7.2-cdk  )
[390/865] CC src/w_800418B4.c (gcc 2.6.3 -G0 )
[391/865] CC src/w_80041900.c (gcc 2.8.1 -G0 )
[392/865] CC src/w_80041A10.c (gcc 2.7.2-cdk -G12 )
[393/865] CC src/w_80041AB0.c (gcc 2.7.2-cdk  )
[394/865] CC src/w_80041CBC.c (gcc 2.7.2-cdk -G0 )
[395/865] CC src/w_80041E28.c (gcc 2.7.2  )
[396/865] CC src/w_80041E70.c (gcc 2.7.2  )
[397/865] CC src/w_800422DC.c (gcc 2.7.2  )
[398/865] CC src/w_800423C0.c (gcc 2.7.2-cdk  )
[399/865] CC src/w_80042518.c (gcc 2.7.2  )
[400/865] CC src/w_80042560.c (gcc 2.7.2-cdk  )
[401/865] CC src/w_80042640.c (gcc 2.7.2-cdk  )
[402/865] CC src/w_80042900.c (gcc 2.7.2  )
[403/865] CC src/w_80042710.c (gcc 2.7.2  )
[404/865] CC src/w_80042984.c (gcc 2.7.2  )
[405/865] CC src/w_800429E4.c (gcc 2.7.2-cdk  )
[406/865] CC src/w_80042A80.c (gcc 2.7.2-cdk  )
[407/865] CC src/w_80042B68.c (gcc 2.7.2  )
[408/865] CC src/w_80043458.c (gcc 2.8.1  )
[409/865] CC src/w_80042BDC.c (gcc 2.7.2-cdk -G16 )
[410/865] CC src/w_800434E4.c (gcc 2.7.2-cdk -G0 )
[411/865] CC src/w_80043568.c (gcc 2.8.1  )
[412/865] CC src/w_80043674.c (gcc 2.7.2-cdk  )
[413/865] CC src/w_80043704.c (gcc 2.7.2  )
[414/865] CC src/w_800437A4.c (gcc 2.7.2  )
[415/865] CC src/w_80043868.c (gcc 2.7.2  )
[416/865] CC src/w_80043914.c (gcc 2.7.2-cdk -G16 )
[417/865] CC src/w_8004397C.c (gcc 2.7.2  )
[418/865] CC src/w_800439BC.c (gcc 2.8.1  )
[419/865] CC src/w_800439F8.c (gcc 2.7.2-cdk -G16 )
[420/865] CC src/w_80043A68.c (gcc 2.7.2-cdk  )
[421/865] CC src/w_80043B4C.c (gcc 2.7.2-cdk  )
[422/865] CC src/w_80043C30.c (gcc 2.7.2-cdk -G12 )
[423/865] CC src/w_80043CD0.c (gcc 2.7.2-cdk  )
[424/865] CC src/w_80043EB8.c (gcc 2.7.2-cdk  )
{standard input}: Assembler messages:
{standard input}:48: Warning: used $at without ".set noat"
{standard input}:49: Warning: used $at without ".set noat"
[425/865] CC src/w_80043FD0.c (gcc 2.7.2-cdk -G0 )
[426/865] CC src/w_80044144.c (gcc 2.7.2-cdk -G16 )
[427/865] CC src/w_8004425C.c (gcc 2.7.2  )
[428/865] CC src/w_8004437C_pair.c (gcc 2.7.2-cdk  )
[429/865] CC src/w_80044618_owned.c (gcc 2.7.2  )
[430/865] CC src/w_80044698_owned.c (gcc 2.7.2  )
[431/865] CC src/w_80044724.c (gcc 2.7.2-cdk  )
[432/865] CC src/w_800448BC_owned.c (gcc 2.7.2  )
[433/865] CC src/w_8004491C.c (gcc 2.7.2-cdk  )
[434/865] CC src/w_80044A50.c (gcc 2.8.1  )
[435/865] CC src/w_80044AAC.c (gcc 2.7.2-cdk  )
[436/865] CC src/w_80044B48.c (gcc 2.7.2-cdk  )
[437/865] CC src/w_80044BB0.c (gcc 2.7.2  )
[438/865] CC src/w_80044C54.c (gcc 2.7.2-cdk  )
[439/865] CC src/w_80045C34.c (gcc 2.7.2-cdk  )
[440/865] CC src/w_80044D24.c (gcc 2.7.2-cdk -O2 )
[441/865] CC src/w_80045CC4.c (gcc 2.7.2-cdk  )
[442/865] CC src/w_800463EC.c (gcc 2.7.2-cdk -O2 )
[443/865] CC src/w_80046884.c (gcc 2.7.2-cdk  )
[444/865] CC src/w_80046A5C.c (gcc 2.7.2  )
[445/865] CC src/w_80046AFC.c (gcc 2.7.2  )
[446/865] CC src/w_80046C20.c (gcc 2.7.2  )
[447/865] CC src/w_80046D64.c (gcc 2.7.2-cdk  )
[448/865] CC src/w_80046E38.c (gcc 2.6.3 -G0 )
[449/865] CC src/w_80046F88.c (gcc 2.7.2  )
[450/865] CC src/w_80047054.c (gcc 2.8.1  )
[451/865] CC src/w_8004713C_owned.c (gcc 2.7.2  )
[452/865] CC src/w_80047200.c (gcc 2.7.2  )
[453/865] CC src/w_80047270.c (gcc 2.7.2 -G0 )
[454/865] CC src/w_80047338_owned.c (gcc 2.7.2-cdk  )
[455/865] CC src/w_80047468_owned.c (gcc 2.7.2-cdk  )
[456/865] CC src/w_800475A4.c (gcc 2.7.2  )
[457/865] CC src/w_8004761C.c (gcc 2.7.2  )
[458/865] CC src/w_80047694.c (gcc 2.7.2-cdk  )
[459/865] CC src/w_80047738.c (gcc 2.7.2  )
[460/865] CC src/w_80047784.c (gcc 2.7.2  )
[461/865] CC src/w_800477F4.c (gcc 2.7.2  )
[462/865] CC src/w_800478E8.c (gcc 2.7.2  )
[463/865] CC src/w_800479D4.c (gcc 2.7.2  )
[464/865] CC src/w_80047A68.c (gcc 2.7.2  )
[465/865] CC src/w_80047AB0.c (gcc 2.7.2  )
[466/865] CC src/w_80047B80.c (gcc 2.8.1  )
[467/865] CC src/w_80047BC0.c (gcc 2.8.1  )
[468/865] CC src/w_80047C00.c (gcc 2.7.2-cdk  )
[469/865] CC src/w_80047C8C.c (gcc 2.7.2  )
[470/865] CC src/w_80047CD8.c (gcc 2.7.2  )
[471/865] CC src/w_80047E78_owned.c (gcc 2.7.2  )
[472/865] CC src/w_80047EEC.c (gcc 2.7.2-cdk  )
[473/865] CC src/w_80047F90.c (gcc 2.7.2  )
[474/865] CC src/w_80047FF4.c (gcc 2.7.2  )
[475/865] CC src/w_80048088.c (gcc 2.7.2  )
[476/865] CC src/w_80048118.c (gcc 2.7.2  )
[477/865] CC src/w_80048190.c (gcc 2.7.2-cdk  )
[478/865] CC src/w_800481E0.c (gcc 2.8.1  )
[479/865] CC src/w_80048224.c (gcc 2.7.2  )
[480/865] CC src/w_800482C8.c (gcc 2.7.2-cdk  )
[481/865] CC src/w_800483AC.c (gcc 2.7.2  )
[482/865] CC src/w_8004846C.c (gcc 2.7.2  )
[483/865] CC src/w_80048500.c (gcc 2.7.2-cdk  )
[484/865] CC src/w_800485E0.c (gcc 2.7.2  )
[485/865] CC src/w_80048734.c (gcc 2.7.2  )
[486/865] CC src/w_8004878C.c (gcc 2.7.2 -G0 )
[487/865] CC src/w_80048870.c (gcc 2.7.2  )
[488/865] CC src/w_800488F0.c (gcc 2.7.2  )
[489/865] CC src/w_80048998.c (gcc 2.7.2-cdk  )
[490/865] CC src/w_800489F4.c (gcc 2.7.2  )
[491/865] CC src/w_80048A44.c (gcc 2.7.2  )
[492/865] CC src/w_80048AC8.c (gcc 2.7.2  )
[493/865] CC src/w_80048B28.c (gcc 2.7.2-cdk  )
[494/865] CC src/w_80048B8C.c (gcc 2.7.2  )
[495/865] CC src/w_80048C3C.c (gcc 2.7.2  )
[496/865] CC src/w_80048D60.c (gcc 2.7.2  )
[497/865] CC src/w_80048E00.c (gcc 2.7.2  )
[498/865] CC src/w_80048EE4.c (gcc 2.7.2-cdk  )
[499/865] CC src/w_80048FBC.c (gcc 2.7.2  )
[500/865] CC src/w_80049004.c (gcc 2.7.2-cdk  )
[501/865] CC src/w_80049150.c (gcc 2.7.2  )
[502/865] CC src/w_800491F4.c (gcc 2.7.2  )
[503/865] CC src/w_800492B0.c (gcc 2.7.2-cdk  )
[504/865] CC src/w_80049330.c (gcc 2.7.2  )
[505/865] CC src/w_80049374.c (gcc 2.7.2-cdk  )
[506/865] CC src/w_800494B4.c (gcc 2.7.2-cdk  )
[507/865] CC src/w_8004951C.c (gcc 2.7.2-cdk  )
[508/865] CC src/w_80049790.c (gcc 2.7.2  )
[509/865] CC src/w_800497F4.c (gcc 2.7.2  )
[510/865] CC src/w_800498A0.c (gcc 2.7.2-cdk -G0 )
[511/865] CC src/w_800499E8.c (gcc 2.7.2-cdk  )
[512/865] CC src/w_80049CF4.c (gcc 2.7.2  )
[513/865] CC src/w_80049D80.c (gcc 2.7.2  )
[514/865] CC src/w_80049E1C.c (gcc 2.7.2  )
[515/865] CC src/w_80049E88.c (gcc 2.7.2-cdk  )
[516/865] CC src/w_80049F2C.c (gcc 2.7.2  )
[517/865] CC src/w_8004A030.c (gcc 2.7.2-cdk -fno-schedule-insns )
[518/865] CC src/w_8004A0C0.c (gcc 2.7.2-cdk  )
[519/865] CC src/w_8004A10C.c (gcc 2.7.2  )
[520/865] CC src/w_8004A170.c (gcc 2.7.2-cdk  )
[521/865] CC src/w_8004A24C.c (gcc 2.7.2  )
[522/865] CC src/w_8004A330.c (gcc 2.7.2-cdk  )
[523/865] CC src/w_8004A464.c (gcc 2.7.2-cdk  )
[524/865] CC src/w_8004A4E4.c (gcc 2.7.2  )
[525/865] CC src/w_8004A534.c (gcc 2.7.2-cdk  )
[526/865] CC src/w_8004A574.c (gcc 2.7.2-cdk  )
[527/865] CC src/w_8004A658.c (gcc 2.7.2-cdk  )
[528/865] CC src/w_8004A6C0.c (gcc 2.7.2  )
[529/865] CC src/w_8004A700.c (gcc 2.7.2-cdk  )
[530/865] CC src/w_8004A784.c (gcc 2.7.2  )
[531/865] CC src/w_8004A7D8.c (gcc 2.7.2-cdk  )
[532/865] CC src/w_8004A83C.c (gcc 2.7.2  )
[533/865] CC src/w_8004A940.c (gcc 2.7.2-cdk  )
[534/865] CC src/w_8004A9B0.c (gcc 2.7.2-cdk  )
[535/865] CC src/w_8004AA78.c (gcc 2.7.2-cdk  )
[536/865] CC src/w_8004AB7C.c (gcc 2.7.2-cdk  )
[537/865] CC src/w_8004AC3C.c (gcc 2.7.2-cdk  )
[538/865] CC src/w_8004AE68.c (gcc 2.8.1  )
[539/865] CC src/w_8004AEC4.c (gcc 2.7.2 -fno-schedule-insns )
[540/865] CC src/w_8004AFE8.c (gcc 2.7.2  )
[541/865] CC src/w_8004B1DC.c (gcc 2.7.2-cdk  )
[542/865] CC src/w_8004B028.c (gcc 2.7.2  )
[543/865] CC src/w_8004B298.c (gcc 2.7.2 -G0 -fno-schedule-insns )
[544/865] CC src/w_8004B248.c (gcc 2.7.2  )
[545/865] CC src/w_8004B324.c (gcc 2.7.2  )
[546/865] CC src/w_8004B2E0.c (gcc 2.7.2 -G0 -fno-schedule-insns )
[547/865] CC src/w_8004B42C.c (gcc 2.7.2-cdk -G0 -fno-schedule-insns )
[548/865] CC src/w_8004B364.c (gcc 2.7.2  )
[549/865] CC src/w_8004B660.c (gcc 2.7.2  )
[550/865] CC src/w_8004B568.c (gcc 2.7.2  )
[551/865] CC src/w_8004B6BC.c (gcc 2.7.2  )
[552/865] CC src/w_8004B718.c (gcc 2.7.2  )
[553/865] CC src/w_8004B7D0.c (gcc 2.7.2-cdk -G0 )
[554/865] CC src/w_8004B774.c (gcc 2.7.2  )
[555/865] CC src/w_8004B854.c (gcc 2.7.2-cdk  )
[556/865] CC src/w_8004B8DC.c (gcc 2.7.2  )
[557/865] CC src/w_8004BDDC.c (gcc 2.7.2  )
[558/865] CC src/w_8004B954.c (gcc 2.7.2-cdk  )
[559/865] CC src/w_8004C010.c (gcc 2.7.2  )
[560/865] CC src/w_8004C080.c (gcc 2.7.2-cdk -G0 )
[561/865] CC src/w_8004CAA0.c (gcc 2.7.2 -fno-schedule-insns2 )
[562/865] CC src/w_8004C36C.c (gcc 2.7.2-cdk  )
[563/865] CC src/w_8004CAE8.c (gcc 2.7.2  )
[564/865] CC src/w_8004CB2C.c (gcc 2.7.2-cdk  )
[565/865] CC src/w_8004CC38.c (gcc 2.8.1  )
[566/865] CC src/w_8004CCBC.c (gcc 2.8.1  )
[567/865] CC src/w_8004CD28.c (gcc 2.7.2  )
[568/865] CC src/w_8004CE68.c (gcc 2.7.2  )
[569/865] CC src/w_8004CECC.c (gcc 2.7.2-cdk  )
[570/865] CC src/w_8004D12C.c (gcc 2.7.2  )
[571/865] CC src/w_8004D1EC.c (gcc 2.7.2-cdk  )
[572/865] CC src/w_8004D294.c (gcc 2.7.2-cdk  )
[573/865] CC src/w_8004D45C.c (gcc 2.7.2  )
[574/865] CC src/w_8004D4AC.c (gcc 2.7.2-cdk  )
[575/865] CC src/w_8004D5D0.c (gcc 2.7.2-cdk  )
[576/865] CC src/w_8004D690.c (gcc 2.7.2  )
[577/865] CC src/w_8004D70C.c (gcc 2.7.2  )
[578/865] CC src/w_8004D75C.c (gcc 2.7.2-cdk  )
[579/865] CC src/w_8004D7A8.c (gcc 2.7.2-cdk  )
[580/865] CC src/w_8004D7E8.c (gcc 2.7.2-cdk  )
[581/865] CC src/w_8004D828.c (gcc 2.95.2 -fno-schedule-insns2 )
[582/865] CC src/w_8004D880.c (gcc 2.7.2 -fno-cse-follow-jumps -fno-cse-skip-blocks )
[583/865] CC src/w_8004D91C.c (gcc 2.7.2  )
[584/865] CC src/w_8004D98C.c (gcc 2.7.2  )
[585/865] CC src/w_8004DA24.c (gcc 2.7.2  )
[586/865] CC src/w_8004DA74.c (gcc 2.7.2-cdk  )
[587/865] CC src/w_8004DC14.c (gcc 2.7.2  )
[588/865] CC src/w_8004DCA8_owned.c (gcc 2.7.2-cdk  )
[589/865] CC src/w_8004DCEC_owned.c (gcc 2.7.2-cdk  )
[590/865] CC src/w_8004E0AC.c (gcc 2.7.2  )
[591/865] CC src/w_8004E188.c (gcc 2.7.2-cdk  )
[592/865] CC src/w_8004E21C.c (gcc 2.7.2  )
[593/865] CC src/w_8004E298.c (gcc 2.7.2-cdk -O1 -fschedule-insns2 )
[594/865] CC src/w_8004E478.c (gcc 2.7.2  )
[595/865] CC src/w_8004E4C0.c (gcc 2.7.2  )
[596/865] CC src/w_8004E5A0.c (gcc 2.7.2  )
[597/865] CC src/w_8004E5E8.c (gcc 2.7.2  )
[598/865] CC src/w_8004E634.c (gcc 2.7.2  )
[599/865] CC src/w_8004E69C.c (gcc 2.7.2-cdk  )
[600/865] CC src/w_8004E6F4.c (gcc 2.6.3  )
[601/865] CC src/w_8004E884.c (gcc 2.7.2  )
[602/865] CC src/w_8004E8D8.c (gcc 2.7.2  )
[603/865] CC src/w_8004E928.c (gcc 2.7.2  )
[604/865] CC src/w_8004E9EC.c (gcc 2.7.2-cdk  )
[605/865] CC src/w_8004EA70.c (gcc 2.7.2-cdk  )
[606/865] CC src/w_8004EAC4.c (gcc 2.7.2  )
[607/865] CC src/w_8004EB3C.c (gcc 2.7.2  )
[608/865] CC src/w_8004EB8C.c (gcc 2.7.2  )
[609/865] CC src/w_8004EBDC.c (gcc 2.7.2  )
[610/865] CC src/w_8004EC20.c (gcc 2.7.2-cdk  )
[611/865] CC src/w_8004ECAC.c (gcc 2.7.2-cdk  )
[612/865] CC src/w_8004ED00.c (gcc 2.7.2-cdk -G0 )
[613/865] CC src/w_8004ED5C.c (gcc 2.7.2-cdk  )
[614/865] CC src/w_8004EDA8.c (gcc 2.7.2-cdk  )
[615/865] CC src/w_8004EEBC.c (gcc 2.7.2  )
[616/865] CC src/w_8004EEFC.c (gcc 2.7.2-cdk  )
[617/865] CC src/w_8004EF90.c (gcc 2.8.1  )
[618/865] CC src/w_8004EFF4.c (gcc 2.7.2-cdk  )
[619/865] CC src/w_8004F068.c (gcc 2.8.1  )
[620/865] CC src/w_8004F0DC.c (gcc 2.7.2  )
[621/865] CC src/w_8004F1E8.c (gcc 2.7.2  )
[622/865] CC src/w_8004F330.c (gcc 2.8.1  )
[623/865] CC src/w_8004F3D8.c (gcc 2.7.2  )
[624/865] CC src/w_8004F418.c (gcc 2.7.2-cdk  )
[625/865] CC src/w_8004F558.c (gcc 2.7.2 -G0 )
[626/865] CC src/w_8004F5B0.c (gcc 2.7.2  )
[627/865] CC src/w_8004F5F4.c (gcc 2.7.2-cdk -G0 )
[628/865] CC src/w_8004F684.c (gcc 2.7.2-cdk  )
[629/865] CC src/w_8004F780.c (gcc 2.7.2-cdk  )
[630/865] CC src/w_8004F95C.c (gcc 2.7.2-cdk  )
[631/865] CC src/w_8004F884.c (gcc 2.7.2-cdk  )
[632/865] CC src/w_8004F9AC.c (gcc 2.7.2-cdk  )
[633/865] CC src/w_8004FA2C.c (gcc 2.7.2-cdk  )
[634/865] CC src/w_8004FC2C.c (gcc 2.7.2  )
[635/865] CC src/w_8004FAA4.c (gcc 2.7.2-cdk  )
[636/865] CC src/w_8004FD78.c (gcc 2.7.2-cdk  )
[637/865] CC src/w_8004FC98.c (gcc 2.7.2-cdk  )
[638/865] CC src/w_8004FDE0.c (gcc 2.7.2-cdk  )
[639/865] CC src/w_8004FE78.c (gcc 2.7.2 -G0 )
[640/865] CC src/w_8004FFA8.c (gcc 2.7.2  )
[641/865] CC src/w_8004FF20.c (gcc 2.7.2-cdk  )
[642/865] CC src/w_8004FFF4.c (gcc 2.7.2 -fno-strength-reduce )
[643/865] CC src/w_800500B4.c (gcc 2.7.2 -fno-strength-reduce )
[644/865] CC src/w_80050308.c (gcc 2.7.2-cdk  )
[645/865] CC src/w_800504B4.c (gcc 2.7.2-cdk  )
[646/865] CC src/w_80050550.c (gcc 2.7.2  )
[647/865] CC src/w_800505BC.c (gcc 2.7.2  )
[648/865] CC src/w_80050640.c (gcc 2.7.2-cdk  )
[649/865] CC src/w_800506BC.c (gcc 2.7.2-cdk  )
[650/865] CC src/w_8005084C.c (gcc 2.7.2-cdk  )
[651/865] CC src/w_800508F0_owned.c (gcc 2.7.2  )
[652/865] CC src/w_800509C4.c (gcc 2.7.2  )
[653/865] CC src/w_80050A00.c (gcc 2.7.2  )
[654/865] CC src/w_80050A58.c (gcc 2.7.2-cdk  )
[655/865] CC src/w_80050AF0.c (gcc 2.7.2  )
[656/865] CC src/w_80050BA4.c (gcc 2.7.2-cdk  )
[657/865] CC src/w_80050CDC.c (gcc 2.7.2 -G0 )
[658/865] CC src/w_80050DA8_owned.c (gcc 2.7.2-cdk  )
[659/865] CC src/w_80050EA8.c (gcc 2.7.2-cdk  )
[660/865] CC src/w_80050EF8.c (gcc 2.7.2-cdk  )
[661/865] CC src/w_80050FF4.c (gcc 2.7.2-cdk -G0 )
[662/865] CC src/w_800510A0.c (gcc 2.7.2  )
[663/865] CC src/w_800510DC.c (gcc 2.7.2 -G0 )
[664/865] CC src/w_80051164.c (gcc 2.7.2-cdk  )
[665/865] CC src/w_800511B4.c (gcc 2.7.2-cdk  )
[666/865] CC src/w_80051228.c (gcc 2.7.2  )
[667/865] CC src/w_80051548.c (gcc 2.7.2-cdk -O1 -fschedule-insns2 )
[668/865] CC src/w_80051708.c (gcc 2.7.2-cdk  )
[669/865] CC src/w_800517CC.c (gcc 2.7.2-cdk -G16 )
[670/865] CC src/w_80051BFC.c (gcc 2.7.2-cdk  )
[671/865] CC src/w_80051CC4.c (gcc 2.7.2-cdk -G0 )
[672/865] CC src/w_80051E94.c (gcc 2.7.2-cdk  )
[673/865] CC src/w_80051F58.c (gcc 2.7.2-cdk  )
[674/865] CC src/w_800520B4.c (gcc 2.7.2-cdk -G0 )
[675/865] CC src/w_80052144.c (gcc 2.7.2 -G0 )
[676/865] CC src/w_800525D4.c (gcc 2.7.2-cdk  )
[677/865] CC src/w_80052774.c (gcc 2.7.2-cdk  )
[678/865] CC src/w_80052A20.c (gcc 2.8.1  )
[679/865] CC src/w_80052A90.c (gcc 2.7.2  )
[680/865] CC src/w_80052C10.c (gcc 2.7.2-cdk  )
[681/865] CC src/w_80052FE8.c (gcc 2.7.2-cdk  )
[682/865] CC src/w_80052CE0.c (gcc 2.7.2-cdk  )
[683/865] CC src/w_800530C4.c (gcc 2.7.2 -G0 )
[684/865] CC src/w_8005313C.c (gcc 2.7.2-cdk  )
[685/865] CC src/w_80053374.c (gcc 2.7.2-cdk  )
[686/865] CC src/w_80053428.c (gcc 2.7.2-cdk  )
[687/865] CC src/w_80053604.c (gcc 2.7.2-cdk  )
[688/865] CC src/w_800537D0.c (gcc 2.7.2 -fno-strength-reduce )
[689/865] CC src/w_80053858.c (gcc 2.7.2-cdk  )
[690/865] CC src/w_80053A88.c (gcc 2.7.2-cdk  )
[691/865] CC src/w_80053CFC_owned.c (gcc 2.7.2  )
[692/865] CC src/w_80053D64.c (gcc 2.7.2  )
[693/865] CC src/w_80053DF0.c (gcc 2.7.2-cdk -G0 )
[694/865] CC src/w_80053E20.c (gcc 2.7.2-cdk  )
[695/865] CC src/w_80053E90.c (gcc 2.7.2  )
[696/865] CC src/w_80053EF0.c (gcc 2.7.2-cdk  )
[697/865] CC src/w_80053F98.c (gcc 2.7.2-cdk  )
[698/865] CC src/w_8005405C.c (gcc 2.8.1  )
[699/865] CC src/w_800540A8.c (gcc 2.7.2-cdk  )
[700/865] CC src/w_80054104.c (gcc 2.7.2-cdk -G0 )
[701/865] CC src/w_800541E8.c (gcc 2.7.2  )
[702/865] CC src/w_80054228.c (gcc 2.7.2  )
[703/865] CC src/w_800542BC.c (gcc 2.7.2-cdk -G0 )
[704/865] CC src/w_800543C8.c (gcc 2.7.2  )
[705/865] CC src/w_8005440C.c (gcc 2.7.2-cdk  )
[706/865] CC src/w_800544A4.c (gcc 2.7.2-cdk  )
[707/865] CC src/w_80054538.c (gcc 2.7.2  )
[708/865] CC src/w_800545F4.c (gcc 2.7.2-cdk  )
[709/865] CC src/w_800546B0.c (gcc 2.7.2-cdk  )
[710/865] CC src/w_80054704.c (gcc 2.7.2-cdk  )
[711/865] CC src/w_80054788.c (gcc 2.7.2-cdk  )
[712/865] CC src/w_8005497C.c (gcc 2.7.2  )
[713/865] CC src/w_800549FC.c (gcc 2.7.2-cdk  )
[714/865] CC src/w_80054A7C.c (gcc 2.7.2  )
[715/865] CC src/w_80054B08.c (gcc 2.7.2-cdk  )
[716/865] CC src/w_80054C58.c (gcc 2.7.2-cdk  )
[717/865] CC src/w_80054CD4.c (gcc 2.7.2-cdk  )
[718/865] CC src/w_80054D64.c (gcc 2.7.2-cdk  )
[719/865] CC src/w_80054E00.c (gcc 2.7.2-cdk  )
[720/865] CC src/w_80054F9C.c (gcc 2.7.2-cdk  )
[721/865] CC src/w_8005500C.c (gcc 2.7.2-cdk  )
[722/865] CC src/w_800550E8.c (gcc 2.7.2-cdk  )
[723/865] CC src/w_800552C8.c (gcc 2.7.2-cdk  )
[724/865] CC src/w_8005537C.c (gcc 2.7.2-cdk  )
[725/865] CC src/w_800553D4.c (gcc 2.7.2-cdk  )
[726/865] CC src/w_8005552C.c (gcc 2.7.2  )
[727/865] CC src/w_8005560C.c (gcc 2.7.2-cdk  )
[728/865] CC src/w_800557C8.c (gcc 2.8.1  )
[729/865] CC src/w_80055864.c (gcc 2.7.2-cdk  )
[730/865] CC src/w_800558FC.c (gcc 2.7.2-cdk -G0 )
[731/865] CC src/w_800559B4.c (gcc 2.7.2-cdk -G0 )
[732/865] CC src/w_80055ADC.c (gcc 2.7.2  )
[733/865] CC src/w_80055B44.c (gcc 2.7.2-cdk  )
[734/865] CC src/w_80055BD8.c (gcc 2.7.2-cdk -G0 )
[735/865] CC src/w_80055C50.c (gcc 2.7.2-cdk  )
[736/865] CC src/w_80055CF4.c (gcc 2.7.2-cdk  )
[737/865] CC src/w_80055D84.c (gcc 2.7.2-cdk  )
[738/865] CC src/w_80055E84.c (gcc 2.7.2-cdk  )
[739/865] CC src/w_80056098.c (gcc 2.7.2 -fno-schedule-insns )
[740/865] CC src/w_800561D8.c (gcc 2.8.1  )
[741/865] CC src/w_800563B0.c (gcc 2.7.2-cdk  )
[742/865] CC src/w_80056408.c (gcc 2.7.2-cdk  )
[743/865] CC src/w_800564A8.c (gcc 2.7.2-cdk  )
[744/865] CC src/w_80056558.c (gcc 2.7.2-cdk  )
[745/865] CC src/w_800565D8.c (gcc 2.7.2  )
[746/865] CC src/w_80056654.c (gcc 2.7.2-cdk  )
[747/865] CC src/w_80056800.c (gcc 2.7.2-cdk  )
[748/865] CC src/w_800568B4.c (gcc 2.7.2-cdk  )
[749/865] CC src/w_80056948.c (gcc 2.7.2-cdk  )
[750/865] CC src/w_80056A08.c (gcc 2.7.2-cdk  )
[751/865] CC src/w_80056C30.c (gcc 2.7.2-cdk  )
[752/865] CC src/w_80056D44.c (gcc 2.7.2-cdk  )
[753/865] CC src/w_80056DB4.c (gcc 2.7.2-cdk  )
[754/865] CC src/w_80057948.c (gcc 2.7.2-cdk -fno-strength-reduce )
[755/865] CC src/w_80056E10.c (gcc 2.7.2-cdk -G0 )
[756/865] CC src/w_80057A50.c (gcc 2.8.1  )
[757/865] CC src/w_80057A94.c (gcc 2.7.2-cdk  )
[758/865] CC src/w_80057D20.c (gcc 2.7.2-cdk -G0 )
[759/865] CC src/w_80058494.c (gcc 2.7.2-cdk  )
[760/865] CC src/w_80058510.c (gcc 2.7.2-cdk  )
[761/865] CC src/w_800585A0.c (gcc 2.7.2-cdk  )
[762/865] CC src/w_8005863C.c (gcc 2.7.2-cdk  )
[763/865] CC src/w_800586B0.c (gcc 2.7.2-cdk  )
[764/865] CC src/w_80058700.c (gcc 2.7.2-cdk  )
[765/865] CC src/w_800587B4.c (gcc 2.7.2-cdk  )
[766/865] CC src/w_80058800.c (gcc 2.7.2-cdk  )
[767/865] CC src/w_80058850.c (gcc 2.7.2-cdk  )
[768/865] CC src/w_800588C8.c (gcc 2.7.2-cdk  )
[769/865] CC src/w_80058940.c (gcc 2.7.2-cdk  )
[770/865] CC src/w_800589B8.c (gcc 2.7.2-cdk  )
[771/865] CC src/w_80058A04.c (gcc 2.7.2  )
[772/865] CC src/w_80058ABC.c (gcc 2.7.2  )
[773/865] CC src/w_80058B2C.c (gcc 2.7.2  )
[774/865] CC src/w_80058B70.c (gcc 2.7.2-cdk  )
[775/865] CC src/w_80058E6C.c (gcc 2.7.2-cdk -fno-strength-reduce )
[776/865] CC src/w_800590E0.c (gcc 2.7.2  )
[777/865] CC src/w_8005914C.c (gcc 2.7.2-cdk -fno-strength-reduce )
[778/865] CC src/w_8005947C.c (gcc 2.7.2-cdk  )
[779/865] CC src/w_800595C0.c (gcc 2.7.2-cdk  )
[780/865] CC src/w_800597A8.c (gcc 2.7.2  )
[781/865] CC src/w_80059814.c (gcc 2.7.2-cdk  )
[782/865] CC src/w_800599B0.c (gcc 2.7.2-cdk -G0 -fno-strength-reduce )
[783/865] CC src/w_80059BC4.c (gcc 2.7.2-cdk -fno-strength-reduce )
[784/865] CC src/w_80059D1C.c (gcc 2.8.1  )
[785/865] CC src/w_80059D60.c (gcc 2.7.2-cdk  )
[786/865] CC src/w_80059DAC.c (gcc 2.7.2-cdk  )
[787/865] CC src/w_80059E94.c (gcc 2.7.2-cdk -fno-schedule-insns )
[788/865] CC src/w_80059F8C.c (gcc 2.7.2-cdk -G0 )
[789/865] CC src/w_8005A1D0.c (gcc 2.7.2-cdk  )
[790/865] CC src/w_8005A26C.c (gcc 2.7.2-cdk -O1 )
[791/865] CC src/w_8005A2FC.c (gcc 2.7.2-cdk  )
[792/865] CC src/w_8005A33C.c (gcc 2.7.2-cdk  )
[793/865] CC src/w_8005A3F0.c (gcc 2.7.2-cdk  )
[794/865] CC src/w_8005A428.c (gcc 2.7.2-cdk  )
[795/865] CC src/w_8005A4E8.c (gcc 2.7.2  )
[796/865] CC src/w_8005A56C.c (gcc 2.7.2  )
[797/865] CC src/w_8005A5C8.c (gcc 2.7.2  )
[798/865] CC src/w_8005A608.c (gcc 2.7.2-cdk -fno-cse-follow-jumps )
[799/865] CC src/w_8005A778.c (gcc 2.7.2-cdk  )
[800/865] CC src/w_8005A90C.c (gcc 2.7.2-cdk -O1 -fschedule-insns2 )
[801/865] CC src/w_8005AAA8.c (gcc 2.7.2  )
[802/865] CC src/w_8005AB50.c (gcc 2.7.2-cdk  )
[803/865] CC src/w_8005AC30.c (gcc 2.7.2  )
[804/865] CC src/w_8005AC68.c (gcc 2.7.2-cdk  )
[805/865] CC src/w_8005ACDC.c (gcc 2.7.2-cdk  )
[806/865] CC src/w_8005AE08.c (gcc 2.7.2-cdk  )
[807/865] CC src/w_8005AE90.c (gcc 2.7.2-cdk  )
[808/865] CC src/w_8005AF74.c (gcc 2.7.2-cdk  )
[809/865] CC src/w_8005AFF4.c (gcc 2.7.2-cdk  )
[810/865] CC src/w_8005B070.c (gcc 2.7.2-cdk  )
[811/865] CC src/w_8005B16C.c (gcc 2.7.2-cdk  )
[812/865] CC src/w_8005B27C.c (gcc 2.7.2  )
[813/865] CC src/w_8005B2C8.c (gcc 2.7.2  )
[814/865] CC src/w_8005B378.c (gcc 2.7.2-cdk  )
[815/865] CC src/w_8005B418.c (gcc 2.7.2-cdk  )
[816/865] CC src/w_8005B470.c (gcc 2.7.2  )
[817/865] CC src/w_8005B4D0.c (gcc 2.7.2-cdk  )
[818/865] CC src/w_8005BAB0.c (gcc 2.7.2-cdk  )
[819/865] CC src/w_8005C130.c (gcc 2.7.2-cdk  )
[820/865] CC src/w_8005BBFC.c (gcc 2.7.2-cdk  )
[821/865] CC src/w_8005C4D0.c (gcc 2.7.2-cdk  )
[822/865] CC src/w_8005C2C0.c (gcc 2.7.2-cdk  )
[823/865] CC src/w_8005C5D0.c (gcc 2.7.2-cdk  )
[824/865] CC src/w_8005C668.c (gcc 2.7.2-cdk  )
[825/865] CC src/w_8005C6B4.c (gcc 2.7.2-cdk  )
[826/865] CC src/w_8005C710.c (gcc 2.7.2-cdk -G0 -fno-schedule-insns )
[827/865] CC src/w_8005C784.c (gcc 2.7.2-cdk  )
[828/865] CC src/w_8005CA90.c (gcc 2.7.2  )
[829/865] CC src/w_8005CB88.c (gcc 2.7.2  --preserve-immediate-funcaddr-la)
[830/865] CC src/w_8005CC04.c (gcc 2.7.2 -G0 )
[831/865] CC src/w_8005CE98.c (gcc 2.7.2 -G0 )
[832/865] CC src/w_8005D064.c (gcc 2.7.2 -G0 )
[833/865] CC src/w_8005D124.c (gcc 2.7.2 -G0 )
[834/865] CC src/w_8005D1D0.c (gcc 2.7.2 -G0 )
[835/865] CC src/w_8005D4E8.c (gcc 2.7.2  )
[836/865] CC src/w_8005D460.c (gcc 2.7.2  )
[837/865] CC src/w_8005D550.c (gcc 2.7.2  )
[838/865] CC src/w_8005D598.c (gcc 2.7.2  --expand-div)
[839/865] CC src/w_8005D63C.c (gcc 2.7.2  )
[840/865] CC src/w_8005D678.c (gcc 2.7.2  )
[841/865] CC src/w_8005D730.c (gcc 2.7.2  )
[842/865] CC src/w_8005D7BC.c (gcc 2.7.2 -G0 )
[843/865] CC src/w_8005D838.c (gcc 2.7.2  )
[844/865] CC src/w_8005D88C.c (gcc 2.7.2  )
[845/865] CC src/w_8005D95C.c (gcc 2.7.2-cdk  )
[846/865] CC src/w_8005D9DC.c (gcc 2.7.2  )
[847/865] CC src/w_8005DA88.c (gcc 2.7.2 -G0 )
[848/865] CC src/w_8005DF80.c (gcc 2.6.3 -G0 )
[849/865] CC src/w_8005E450.c (gcc 2.7.2  )
[850/865] CC src/w_8005E4C4.c (gcc 2.7.2 -G0 -fno-cse-follow-jumps )
[851/865] CC src/w_8005E7E0.c (gcc 2.7.2  )
[852/865] CC src/w_8005E97C.c (gcc 2.7.2 -G0 )
[853/865] CC src/w_8005EB78.c (gcc 2.7.2  )
[854/865] CC src/w_8005EC40.c (gcc 2.7.2  )
[855/865] CC src/w_8005ECA0.c (gcc 2.7.2  )
[856/865] CC src/w_8005ECF8.c (gcc 2.7.2  )
[857/865] CC src/w_8005EDA0.c (gcc 2.7.2 -G0 )
[858/865] CC src/w_8005F134.c (gcc 2.7.2  )
[859/865] CC src/w_8005F740.c (gcc 2.7.2  )
[860/865] CC src/w_8005F7D0.c (gcc 2.7.2  )
[861/865] CC src/w_8005F90C.c (gcc 2.7.2  )
[862/865] CC src/w_8005FA34.c (gcc 2.7.2  )
[863/865] PARTITION-COVERAGE build/partition_sources/coverage.ok
[864/865] LINK build/slus_006.14.elf
[865/865] OBJCOPY build/slus_006.14
