ninja: Entering directory `<repo>/work/native_lane/gp_all858_probe/stage'
[1/858] CC src/code11.c (gcc 2.7.2 -G0 )
[2/858] CC src/code10.c (gcc 2.8.1 -G0 )
[3/858] CC src/code12.c (gcc 2.7.2  )
[4/858] CC src/code13.c (gcc 2.8.1  )
[5/858] CC src/code14.c (gcc 2.8.1  )
[6/858] CC src/code15.c (gcc 2.7.2  )
[7/858] CC build/partition_sources/code.c (gcc 2.7.2  )
[8/858] CC-GUARDED-PRIVATE src/cd_command_state_owned.c
{"applied": true, "module": "cd_command_state", "post_object_sha256": "84b03e9d27636a7eb2804e666989bdc1dbf0532e37e060fea78ddc3ad25743da", "verified": false}
[9/858] CC src/code4.c (gcc 2.7.2 -fno-expensive-optimizations )
[10/858] CC src/code3.c (gcc 2.95.2 -fno-delayed-branch )
[11/858] CC src/code5.c (gcc 2.7.2 -G0 -fno-schedule-insns )
[12/858] CC build/partition_sources/code2.c (gcc 2.8.1  )
[13/858] CC src/code6.c (gcc 2.7.2 -fno-schedule-insns -fno-schedule-insns2 )
[14/858] CC src/code7.c (gcc 2.8.1 -fno-schedule-insns2 )
[15/858] CC src/code9.c (gcc 2.95.2 -fstrict-aliasing )
[16/858] CC src/code8.c (gcc 2.7.2-cdk  )
[17/858] CC-GUARDED-PRIVATE src/gp_order_bytes_owner.c
[18/858] CC-GUARDED-PRIVATE src/gp_d92c_owned.c
[19/858] CC-GUARDED-PRIVATE src/gp_shared_8152c.c
[20/858] CC src/gp_shared_81510.c (gcc 2.7.2-cdk  )
[21/858] CC src/gp_split_storage.c (gcc 2.7.2-cdk  )
[22/858] CC src/gp_state_defaults.c (gcc 2.7.2-cdk  )
[23/858] CC src/gp_shared_slots.c (gcc 2.7.2-cdk  )
[24/858] CC src/gte_port_state.c (gcc 2.7.2  )
[25/858] CC src/konami_runtime.c (gcc 2.7.2  )
[26/858] CC src/konami_runtime_directory.c (gcc 2.7.2-cdk  )
[27/858] CC src/konami_runtime_gp_count.c (gcc 2.7.2-cdk  )
[28/858] CC src/konami_runtime_w_80033AA8.c (gcc 2.7.2-cdk  )
[29/858] CC src/konami_runtime_gp_shared_8099c.c (gcc 2.8.1  )
[30/858] CC src/konami_runtime_w_80033AE8.c (gcc 2.7.2-cdk  )
[31/858] CC src/konami_runtime_w_80033B2C.c (gcc 2.7.2-cdk  )
[32/858] CC src/konami_runtime_w_80033B78.c (gcc 2.7.2  )
[33/858] CC src/konami_runtime_w_80033B9C.c (gcc 2.7.2  )
[34/858] CC src/konami_runtime_w_80033BC0.c (gcc 2.7.2  )
[35/858] CC src/konami_runtime_w_80033BE4.c (gcc 2.7.2-cdk  )
[36/858] CC src/konami_runtime_w_80033C1C.c (gcc 2.7.2  )
[37/858] CC src/konami_runtime_w_80033C84.c (gcc 2.7.2  )
[38/858] CC src/konami_runtime_w_80033C8C.c (gcc 2.7.2-cdk -G0 )
[39/858] CC src/konami_runtime_w_80033CD8.c (gcc 2.7.2  )
[40/858] CC src/konami_runtime_w_80033D08.c (gcc 2.7.2  )
[41/858] CC src/konami_runtime_w_80033D38.c (gcc 2.7.2  )
[42/858] CC src/konami_runtime_w_80034E48.c (gcc 2.7.2-cdk -G0 )
[43/858] CC src/konami_runtime_w_80034EB4.c (gcc 2.7.2  )
[44/858] CC src/konami_runtime_w_800345B8.c (gcc 2.7.2-cdk  )
[45/858] CC src/konami_runtime_w_80034EC4.c (gcc 2.8.1  )
[46/858] CC src/konami_runtime_w_80034EF8.c (gcc 2.7.2-cdk  )
[47/858] CC src/konami_runtime_w_80034F88.c (gcc 2.7.2  )
[48/858] CC src/konami_runtime_w_80034F58.c (gcc 2.7.2-cdk -G0 )
[49/858] CC src/konami_runtime_w_80034F9C.c (gcc 2.7.2  )
[50/858] CC src/konami_runtime_w_80034FD0.c (gcc 2.7.2  )
[51/858] CC src/konami_runtime_w_80034FE4.c (gcc 2.7.2 -G0 )
[52/858] CC src/konami_runtime_w_80034FFC.c (gcc 2.7.2-cdk  )
[53/858] CC src/konami_runtime_w_80035060.c (gcc 2.7.2  )
[54/858] CC src/konami_runtime_w_80035068.c (gcc 2.7.2  )
[55/858] CC src/konami_runtime_w_800350B0.c (gcc 2.7.2  )
[56/858] CC src/konami_runtime_w_80035090.c (gcc 2.7.2  )
[57/858] CC src/konami_runtime_w_800350D4.c (gcc 2.7.2-cdk  )
[58/858] CC src/konami_runtime_w_80035164.c (gcc 2.7.2  )
[59/858] CC src/konami_runtime_w_80035234.c (gcc 2.7.2  )
[60/858] CC src/konami_runtime_w_80035208.c (gcc 2.7.2  )
[61/858] CC src/konami_runtime_w_80035260.c (gcc 2.7.2  )
[62/858] CC src/konami_runtime_w_8003528C.c (gcc 2.7.2-cdk -G0 )
[63/858] CC src/konami_runtime_w_800352B4.c (gcc 2.7.2-cdk -G0 )
[64/858] CC src/konami_runtime_w_800352D8.c (gcc 2.7.2-cdk -G0 )
[65/858] CC src/konami_runtime_w_800352FC.c (gcc 2.7.2-cdk -G0 )
[66/858] CC src/konami_runtime_w_80035320.c (gcc 2.7.2-cdk -G0 )
[67/858] CC src/konami_runtime_w_80035348.c (gcc 2.8.1  )
[68/858] CC src/konami_runtime_w_80035378.c (gcc 2.7.2-cdk  )
[69/858] CC src/konami_runtime_w_800353F4.c (gcc 2.7.2-cdk  )
[70/858] CC src/konami_runtime_w_80035484_owned.c (gcc 2.7.2-cdk  )
[71/858] CC src/konami_runtime_w_800355EC.c (gcc 2.7.2  )
[72/858] CC src/konami_runtime_w_80035614.c (gcc 2.7.2-cdk -G0 )
[73/858] CC src/konami_runtime_w_8003566C.c (gcc 2.7.2-cdk -G0 )
[74/858] CC src/konami_runtime_w_8003571C.c (gcc 2.7.2-cdk -G0 )
[75/858] CC src/konami_runtime_w_800357B0.c (gcc 2.7.2-cdk -G0 )
[76/858] CC src/konami_runtime_w_80035760.c (gcc 2.7.2-cdk -G0 )
[77/858] CC src/konami_runtime_w_800357D0.c (gcc 2.7.2 -G0 )
[78/858] CC src/konami_runtime_w_80035820.c (gcc 2.7.2  )
[79/858] CC src/konami_runtime_w_800359FC.c (gcc 2.7.2  )
[80/858] CC src/konami_runtime_w_80035888_owned.c (gcc 2.7.2-cdk  )
[81/858] CC src/konami_runtime_w_80035AAC.c (gcc 2.7.2 -G0 )
[82/858] CC src/konami_runtime_w_80035ABC.c (gcc 2.7.2 -G0 )
[83/858] CC src/konami_runtime_w_80035AF8.c (gcc 2.7.2-cdk  )
[84/858] CC src/konami_runtime_w_80035BE0.c (gcc 2.7.2  )
[85/858] CC src/konami_runtime_w_80035C44.c (gcc 2.7.2 -G0 )
[86/858] CC src/konami_runtime_w_80035C80.c (gcc 2.7.2  )
[87/858] CC src/konami_runtime_w_80035CE4.c (gcc 2.7.2-cdk  )
[88/858] CC src/konami_runtime_w_80035D40.c (gcc 2.7.2-cdk -G0 )
[89/858] CC src/konami_runtime_w_80035D4C.c (gcc 2.7.2-cdk  )
[90/858] CC src/konami_runtime_w_80035DBC.c (gcc 2.7.2-cdk  )
[91/858] CC src/konami_runtime_w_8003605C.c (gcc 2.7.2-cdk  )
[92/858] CC src/konami_runtime_w_80036110.c (gcc 2.7.2-cdk -G0 )
[93/858] CC src/konami_runtime_w_80035E58.c (gcc 2.7.2-cdk  )
[94/858] CC src/konami_runtime_w_80036154.c (gcc 2.7.2-cdk -G0 )
[95/858] CC src/konami_runtime_w_80036210.c (gcc 2.7.2-cdk -G0 )
[96/858] CC src/konami_runtime_w_8003626C.c (gcc 2.7.2 -G0 )
[97/858] CC src/konami_runtime_w_800362A0.c (gcc 2.7.2-cdk -G0 )
[98/858] CC src/konami_runtime_w_800362D0.c (gcc 2.7.2-cdk  )
[99/858] CC src/konami_runtime_w_80036434.c (gcc 2.7.2-cdk -G0 )
[100/858] CC src/konami_runtime_w_80036350.c (gcc 2.7.2-cdk  )
[101/858] CC src/konami_runtime_w_80036484.c (gcc 2.7.2 -G0 )
[102/858] CC src/konami_runtime_w_800364BC.c (gcc 2.7.2-cdk -G0 )
[103/858] CC src/konami_runtime_w_800364EC.c (gcc 2.7.2-cdk  )
[104/858] CC src/konami_runtime_w_80036574.c (gcc 2.7.2-cdk  )
[105/858] CC src/konami_runtime_w_8003661C.c (gcc 2.7.2-cdk -G0 )
[106/858] CC src/konami_runtime_w_8003666C.c (gcc 2.7.2-cdk -fno-schedule-insns )
[107/858] CC src/konami_runtime_w_80036880.c (gcc 2.7.2-cdk -G0 )
[108/858] CC src/konami_runtime_w_800368D0.c (gcc 2.7.2  )
[109/858] CC src/konami_runtime_w_800366F4.c (gcc 2.7.2-cdk  )
[110/858] CC src/konami_runtime_w_80036900.c (gcc 2.7.2-cdk  )
[111/858] CC src/konami_runtime_w_80036988.c (gcc 2.7.2  )
[112/858] CC src/konami_runtime_w_800369C8.c (gcc 2.7.2-cdk  )
[113/858] CC src/konami_runtime_w_80036A70.c (gcc 2.7.2-cdk  )
[114/858] CC src/konami_runtime_w_80036B10.c (gcc 2.7.2-cdk -G0 )
[115/858] CC src/konami_runtime_w_80036C44.c (gcc 2.7.2  )
[116/858] CC src/konami_runtime_w_80036C7C.c (gcc 2.7.2  )
[117/858] CC src/konami_runtime_w_80036D4C.c (gcc 2.7.2-cdk -G0 )
[118/858] CC src/konami_runtime_w_80036ED4.c (gcc 2.7.2  )
[119/858] CC src/konami_runtime_w_80037030.c (gcc 2.7.2-cdk  )
[120/858] CC src/konami_runtime_w_80036F24.c (gcc 2.7.2-cdk  )
[121/858] CC src/konami_runtime_w_80037090.c (gcc 2.7.2-cdk  )
[122/858] CC src/konami_runtime_w_8003719C.c (gcc 2.7.2-cdk -G0 )
[123/858] CC src/konami_runtime_w_800374F4.c (gcc 2.7.2  )
[124/858] CC src/konami_runtime_w_80037394.c (gcc 2.7.2-cdk  )
[125/858] CC src/konami_runtime_w_80037534.c (gcc 2.7.2  )
[126/858] CC src/konami_runtime_w_800375C0.c (gcc 2.7.2 -O2 )
[127/858] CC src/konami_runtime_w_80037C7C.c (gcc 2.7.2  )
[128/858] CC src/konami_runtime_w_80037D50.c (gcc 2.8.1  )
[129/858] CC src/konami_runtime_w_80037714.c (gcc 2.7.2-cdk  )
[130/858] CC src/konami_runtime_w_80037D9C.c (gcc 2.7.2-cdk  )
[131/858] CC src/konami_runtime_w_80037E58.c (gcc 2.7.2-cdk  )
[132/858] CC src/konami_runtime_w_80038000.c (gcc 2.7.2-cdk -G0 )
[133/858] CC src/konami_runtime_w_80037F70.c (gcc 2.7.2  )
[134/858] CC src/konami_runtime_w_8003800C.c (gcc 2.7.2-cdk  )
[135/858] CC src/konami_runtime_w_800381A4.c (gcc 2.7.2-cdk -G0 )
[136/858] CC src/konami_runtime_w_80038128.c (gcc 2.7.2-cdk  )
[137/858] CC src/konami_runtime_w_800381D0.c (gcc 2.7.2-cdk -G0 )
[138/858] CC src/konami_runtime_w_80038240.c (gcc 2.7.2-cdk  )
[139/858] CC src/konami_runtime_w_800382F0.c (gcc 2.7.2  )
[140/858] CC src/konami_runtime_w_80038288.c (gcc 2.7.2-cdk -G0 )
[141/858] CC src/konami_runtime_w_8003832C.c (gcc 2.7.2 -G0 )
[142/858] CC src/konami_runtime_w_80038368.c (gcc 2.7.2-cdk -G0 )
[143/858] CC src/konami_runtime_w_800383D4.c (gcc 2.8.1  )
[144/858] CC src/konami_runtime_w_80038408.c (gcc 2.7.2-cdk  )
[145/858] CC src/konami_runtime_w_80038394.c (gcc 2.7.2-cdk -G0 )
[146/858] CC src/konami_runtime_w_80038464.c (gcc 2.7.2 -G0 )
[147/858] CC src/konami_runtime_w_80038478.c (gcc 2.7.2  )
[148/858] CC src/konami_runtime_w_800384A8.c (gcc 2.7.2-cdk -G0 )
[149/858] CC src/konami_runtime_w_800384F8.c (gcc 2.7.2  )
[150/858] CC src/konami_runtime_w_80038538.c (gcc 2.7.2 -G0 )
[151/858] CC src/konami_runtime_w_80038570.c (gcc 2.7.2 -G0 )
[152/858] CC src/konami_runtime_w_800385D0.c (gcc 2.7.2 -G0 )
[153/858] CC src/konami_runtime_w_80038588.c (gcc 2.7.2 -G0 )
[154/858] CC src/konami_runtime_w_800385E8.c (gcc 2.7.2 -G0 )
[155/858] CC src/konami_runtime_w_80038630.c (gcc 2.7.2 -G0 )
[156/858] CC src/konami_runtime_w_80038648.c (gcc 2.7.2 -G0 )
[157/858] CC src/konami_runtime_w_80038690.c (gcc 2.7.2  )
[158/858] CC src/konami_runtime_w_80038708.c (gcc 2.7.2-cdk -G0 )
[159/858] CC src/konami_runtime_w_8003875C.c (gcc 2.7.2-cdk  )
[160/858] CC src/konami_runtime_w_800389B4.c (gcc 2.7.2 -G0 )
[161/858] CC src/konami_runtime_w_800387D0.c (gcc 2.7.2-cdk  )
[162/858] CC src/konami_runtime_w_80038A10_owned.c (gcc 2.7.2-cdk  )
[163/858] CC src/konami_runtime_w_80038AB8.c (gcc 2.7.2-cdk  )
[164/858] CC src/konami_runtime_w_80038C40.c (gcc 2.7.2-cdk  )
[165/858] CC src/konami_runtime_w_80038CB8.c (gcc 2.7.2  )
[166/858] CC src/konami_runtime_w_80038F48.c (gcc 2.7.2-cdk  )
[167/858] CC src/konami_runtime_w_800390D0.c (gcc 2.7.2-cdk -G0 )
[168/858] CC src/konami_runtime_w_80039148.c (gcc 2.7.2-cdk -G0 )
[169/858] CC src/konami_runtime_w_800391BC.c (gcc 2.7.2-cdk  )
[170/858] CC src/konami_runtime_w_800391EC.c (gcc 2.7.2  )
[171/858] CC src/konami_runtime_w_80039208.c (gcc 2.7.2  )
[172/858] CC src/konami_runtime_w_80039214.c (gcc 2.7.2  )
[173/858] CC src/konami_runtime_w_80039258.c (gcc 2.7.2  )
[174/858] CC src/konami_runtime_w_800392A4.c (gcc 2.7.2-cdk  )
[175/858] CC src/konami_runtime_w_80039470.c (gcc 2.7.2-cdk  )
[176/858] CC src/konami_runtime_w_8003931C.c (gcc 2.7.2-cdk  )
[177/858] CC src/konami_runtime_w_80039568.c (gcc 2.7.2 -G0 )
[178/858] CC src/konami_runtime_w_80039578.c (gcc 2.7.2-cdk  )
[179/858] CC src/konami_runtime_w_800395B0.c (gcc 2.7.2-cdk  )
[180/858] CC src/konami_runtime_w_800395F0.c (gcc 2.7.2  )
[181/858] CC src/konami_runtime_w_80039640.c (gcc 2.7.2  )
[182/858] CC src/konami_runtime_w_8003965C.c (gcc 2.7.2  )
[183/858] CC src/konami_runtime_w_80039730.c (gcc 2.7.2  )
[184/858] CC src/konami_runtime_w_80039694.c (gcc 2.7.2  )
[185/858] CC src/konami_runtime_w_80039760.c (gcc 2.7.2  )
[186/858] CC src/konami_runtime_w_800397A8.c (gcc 2.7.2  )
[187/858] CC src/konami_runtime_w_80039814.c (gcc 2.7.2  )
[188/858] CC src/konami_runtime_w_80039884.c (gcc 2.7.2-cdk  )
[189/858] CC src/konami_runtime_w_800398BC.c (gcc 2.7.2-cdk  )
[190/858] CC src/konami_runtime_w_800399EC.c (gcc 2.7.2  )
[191/858] CC src/konami_runtime_w_80039A88.c (gcc 2.7.2  )
[192/858] CC src/konami_runtime_w_80039A08.c (gcc 2.7.2-cdk -G0 )
[193/858] CC src/konami_runtime_w_80039ACC.c (gcc 2.7.2-cdk -G0 )
[194/858] CC src/konami_runtime_w_80039AF0.c (gcc 2.8.1  )
[195/858] CC src/konami_runtime_w_80039B84.c (gcc 2.7.2 -G0 )
[196/858] CC src/konami_runtime_w_80039B28.c (gcc 2.7.2  )
[197/858] CC src/konami_runtime_w_80039B94.c (gcc 2.7.2  )
[198/858] CC src/konami_runtime_w_80039BBC.c (gcc 2.7.2  )
[199/858] CC src/konami_runtime_w_80039C0C.c (gcc 2.7.2  )
[200/858] CC src/konami_runtime_w_80039BE4.c (gcc 2.7.2-cdk  )
[201/858] CC src/konami_runtime_w_80039C44.c (gcc 2.7.2  )
[202/858] CC src/konami_runtime_w_80039C74.c (gcc 2.7.2  )
[203/858] CC src/konami_runtime_w_80039D10.c (gcc 2.7.2  )
[204/858] CC src/konami_runtime_w_80039D48.c (gcc 2.7.2-cdk  )
[205/858] CC src/konami_runtime_w_80039DBC.c (gcc 2.7.2  )
[206/858] CC src/konami_runtime_w_80039E1C.c (gcc 2.7.2  )
[207/858] CC src/konami_runtime_w_80039ED0.c (gcc 2.7.2  )
[208/858] CC src/konami_runtime_w_80039ED8.c (gcc 2.7.2  )
[209/858] CC src/konami_runtime_w_80039EF4.c (gcc 2.7.2  )
[210/858] CC src/konami_runtime_w_80039F28.c (gcc 2.7.2  )
[211/858] CC src/konami_runtime_w_80039F4C.c (gcc 2.7.2  )
[212/858] CC src/konami_runtime_w_80039F80.c (gcc 2.7.2  )
[213/858] CC src/konami_runtime_w_80039FC0.c (gcc 2.7.2  )
[214/858] CC src/konami_runtime_w_8003A01C.c (gcc 2.7.2  )
[215/858] CC src/konami_runtime_w_8003A060.c (gcc 2.7.2-cdk  )
[216/858] CC src/konami_runtime_w_8003A10C.c (gcc 2.7.2-cdk  )
[217/858] CC src/konami_runtime_w_8003A1A4.c (gcc 2.7.2-cdk -fno-expensive-optimizations )
[218/858] CC src/konami_runtime_w_8003A248.c (gcc 2.7.2-cdk  )
[219/858] CC src/konami_runtime_w_8003A288.c (gcc 2.7.2  )
[220/858] CC src/konami_runtime_w_8003A29C.c (gcc 2.7.2  )
[221/858] CC src/konami_runtime_w_8003A2E0.c (gcc 2.7.2-cdk  )
[222/858] CC src/konami_runtime_w_8003A374.c (gcc 2.7.2-cdk  )
[223/858] CC src/konami_runtime_w_8003A3E8.c (gcc 2.7.2-cdk  )
[224/858] CC src/konami_runtime_w_8003A468.c (gcc 2.7.2  )
[225/858] CC src/konami_runtime_w_8003A4B4.c (gcc 2.7.2  )
[226/858] CC src/konami_runtime_w_8003A500.c (gcc 2.7.2  )
[227/858] CC src/konami_runtime_w_8003A54C.c (gcc 2.7.2  )
[228/858] CC src/konami_runtime_w_8003A5B4.c (gcc 2.7.2 -O2 )
[229/858] CC src/konami_runtime_w_8003A61C.c (gcc 2.7.2  )
[230/858] CC src/konami_runtime_w_8003A684.c (gcc 2.7.2 -O2 )
[231/858] CC src/konami_runtime_w_8003A6EC.c (gcc 2.7.2  )
[232/858] CC src/konami_runtime_w_8003A754.c (gcc 2.7.2  )
[233/858] CC src/konami_runtime_w_8003A7BC.c (gcc 2.7.2  )
[234/858] CC src/konami_runtime_w_8003A7FC.c (gcc 2.7.2  )
[235/858] CC src/konami_runtime_w_8003A858.c (gcc 2.7.2-cdk  )
[236/858] CC src/konami_runtime_w_8003A904.c (gcc 2.7.2-cdk  )
[237/858] CC src/konami_runtime_w_8003A9B8.c (gcc 2.7.2  )
[238/858] CC src/konami_runtime_w_8003A9E4.c (gcc 2.7.2  )
[239/858] CC src/konami_runtime_w_8003AA34.c (gcc 2.7.2  )
[240/858] CC src/konami_runtime_w_8003AA84.c (gcc 2.7.2  )
[241/858] CC src/konami_runtime_w_8003AAC4.c (gcc 2.7.2 -G0 )
[242/858] CC src/konami_runtime_w_8003AAD4.c (gcc 2.7.2 -G0 )
[243/858] CC src/konami_runtime_w_8003AAE4.c (gcc 2.7.2-cdk  )
[244/858] CC src/konami_runtime_w_8003AAF8.c (gcc 2.8.1  )
[245/858] CC src/konami_runtime_w_8003AB14.c (gcc 2.7.2  )
[246/858] CC src/konami_runtime_w_8003AB44.c (gcc 2.7.2  )
[247/858] CC src/konami_runtime_w_8003AC1C.c (gcc 2.7.2  )
[248/858] CC src/konami_runtime_w_8003ACC0.c (gcc 2.7.2  )
[249/858] CC src/konami_runtime_w_8003AD08.c (gcc 2.7.2  )
[250/858] CC src/konami_runtime_w_8003ADB4.c (gcc 2.7.2-cdk  )
[251/858] CC src/konami_runtime_w_8003ADF4.c (gcc 2.7.2  )
[252/858] CC src/konami_runtime_w_8003AE28.c (gcc 2.7.2  )
[253/858] CC src/konami_runtime_w_8003AE60.c (gcc 2.7.2  )
[254/858] CC src/konami_runtime_w_8003AEA8.c (gcc 2.7.2  )
[255/858] CC src/konami_runtime_w_8003AEC8.c (gcc 2.7.2  )
[256/858] CC src/konami_runtime_w_8003AEF8.c (gcc 2.7.2  )
[257/858] CC src/konami_runtime_w_8003AF58.c (gcc 2.7.2  )
[258/858] CC src/konami_runtime_w_8003AF8C.c (gcc 2.7.2  )
[259/858] CC src/konami_runtime_w_8003AF94.c (gcc 2.7.2  )
[260/858] CC src/konami_runtime_w_8003AFE0.c (gcc 2.7.2  )
[261/858] CC src/konami_runtime_w_8003B034.c (gcc 2.7.2 -G0 )
[262/858] CC src/konami_runtime_w_8003B06C.c (gcc 2.7.2  )
[263/858] CC src/konami_runtime_w_8003B0B4.c (gcc 2.7.2  )
[264/858] CC src/konami_runtime_w_8003B188.c (gcc 2.7.2-cdk -G0 )
[265/858] CC src/konami_runtime_w_8003B1B4.c (gcc 2.7.2  )
[266/858] CC src/konami_runtime_w_8003B1E4.c (gcc 2.7.2-cdk -G0 )
[267/858] CC src/konami_runtime_w_8003B210.c (gcc 2.7.2  )
[268/858] CC src/konami_runtime_w_8003B238.c (gcc 2.7.2-cdk -G0 )
[269/858] CC src/konami_runtime_w_8003B264.c (gcc 2.7.2  )
[270/858] CC src/konami_runtime_w_8003B298.c (gcc 2.7.2-cdk -G0 )
[271/858] CC src/konami_runtime_w_8003B2C4.c (gcc 2.7.2  )
[272/858] CC src/konami_runtime_w_8003B2F8.c (gcc 2.7.2-cdk -G0 )
[273/858] CC src/konami_runtime_w_8003B324.c (gcc 2.7.2-cdk  )
[274/858] CC src/konami_runtime_w_8003B35C.c (gcc 2.7.2-cdk  )
[275/858] CC src/konami_runtime_w_8003B400.c (gcc 2.7.2-cdk -G0 )
[276/858] CC src/konami_runtime_w_8003B42C.c (gcc 2.7.2  )
[277/858] CC src/konami_runtime_w_8003B470.c (gcc 2.7.2-cdk  )
[278/858] CC src/konami_runtime_w_8003B64C.c (gcc 2.7.2-cdk  )
[279/858] CC src/konami_runtime_w_8003B714.c (gcc 2.7.2-cdk  )
[280/858] CC src/konami_runtime_w_8003B7C8.c (gcc 2.7.2  )
[281/858] CC src/konami_runtime_w_8003B820.c (gcc 2.7.2-cdk  )
[282/858] CC src/konami_runtime_w_8003B8DC.c (gcc 2.7.2 -G0 )
[283/858] CC src/konami_runtime_w_8003B92C.c (gcc 2.7.2-cdk  )
[284/858] CC src/konami_runtime_w_8003B988.c (gcc 2.7.2  )
[285/858] CC src/konami_runtime_w_8003B9B8.c (gcc 2.7.2  )
[286/858] CC src/konami_runtime_w_8003B9E8.c (gcc 2.7.2-cdk  )
[287/858] CC src/konami_runtime_w_8003BA24.c (gcc 2.7.2-cdk  )
[288/858] CC src/konami_runtime_w_8003BA60.c (gcc 2.7.2-cdk  )
[289/858] CC src/konami_runtime_w_8003BA9C.c (gcc 2.7.2-cdk  )
[290/858] CC src/konami_runtime_w_8003BAD8.c (gcc 2.7.2  )
[291/858] CC src/konami_runtime_w_8003BD34.c (gcc 2.7.2-cdk -O1 )
[292/858] CC src/konami_runtime_w_8003BAF8.c (gcc 2.7.2-cdk  )
[293/858] CC src/konami_runtime_w_8003BD84.c (gcc 2.7.2  )
[294/858] CC src/konami_runtime_w_8003BE1C.c (gcc 2.7.2  )
[295/858] CC src/konami_runtime_w_8003BFE4.c (gcc 2.7.2-cdk  )
[296/858] CC src/konami_runtime_w_8003C06C.c (gcc 2.7.2-cdk  )
[297/858] CC src/konami_runtime_w_8003C0A4.c (gcc 2.7.2  )
[298/858] CC src/konami_runtime_w_8003C128.c (gcc 2.7.2-cdk -G0 )
[299/858] CC src/konami_runtime_w_8003C0C8.c (gcc 2.7.2-cdk  )
[300/858] CC src/konami_runtime_w_8003C0C0.c (gcc 2.7.2  )
[301/858] CC src/konami_runtime_w_8003C160.c (gcc 2.7.2-cdk  )
[302/858] CC src/konami_runtime_w_8003C2B8.c (gcc 2.7.2-cdk -G0 )
[303/858] CC src/konami_runtime_w_8003C24C.c (gcc 2.7.2-cdk  )
[304/858] CC src/konami_runtime_w_8003C2F8.c (gcc 2.7.2-cdk  )
[305/858] CC src/konami_runtime_w_8003C364.c (gcc 2.7.2-cdk  )
[306/858] CC src/konami_runtime_w_8003C450.c (gcc 2.7.2 -O2 )
[307/858] CC src/konami_runtime_w_8003C3B4.c (gcc 2.7.2-cdk  )
[308/858] CC src/konami_runtime_w_8003C488.c (gcc 2.7.2  )
[309/858] CC src/konami_runtime_w_8003C4C8.c (gcc 2.7.2-cdk  )
[310/858] CC src/konami_runtime_w_8003C520.c (gcc 2.7.2 -G0 )
[311/858] CC src/konami_runtime_w_8003C5A4.c (gcc 2.7.2-cdk  )
[312/858] CC src/konami_runtime_w_8003C5F0.c (gcc 2.7.2-cdk  )
[313/858] CC src/konami_runtime_w_8003C67C.c (gcc 2.7.2-cdk -fno-strength-reduce )
[314/858] CC src/konami_runtime_w_8003C890.c (gcc 2.7.2  )
[315/858] CC src/konami_runtime_w_8003C7D8.c (gcc 2.7.2-cdk  )
[316/858] CC src/konami_runtime_w_8003C8E4.c (gcc 2.7.2  )
[317/858] CC src/slot_transition.c (gcc 2.7.2-cdk -G16 )
[318/858] CC src/w_8003CAC4.c (gcc 2.8.1  )
[319/858] CC src/sort_rank_81540_owned.c (gcc 2.7.2-cdk  )
[320/858] CC src/slot_transition_secondary.c (gcc 2.7.2-cdk -G16 )
[321/858] CC src/w_8003D0F0.c (gcc 2.7.2-cdk  )
[322/858] CC src/w_8003D468.c (gcc 2.7.2-cdk -G0 )
[323/858] CC src/w_8003D5A4.c (gcc 2.7.2-cdk -G0 )
[324/858] CC src/w_8003D760.c (gcc 2.7.2-cdk -G16 )
[325/858] CC src/w_8003D7DC.c (gcc 2.7.2-cdk -fno-expensive-optimizations )
[326/858] CC src/w_8003D8B0.c (gcc 2.7.2-cdk -G12 )
[327/858] CC src/w_8003DE58.c (gcc 2.7.2  )
[328/858] CC src/w_8003DBD0.c (gcc 2.7.2-cdk  )
[329/858] CC src/w_8003DF0C.c (gcc 2.7.2-cdk  )
[330/858] CC src/w_8003DF74.c (gcc 2.7.2-cdk  )
[331/858] CC src/w_8003E02C.c (gcc 2.7.2-cdk  )
[332/858] CC src/w_8003E0C4.c (gcc 2.7.2  )
[333/858] CC src/w_8003E14C.c (gcc 2.7.2-cdk -G0 )
[334/858] CC src/w_8003E188.c (gcc 2.95.2 -G0 -fno-schedule-insns )
[335/858] CC src/w_8003E1FC.c (gcc 2.7.2-cdk  )
[336/858] CC src/w_8003E240.c (gcc 2.91.66 -G0 )
[337/858] CC src/w_8003E2D8.c (gcc 2.7.2-cdk  )
[338/858] CC src/w_8003E39C.c (gcc 2.7.2-cdk -mmips-as -G0 )
[339/858] CC src/w_8003E70C.c (gcc 2.7.2-cdk  )
[340/858] CC src/w_8003F270.c (gcc 2.6.3 -O1 )
[341/858] CC src/w_8003F320.c (gcc 2.7.2  )
[342/858] CC src/w_8003F55C.c (gcc 2.7.2  )
[343/858] CC src/w_8003F688.c (gcc 2.7.2-cdk  )
[344/858] CC src/w_8003F6F4.c (gcc 2.6.3  )
[345/858] CC src/w_8003F794.c (gcc 2.7.2-cdk  )
[346/858] CC src/w_8003F80C.c (gcc 2.7.2-cdk  )
[347/858] CC src/w_8003F8F8.c (gcc 2.7.2 -G0 )
[348/858] CC src/w_8003F9E0.c (gcc 2.7.2 -G0 -fno-schedule-insns )
[349/858] CC src/w_8003FA44.c (gcc 2.7.2  )
[350/858] CC-GUARDED-PRIVATE src/w_8003FAD4.c
[351/858] CC src/w_8003FB98.c (gcc 2.7.2  )
[352/858] CC src/w_8003FC64.c (gcc 2.7.2  )
[353/858] CC src/w_8003FD64.c (gcc 2.7.2  )
[354/858] CC src/w_8003FE78.c (gcc 2.7.2  )
[355/858] CC src/w_8003FF2C.c (gcc 2.7.2  )
[356/858] CC src/w_8003FFF0.c (gcc 2.7.2  )
[357/858] CC src/w_80040060.c (gcc 2.7.2  )
[358/858] CC src/w_80040190.c (gcc 2.7.2  )
[359/858] CC src/w_800400B8.c (gcc 2.7.2-cdk -fno-cse-skip-blocks )
[360/858] CC src/w_800401FC.c (gcc 2.7.2  )
[361/858] CC src/w_8004027C.c (gcc 2.7.2  )
[362/858] CC src/w_800402F4.c (gcc 2.7.2-cdk -G0 )
[363/858] CC src/w_800403BC.c (gcc 2.7.2 -G0 )
[364/858] CC src/w_80040454.c (gcc 2.7.2  )
[365/858] CC src/w_80040490.c (gcc 2.7.2  )
[366/858] CC src/w_800404F8.c (gcc 2.7.2  )
[367/858] CC src/w_80040574.c (gcc 2.7.2 -G0 )
[368/858] CC src/w_800405E8.c (gcc 2.7.2  )
[369/858] CC src/w_8004068C.c (gcc 2.7.2  )
[370/858] CC src/w_80040AA0.c (gcc 2.7.2-cdk  )
[371/858] CC src/w_800407C0.c (gcc 2.7.2-cdk  )
[372/858] CC src/w_80040BB4.c (gcc 2.7.2-cdk  )
[373/858] CC src/w_80040C08.c (gcc 2.7.2-cdk -fno-schedule-insns -G16 )
[374/858] CC src/w_80040F2C.c (gcc 2.7.2-cdk  )
[375/858] CC src/w_80040CBC.c (gcc 2.7.2-cdk -G16 )
[376/858] CC src/w_80040FDC.c (gcc 2.7.2-cdk  )
[377/858] CC src/w_80041038.c (gcc 2.7.2-cdk  )
[378/858] CC src/w_80041094.c (gcc 2.7.2-cdk  )
[379/858] CC src/w_80041134_owned.c (gcc 2.8.1  )
[380/858] CC src/w_800411AC.c (gcc 2.7.2-cdk  )
[381/858] CC src/w_800411FC.c (gcc 2.7.2-cdk  )
[382/858] CC src/w_80041284.c (gcc 2.7.2  )
[383/858] CC src/w_80041344.c (gcc 2.7.2-cdk  )
[384/858] CC-GUARDED-PRIVATE src/w_80041588.c
[385/858] CC src/w_80041818.c (gcc 2.7.2-cdk  )
[386/858] CC src/w_800418B4.c (gcc 2.6.3 -G0 )
[387/858] CC src/w_80041900.c (gcc 2.8.1 -G0 )
[388/858] CC src/w_80041A10.c (gcc 2.7.2-cdk -G12 )
[389/858] CC-GUARDED-PRIVATE src/w_80041AB0.c
[390/858] CC src/w_80041CBC.c (gcc 2.7.2-cdk -G0 )
[391/858] CC src/w_80041E28.c (gcc 2.7.2  )
[392/858] CC src/w_800422DC.c (gcc 2.7.2  )
[393/858] CC src/w_80041E70.c (gcc 2.7.2  )
[394/858] CC src/w_800423C0.c (gcc 2.7.2-cdk  )
[395/858] CC src/w_80042518.c (gcc 2.7.2  )
[396/858] CC src/w_80042560.c (gcc 2.7.2-cdk  )
[397/858] CC src/w_80042640.c (gcc 2.7.2-cdk  )
[398/858] CC src/w_80042710.c (gcc 2.7.2  )
[399/858] CC src/w_80042900.c (gcc 2.7.2  )
[400/858] CC src/w_80042984.c (gcc 2.7.2  )
[401/858] CC src/w_800429E4.c (gcc 2.7.2-cdk  )
[402/858] CC src/w_80042B68.c (gcc 2.7.2  )
[403/858] CC src/w_80042A80.c (gcc 2.7.2-cdk  )
[404/858] CC src/w_80043458.c (gcc 2.8.1  )
[405/858] CC src/w_800434E4.c (gcc 2.7.2-cdk -G0 )
[406/858] CC src/w_80043568.c (gcc 2.8.1  )
[407/858] CC src/w_80042BDC.c (gcc 2.7.2-cdk -G16 )
[408/858] CC src/w_80043674.c (gcc 2.7.2-cdk  )
[409/858] CC src/w_80043704.c (gcc 2.7.2  )
[410/858] CC src/w_800437A4.c (gcc 2.7.2  )
[411/858] CC src/w_80043868.c (gcc 2.7.2  )
[412/858] CC src/w_80043914.c (gcc 2.7.2-cdk -G16 )
[413/858] CC src/w_8004397C.c (gcc 2.7.2  )
[414/858] CC src/w_800439BC.c (gcc 2.8.1  )
[415/858] CC src/w_800439F8.c (gcc 2.7.2-cdk -G16 )
[416/858] CC src/w_80043A68.c (gcc 2.7.2-cdk  )
[417/858] CC src/w_80043B4C.c (gcc 2.7.2-cdk  )
[418/858] CC src/w_80043C30.c (gcc 2.7.2-cdk -G12 )
[419/858] CC-GUARDED-PRIVATE src/w_80043CD0.c
[420/858] CC src/w_80043EB8.c (gcc 2.7.2-cdk  )
{standard input}: Assembler messages:
{standard input}:48: Warning: used $at without ".set noat"
{standard input}:49: Warning: used $at without ".set noat"
[421/858] CC src/w_80043FD0.c (gcc 2.7.2-cdk -G0 )
[422/858] CC src/w_80044144.c (gcc 2.7.2-cdk -G16 )
[423/858] CC src/w_8004425C.c (gcc 2.7.2  )
[424/858] CC-GUARDED-PRIVATE src/w_8004437C_pair.c
[425/858] CC src/w_80044618_owned.c (gcc 2.7.2  )
[426/858] CC src/w_80044698_owned.c (gcc 2.7.2  )
[427/858] CC src/w_80044724.c (gcc 2.7.2-cdk  )
[428/858] CC src/w_800448BC_owned.c (gcc 2.7.2  )
[429/858] CC src/w_80044A50.c (gcc 2.8.1  )
[430/858] CC src/w_8004491C.c (gcc 2.7.2-cdk  )
[431/858] CC src/w_80044AAC.c (gcc 2.7.2-cdk  )
[432/858] CC src/w_80044B48.c (gcc 2.7.2-cdk  )
[433/858] CC src/w_80044BB0.c (gcc 2.7.2  )
[434/858] CC src/w_80044C54.c (gcc 2.7.2-cdk  )
[435/858] CC src/w_80045C34.c (gcc 2.7.2-cdk  )
[436/858] CC src/w_80044D24.c (gcc 2.7.2-cdk -O2 )
[437/858] CC src/w_800463EC.c (gcc 2.7.2-cdk -O2 )
[438/858] CC src/w_80045CC4.c (gcc 2.7.2-cdk  )
[439/858] CC src/w_80046884.c (gcc 2.7.2-cdk  )
[440/858] CC src/w_80046A5C.c (gcc 2.7.2  )
[441/858] CC src/w_80046AFC.c (gcc 2.7.2  )
[442/858] CC src/w_80046C20.c (gcc 2.7.2  )
[443/858] CC src/w_80046D64.c (gcc 2.7.2-cdk  )
[444/858] CC src/w_80046E38.c (gcc 2.6.3 -G0 )
[445/858] CC src/w_80046F88.c (gcc 2.7.2  )
[446/858] CC src/w_80047054.c (gcc 2.8.1  )
[447/858] CC src/w_8004713C_owned.c (gcc 2.7.2  )
[448/858] CC src/w_80047200.c (gcc 2.7.2  )
[449/858] CC src/w_80047270.c (gcc 2.7.2 -G0 )
[450/858] CC src/w_80047338_owned.c (gcc 2.7.2-cdk  )
[451/858] CC src/w_80047468_owned.c (gcc 2.7.2-cdk  )
[452/858] CC src/w_800475A4.c (gcc 2.7.2  )
[453/858] CC src/w_8004761C.c (gcc 2.7.2  )
[454/858] CC src/w_80047694.c (gcc 2.7.2-cdk  )
[455/858] CC src/w_80047738.c (gcc 2.7.2  )
[456/858] CC src/w_80047784.c (gcc 2.7.2  )
[457/858] CC src/w_800477F4.c (gcc 2.7.2  )
[458/858] CC src/w_800478E8.c (gcc 2.7.2  )
[459/858] CC src/w_800479D4.c (gcc 2.7.2  )
[460/858] CC src/w_80047A68.c (gcc 2.7.2  )
[461/858] CC src/w_80047AB0.c (gcc 2.7.2  )
[462/858] CC src/w_80047B80.c (gcc 2.8.1  )
[463/858] CC src/w_80047BC0.c (gcc 2.8.1  )
[464/858] CC src/w_80047C00.c (gcc 2.7.2-cdk  )
[465/858] CC src/w_80047C8C.c (gcc 2.7.2  )
[466/858] CC src/w_80047CD8.c (gcc 2.7.2  )
[467/858] CC-GUARDED-PRIVATE src/w_80047E78_owned.c
[468/858] CC src/w_80047EEC.c (gcc 2.7.2-cdk  )
[469/858] CC src/w_80047F90.c (gcc 2.7.2  )
[470/858] CC src/w_80047FF4.c (gcc 2.7.2  )
[471/858] CC src/w_80048088.c (gcc 2.7.2  )
[472/858] CC src/w_80048118.c (gcc 2.7.2  )
[473/858] CC src/w_80048190.c (gcc 2.7.2-cdk  )
[474/858] CC src/w_800481E0.c (gcc 2.8.1  )
[475/858] CC src/w_80048224.c (gcc 2.7.2  )
[476/858] CC src/w_800482C8.c (gcc 2.7.2-cdk  )
[477/858] CC src/w_8004846C.c (gcc 2.7.2  )
[478/858] CC src/w_800483AC.c (gcc 2.7.2  )
[479/858] CC src/w_80048500.c (gcc 2.7.2-cdk  )
[480/858] CC src/w_800485E0.c (gcc 2.7.2  )
[481/858] CC src/w_80048734.c (gcc 2.7.2  )
[482/858] CC src/w_8004878C.c (gcc 2.7.2 -G0 )
[483/858] CC src/w_80048870.c (gcc 2.7.2  )
[484/858] CC src/w_800488F0.c (gcc 2.7.2  )
[485/858] CC src/w_80048998.c (gcc 2.7.2-cdk  )
[486/858] CC src/w_800489F4.c (gcc 2.7.2  )
[487/858] CC src/w_80048A44.c (gcc 2.7.2  )
[488/858] CC src/w_80048AC8.c (gcc 2.7.2  )
[489/858] CC src/w_80048B28.c (gcc 2.7.2-cdk  )
[490/858] CC src/w_80048B8C.c (gcc 2.7.2  )
[491/858] CC src/w_80048C3C.c (gcc 2.7.2  )
[492/858] CC src/w_80048D60.c (gcc 2.7.2  )
[493/858] CC src/w_80048EE4.c (gcc 2.7.2-cdk  )
[494/858] CC src/w_80048E00.c (gcc 2.7.2  )
[495/858] CC src/w_80048FBC.c (gcc 2.7.2  )
[496/858] CC src/w_80049004.c (gcc 2.7.2-cdk  )
[497/858] CC src/w_80049150.c (gcc 2.7.2  )
[498/858] CC src/w_800491F4.c (gcc 2.7.2  )
[499/858] CC src/w_800492B0.c (gcc 2.7.2-cdk  )
[500/858] CC src/w_80049330.c (gcc 2.7.2  )
[501/858] CC src/w_800494B4.c (gcc 2.7.2-cdk  )
[502/858] CC src/w_80049374.c (gcc 2.7.2-cdk  )
[503/858] CC src/w_8004951C.c (gcc 2.7.2-cdk  )
[504/858] CC src/w_80049790.c (gcc 2.7.2  )
[505/858] CC src/w_800497F4.c (gcc 2.7.2  )
[506/858] CC src/w_800498A0.c (gcc 2.7.2-cdk -G0 )
[507/858] CC src/w_80049CF4.c (gcc 2.7.2  )
[508/858] CC src/w_800499E8.c (gcc 2.7.2-cdk  )
[509/858] CC src/w_80049D80.c (gcc 2.7.2  )
[510/858] CC src/w_80049E1C.c (gcc 2.7.2  )
[511/858] CC src/w_80049F2C.c (gcc 2.7.2  )
[512/858] CC src/w_80049E88.c (gcc 2.7.2-cdk  )
[513/858] CC src/w_8004A0C0.c (gcc 2.7.2-cdk  )
[514/858] CC src/w_8004A030.c (gcc 2.7.2-cdk -fno-schedule-insns )
[515/858] CC src/w_8004A10C.c (gcc 2.7.2  )
[516/858] CC src/w_8004A170.c (gcc 2.7.2-cdk  )
[517/858] CC src/w_8004A24C.c (gcc 2.7.2  )
[518/858] CC src/w_8004A330.c (gcc 2.7.2-cdk  )
[519/858] CC src/w_8004A464.c (gcc 2.7.2-cdk  )
[520/858] CC src/w_8004A4E4.c (gcc 2.7.2  )
[521/858] CC src/w_8004A534.c (gcc 2.7.2-cdk  )
[522/858] CC src/w_8004A574.c (gcc 2.7.2-cdk  )
[523/858] CC src/w_8004A658.c (gcc 2.7.2-cdk  )
[524/858] CC src/w_8004A6C0.c (gcc 2.7.2  )
[525/858] CC src/w_8004A700.c (gcc 2.7.2-cdk  )
[526/858] CC src/w_8004A784.c (gcc 2.7.2  )
[527/858] CC src/w_8004A7D8.c (gcc 2.7.2-cdk  )
[528/858] CC src/w_8004A83C.c (gcc 2.7.2  )
[529/858] CC src/w_8004A940.c (gcc 2.7.2-cdk  )
[530/858] CC src/w_8004A9B0.c (gcc 2.7.2-cdk  )
[531/858] CC src/w_8004AA78.c (gcc 2.7.2-cdk  )
[532/858] CC-GUARDED-PRIVATE src/w_8004AB7C.c
[533/858] CC src/w_8004AC3C.c (gcc 2.7.2-cdk  )
[534/858] CC src/w_8004AE68.c (gcc 2.8.1  )
[535/858] CC src/w_8004AEC4.c (gcc 2.7.2 -fno-schedule-insns )
[536/858] CC src/w_8004AFE8.c (gcc 2.7.2  )
[537/858] CC src/w_8004B028.c (gcc 2.7.2  )
[538/858] CC src/w_8004B1DC.c (gcc 2.7.2-cdk  )
[539/858] CC src/w_8004B298.c (gcc 2.7.2 -G0 -fno-schedule-insns )
[540/858] CC src/w_8004B248.c (gcc 2.7.2  )
[541/858] CC src/w_8004B324.c (gcc 2.7.2  )
[542/858] CC src/w_8004B2E0.c (gcc 2.7.2 -G0 -fno-schedule-insns )
[543/858] CC src/w_8004B364.c (gcc 2.7.2  )
[544/858] CC src/w_8004B42C.c (gcc 2.7.2-cdk -G0 -fno-schedule-insns )
[545/858] CC src/w_8004B568.c (gcc 2.7.2  )
[546/858] CC src/w_8004B660.c (gcc 2.7.2  )
[547/858] CC src/w_8004B718.c (gcc 2.7.2  )
[548/858] CC src/w_8004B6BC.c (gcc 2.7.2  )
[549/858] CC src/w_8004B7D0.c (gcc 2.7.2-cdk -G0 )
[550/858] CC src/w_8004B774.c (gcc 2.7.2  )
[551/858] CC src/w_8004B854.c (gcc 2.7.2-cdk  )
[552/858] CC src/w_8004B8DC.c (gcc 2.7.2  )
[553/858] CC src/w_8004BDDC.c (gcc 2.7.2  )
[554/858] CC src/w_8004B954.c (gcc 2.7.2-cdk  )
[555/858] CC src/w_8004C010.c (gcc 2.7.2  )
[556/858] CC src/w_8004C080.c (gcc 2.7.2-cdk -G0 )
[557/858] CC src/w_8004CAA0.c (gcc 2.7.2 -fno-schedule-insns2 )
[558/858] CC src/w_8004CAE8.c (gcc 2.7.2  )
[559/858] CC src/w_8004C36C.c (gcc 2.7.2-cdk  )
[560/858] CC src/w_8004CB2C.c (gcc 2.7.2-cdk  )
[561/858] CC src/w_8004CCBC.c (gcc 2.8.1  )
[562/858] CC src/w_8004CC38.c (gcc 2.8.1  )
[563/858] CC src/w_8004CD28.c (gcc 2.7.2  )
[564/858] CC src/w_8004CE68.c (gcc 2.7.2  )
[565/858] CC src/w_8004D12C.c (gcc 2.7.2  )
[566/858] CC src/w_8004CECC.c (gcc 2.7.2-cdk  )
[567/858] CC src/w_8004D1EC.c (gcc 2.7.2-cdk  )
[568/858] CC src/w_8004D294.c (gcc 2.7.2-cdk  )
[569/858] CC src/w_8004D45C.c (gcc 2.7.2  )
[570/858] CC src/w_8004D4AC.c (gcc 2.7.2-cdk  )
[571/858] CC src/w_8004D5D0.c (gcc 2.7.2-cdk  )
[572/858] CC src/w_8004D690.c (gcc 2.7.2  )
[573/858] CC src/w_8004D70C.c (gcc 2.7.2  )
[574/858] CC src/w_8004D75C.c (gcc 2.7.2-cdk  )
[575/858] CC src/w_8004D7A8.c (gcc 2.7.2-cdk  )
[576/858] CC src/w_8004D7E8.c (gcc 2.7.2-cdk  )
[577/858] CC src/w_8004D828.c (gcc 2.95.2 -fno-schedule-insns2 )
[578/858] CC src/w_8004D880.c (gcc 2.7.2 -fno-cse-follow-jumps -fno-cse-skip-blocks )
[579/858] CC src/w_8004D91C.c (gcc 2.7.2  )
[580/858] CC src/w_8004D98C.c (gcc 2.7.2  )
[581/858] CC src/w_8004DA24.c (gcc 2.7.2  )
[582/858] CC src/w_8004DA74.c (gcc 2.7.2-cdk  )
[583/858] CC src/w_8004DC14.c (gcc 2.7.2  )
[584/858] CC src/w_8004DCA8_owned.c (gcc 2.7.2-cdk  )
[585/858] CC src/w_8004E0AC.c (gcc 2.7.2  )
[586/858] CC-GUARDED-PRIVATE src/w_8004DCEC_owned.c
[587/858] CC src/w_8004E188.c (gcc 2.7.2-cdk  )
[588/858] CC src/w_8004E21C.c (gcc 2.7.2  )
[589/858] CC src/w_8004E478.c (gcc 2.7.2  )
[590/858] CC src/w_8004E298.c (gcc 2.7.2-cdk -O1 -fschedule-insns2 )
[591/858] CC src/w_8004E4C0.c (gcc 2.7.2  )
[592/858] CC src/w_8004E5A0.c (gcc 2.7.2  )
[593/858] CC src/w_8004E5E8.c (gcc 2.7.2  )
[594/858] CC src/w_8004E634.c (gcc 2.7.2  )
[595/858] CC src/w_8004E69C.c (gcc 2.7.2-cdk  )
[596/858] CC src/w_8004E6F4.c (gcc 2.6.3  )
[597/858] CC src/w_8004E884.c (gcc 2.7.2  )
[598/858] CC src/w_8004E928.c (gcc 2.7.2  )
[599/858] CC src/w_8004E8D8.c (gcc 2.7.2  )
[600/858] CC src/w_8004E9EC.c (gcc 2.7.2-cdk  )
[601/858] CC src/w_8004EA70.c (gcc 2.7.2-cdk  )
[602/858] CC src/w_8004EAC4.c (gcc 2.7.2  )
[603/858] CC src/w_8004EB3C.c (gcc 2.7.2  )
[604/858] CC src/w_8004EB8C.c (gcc 2.7.2  )
[605/858] CC src/w_8004EBDC.c (gcc 2.7.2  )
[606/858] CC src/w_8004ECAC.c (gcc 2.7.2-cdk  )
[607/858] CC src/w_8004EC20.c (gcc 2.7.2-cdk  )
[608/858] CC src/w_8004ED00.c (gcc 2.7.2-cdk -G0 )
[609/858] CC src/w_8004ED5C.c (gcc 2.7.2-cdk  )
[610/858] CC src/w_8004EEBC.c (gcc 2.7.2  )
[611/858] CC src/w_8004EDA8.c (gcc 2.7.2-cdk  )
[612/858] CC src/w_8004EEFC.c (gcc 2.7.2-cdk  )
[613/858] CC src/w_8004EF90.c (gcc 2.8.1  )
[614/858] CC src/w_8004EFF4.c (gcc 2.7.2-cdk  )
[615/858] CC src/w_8004F068.c (gcc 2.8.1  )
[616/858] CC src/w_8004F0DC.c (gcc 2.7.2  )
[617/858] CC src/w_8004F1E8.c (gcc 2.7.2  )
[618/858] CC src/w_8004F330.c (gcc 2.8.1  )
[619/858] CC src/w_8004F3D8.c (gcc 2.7.2  )
[620/858] CC src/w_8004F418.c (gcc 2.7.2-cdk  )
[621/858] CC src/w_8004F558.c (gcc 2.7.2 -G0 )
[622/858] CC src/w_8004F5B0.c (gcc 2.7.2  )
[623/858] CC src/w_8004F5F4.c (gcc 2.7.2-cdk -G0 )
[624/858] CC src/w_8004F684.c (gcc 2.7.2-cdk  )
[625/858] CC src/w_8004F780.c (gcc 2.7.2-cdk  )
[626/858] CC src/w_8004F884.c (gcc 2.7.2-cdk  )
[627/858] CC src/w_8004F95C.c (gcc 2.7.2-cdk  )
[628/858] CC src/w_8004F9AC.c (gcc 2.7.2-cdk  )
[629/858] CC src/w_8004FA2C.c (gcc 2.7.2-cdk  )
[630/858] CC src/w_8004FC2C.c (gcc 2.7.2  )
[631/858] CC src/w_8004FAA4.c (gcc 2.7.2-cdk  )
[632/858] CC src/w_8004FC98.c (gcc 2.7.2-cdk  )
[633/858] CC src/w_8004FD78.c (gcc 2.7.2-cdk  )
[634/858] CC src/w_8004FDE0.c (gcc 2.7.2-cdk  )
[635/858] CC src/w_8004FE78.c (gcc 2.7.2 -G0 )
[636/858] CC src/w_8004FF20.c (gcc 2.7.2-cdk  )
[637/858] CC src/w_8004FFA8.c (gcc 2.7.2  )
[638/858] CC src/w_8004FFF4.c (gcc 2.7.2 -fno-strength-reduce )
[639/858] CC src/w_800500B4.c (gcc 2.7.2 -fno-strength-reduce )
[640/858] CC src/w_80050308.c (gcc 2.7.2-cdk  )
[641/858] CC src/w_800504B4.c (gcc 2.7.2-cdk  )
[642/858] CC src/w_80050550.c (gcc 2.7.2  )
[643/858] CC src/w_800505BC.c (gcc 2.7.2  )
[644/858] CC src/w_80050640.c (gcc 2.7.2-cdk  )
[645/858] CC src/w_8005084C.c (gcc 2.7.2-cdk  )
[646/858] CC src/w_800506BC.c (gcc 2.7.2-cdk  )
[647/858] CC src/w_800508F0_owned.c (gcc 2.7.2  )
[648/858] CC src/w_800509C4.c (gcc 2.7.2  )
[649/858] CC src/w_80050A00.c (gcc 2.7.2  )
[650/858] CC src/w_80050A58.c (gcc 2.7.2-cdk  )
[651/858] CC src/w_80050AF0.c (gcc 2.7.2  )
[652/858] CC src/w_80050BA4.c (gcc 2.7.2-cdk  )
[653/858] CC src/w_80050CDC.c (gcc 2.7.2 -G0 )
[654/858] CC src/w_80050DA8_owned.c (gcc 2.7.2-cdk  )
[655/858] CC src/w_80050EA8.c (gcc 2.7.2-cdk  )
[656/858] CC src/w_80050EF8.c (gcc 2.7.2-cdk  )
[657/858] CC src/w_800510A0.c (gcc 2.7.2  )
[658/858] CC src/w_80050FF4.c (gcc 2.7.2-cdk -G0 )
[659/858] CC src/w_800510DC.c (gcc 2.7.2 -G0 )
[660/858] CC src/w_80051164.c (gcc 2.7.2-cdk  )
[661/858] CC src/w_800511B4.c (gcc 2.7.2-cdk  )
[662/858] CC src/w_80051228.c (gcc 2.7.2  )
[663/858] CC src/w_80051548.c (gcc 2.7.2-cdk -O1 -fschedule-insns2 )
[664/858] CC src/w_80051708.c (gcc 2.7.2-cdk  )
[665/858] CC src/w_80051BFC.c (gcc 2.7.2-cdk  )
[666/858] CC src/w_800517CC.c (gcc 2.7.2-cdk -G16 )
[667/858] CC src/w_80051CC4.c (gcc 2.7.2-cdk -G0 )
[668/858] CC src/w_80051E94.c (gcc 2.7.2-cdk  )
[669/858] CC src/w_800520B4.c (gcc 2.7.2-cdk -G0 )
[670/858] CC src/w_80051F58.c (gcc 2.7.2-cdk  )
[671/858] CC src/w_80052144.c (gcc 2.7.2 -G0 )
[672/858] CC src/w_800525D4.c (gcc 2.7.2-cdk  )
[673/858] CC src/w_80052A20.c (gcc 2.8.1  )
[674/858] CC src/w_80052774.c (gcc 2.7.2-cdk  )
[675/858] CC src/w_80052A90.c (gcc 2.7.2  )
[676/858] CC src/w_80052C10.c (gcc 2.7.2-cdk  )
[677/858] CC src/w_80052FE8.c (gcc 2.7.2-cdk  )
[678/858] CC src/w_80052CE0.c (gcc 2.7.2-cdk  )
[679/858] CC src/w_800530C4.c (gcc 2.7.2 -G0 )
[680/858] CC src/w_8005313C.c (gcc 2.7.2-cdk  )
[681/858] CC src/w_80053374.c (gcc 2.7.2-cdk  )
[682/858] CC src/w_80053428.c (gcc 2.7.2-cdk  )
[683/858] CC src/w_80053604.c (gcc 2.7.2-cdk  )
[684/858] CC src/w_800537D0.c (gcc 2.7.2 -fno-strength-reduce )
[685/858] CC src/w_80053858.c (gcc 2.7.2-cdk  )
[686/858] CC src/w_80053A88.c (gcc 2.7.2-cdk  )
[687/858] CC-GUARDED-PRIVATE src/w_80053CFC_owned.c
[688/858] CC src/w_80053D64.c (gcc 2.7.2  )
[689/858] CC src/w_80053DF0.c (gcc 2.7.2-cdk -G0 )
[690/858] CC src/w_80053E20.c (gcc 2.7.2-cdk  )
[691/858] CC src/w_80053E90.c (gcc 2.7.2  )
[692/858] CC src/w_80053EF0.c (gcc 2.7.2-cdk  )
[693/858] CC src/w_80053F98.c (gcc 2.7.2-cdk  )
[694/858] CC src/w_8005405C.c (gcc 2.8.1  )
[695/858] CC src/w_800540A8.c (gcc 2.7.2-cdk  )
[696/858] CC src/w_80054104.c (gcc 2.7.2-cdk -G0 )
[697/858] CC src/w_800541E8.c (gcc 2.7.2  )
[698/858] CC src/w_80054228.c (gcc 2.7.2  )
[699/858] CC src/w_800542BC.c (gcc 2.7.2-cdk -G0 )
[700/858] CC src/w_800543C8.c (gcc 2.7.2  )
[701/858] CC src/w_8005440C.c (gcc 2.7.2-cdk  )
[702/858] CC src/w_800544A4.c (gcc 2.7.2-cdk  )
[703/858] CC src/w_80054538.c (gcc 2.7.2  )
[704/858] CC src/w_800545F4.c (gcc 2.7.2-cdk  )
[705/858] CC src/w_800546B0.c (gcc 2.7.2-cdk  )
[706/858] CC src/w_80054704.c (gcc 2.7.2-cdk  )
[707/858] CC src/w_80054788.c (gcc 2.7.2-cdk  )
[708/858] CC src/w_8005497C.c (gcc 2.7.2  )
[709/858] CC src/w_800549FC.c (gcc 2.7.2-cdk  )
[710/858] CC src/w_80054A7C.c (gcc 2.7.2  )
[711/858] CC src/w_80054B08.c (gcc 2.7.2-cdk  )
[712/858] CC src/w_80054C58.c (gcc 2.7.2-cdk  )
[713/858] CC src/w_80054D64.c (gcc 2.7.2-cdk  )
[714/858] CC src/w_80054CD4.c (gcc 2.7.2-cdk  )
[715/858] CC src/w_80054E00.c (gcc 2.7.2-cdk  )
[716/858] CC src/w_80054F9C.c (gcc 2.7.2-cdk  )
[717/858] CC src/w_8005500C.c (gcc 2.7.2-cdk  )
[718/858] CC src/w_800550E8.c (gcc 2.7.2-cdk  )
[719/858] CC src/w_800552C8.c (gcc 2.7.2-cdk  )
[720/858] CC src/w_8005537C.c (gcc 2.7.2-cdk  )
[721/858] CC src/w_800553D4.c (gcc 2.7.2-cdk  )
[722/858] CC src/w_8005552C.c (gcc 2.7.2  )
[723/858] CC src/w_800557C8.c (gcc 2.8.1  )
[724/858] CC src/w_8005560C.c (gcc 2.7.2-cdk  )
[725/858] CC src/w_80055864.c (gcc 2.7.2-cdk  )
[726/858] CC src/w_800558FC.c (gcc 2.7.2-cdk -G0 )
[727/858] CC src/w_80055ADC.c (gcc 2.7.2  )
[728/858] CC src/w_800559B4.c (gcc 2.7.2-cdk -G0 )
[729/858] CC src/w_80055B44.c (gcc 2.7.2-cdk  )
[730/858] CC src/w_80055BD8.c (gcc 2.7.2-cdk -G0 )
[731/858] CC src/w_80055CF4.c (gcc 2.7.2-cdk  )
[732/858] CC src/w_80055C50.c (gcc 2.7.2-cdk  )
[733/858] CC src/w_80055D84.c (gcc 2.7.2-cdk  )
[734/858] CC src/w_80055E84.c (gcc 2.7.2-cdk  )
[735/858] CC src/w_80056098.c (gcc 2.7.2 -fno-schedule-insns )
[736/858] CC src/w_800561D8.c (gcc 2.8.1  )
[737/858] CC src/w_800563B0.c (gcc 2.7.2-cdk  )
[738/858] CC src/w_80056408.c (gcc 2.7.2-cdk  )
[739/858] CC src/w_800564A8.c (gcc 2.7.2-cdk  )
[740/858] CC src/w_80056558.c (gcc 2.7.2-cdk  )
[741/858] CC src/w_800565D8.c (gcc 2.7.2  )
[742/858] CC src/w_80056654.c (gcc 2.7.2-cdk  )
[743/858] CC src/w_800568B4.c (gcc 2.7.2-cdk  )
[744/858] CC src/w_80056800.c (gcc 2.7.2-cdk  )
[745/858] CC src/w_80056948.c (gcc 2.7.2-cdk  )
[746/858] CC src/w_80056D44.c (gcc 2.7.2-cdk  )
[747/858] CC src/w_80056C30.c (gcc 2.7.2-cdk  )
[748/858] CC src/w_80056A08.c (gcc 2.7.2-cdk  )
[749/858] CC src/w_80056DB4.c (gcc 2.7.2-cdk  )
[750/858] CC src/w_80057A50.c (gcc 2.8.1  )
[751/858] CC src/w_80057948.c (gcc 2.7.2-cdk -fno-strength-reduce )
[752/858] CC src/w_80057A94.c (gcc 2.7.2-cdk  )
[753/858] CC src/w_80058494.c (gcc 2.7.2-cdk  )
[754/858] CC src/w_80056E10.c (gcc 2.7.2-cdk -G0 )
[755/858] CC src/w_80057D20.c (gcc 2.7.2-cdk -G0 )
[756/858] CC src/w_80058510.c (gcc 2.7.2-cdk  )
[757/858] CC src/w_800585A0.c (gcc 2.7.2-cdk  )
[758/858] CC src/w_8005863C.c (gcc 2.7.2-cdk  )
[759/858] CC src/w_800586B0.c (gcc 2.7.2-cdk  )
[760/858] CC src/w_80058700.c (gcc 2.7.2-cdk  )
[761/858] CC src/w_800587B4.c (gcc 2.7.2-cdk  )
[762/858] CC src/w_80058800.c (gcc 2.7.2-cdk  )
[763/858] CC src/w_80058850.c (gcc 2.7.2-cdk  )
[764/858] CC src/w_800588C8.c (gcc 2.7.2-cdk  )
[765/858] CC src/w_800589B8.c (gcc 2.7.2-cdk  )
[766/858] CC src/w_80058940.c (gcc 2.7.2-cdk  )
[767/858] CC src/w_80058A04.c (gcc 2.7.2  )
[768/858] CC src/w_80058ABC.c (gcc 2.7.2  )
[769/858] CC src/w_80058B2C.c (gcc 2.7.2  )
[770/858] CC src/w_80058B70.c (gcc 2.7.2-cdk  )
[771/858] CC src/w_80058E6C.c (gcc 2.7.2-cdk -fno-strength-reduce )
[772/858] CC src/w_800590E0.c (gcc 2.7.2  )
[773/858] CC src/w_8005914C.c (gcc 2.7.2-cdk -fno-strength-reduce )
[774/858] CC src/w_8005947C.c (gcc 2.7.2-cdk  )
[775/858] CC src/w_800597A8.c (gcc 2.7.2  )
[776/858] CC src/w_800595C0.c (gcc 2.7.2-cdk  )
[777/858] CC src/w_80059814.c (gcc 2.7.2-cdk  )
[778/858] CC src/w_800599B0.c (gcc 2.7.2-cdk -G0 -fno-strength-reduce )
[779/858] CC src/w_80059BC4.c (gcc 2.7.2-cdk -fno-strength-reduce )
[780/858] CC src/w_80059D1C.c (gcc 2.8.1  )
[781/858] CC src/w_80059D60.c (gcc 2.7.2-cdk  )
[782/858] CC src/w_80059DAC.c (gcc 2.7.2-cdk  )
[783/858] CC src/w_80059E94.c (gcc 2.7.2-cdk -fno-schedule-insns )
[784/858] CC src/w_80059F8C.c (gcc 2.7.2-cdk -G0 )
[785/858] CC src/w_8005A26C.c (gcc 2.7.2-cdk -O1 )
[786/858] CC src/w_8005A1D0.c (gcc 2.7.2-cdk  )
[787/858] CC src/w_8005A2FC.c (gcc 2.7.2-cdk  )
[788/858] CC src/w_8005A33C.c (gcc 2.7.2-cdk  )
[789/858] CC src/w_8005A3F0.c (gcc 2.7.2-cdk  )
[790/858] CC src/w_8005A428.c (gcc 2.7.2-cdk  )
[791/858] CC src/w_8005A4E8.c (gcc 2.7.2  )
[792/858] CC src/w_8005A56C.c (gcc 2.7.2  )
[793/858] CC src/w_8005A5C8.c (gcc 2.7.2  )
[794/858] CC src/w_8005A608.c (gcc 2.7.2-cdk -fno-cse-follow-jumps )
[795/858] CC src/w_8005A778.c (gcc 2.7.2-cdk  )
[796/858] CC src/w_8005A90C.c (gcc 2.7.2-cdk -O1 -fschedule-insns2 )
[797/858] CC src/w_8005AAA8.c (gcc 2.7.2  )
[798/858] CC src/w_8005AB50.c (gcc 2.7.2-cdk  )
[799/858] CC src/w_8005AC30.c (gcc 2.7.2  )
[800/858] CC src/w_8005AC68.c (gcc 2.7.2-cdk  )
[801/858] CC src/w_8005ACDC.c (gcc 2.7.2-cdk  )
[802/858] CC src/w_8005AE08.c (gcc 2.7.2-cdk  )
[803/858] CC src/w_8005AE90.c (gcc 2.7.2-cdk  )
[804/858] CC src/w_8005AF74.c (gcc 2.7.2-cdk  )
[805/858] CC src/w_8005AFF4.c (gcc 2.7.2-cdk  )
[806/858] CC src/w_8005B070.c (gcc 2.7.2-cdk  )
[807/858] CC src/w_8005B16C.c (gcc 2.7.2-cdk  )
[808/858] CC src/w_8005B27C.c (gcc 2.7.2  )
[809/858] CC src/w_8005B2C8.c (gcc 2.7.2  )
[810/858] CC src/w_8005B378.c (gcc 2.7.2-cdk  )
[811/858] CC src/w_8005B418.c (gcc 2.7.2-cdk  )
[812/858] CC src/w_8005B470.c (gcc 2.7.2  )
[813/858] CC src/w_8005BAB0.c (gcc 2.7.2-cdk  )
[814/858] CC src/w_8005B4D0.c (gcc 2.7.2-cdk  )
[815/858] CC src/w_8005C130.c (gcc 2.7.2-cdk  )
[816/858] CC src/w_8005BBFC.c (gcc 2.7.2-cdk  )
[817/858] CC src/w_8005C2C0.c (gcc 2.7.2-cdk  )
[818/858] CC src/w_8005C4D0.c (gcc 2.7.2-cdk  )
[819/858] CC src/w_8005C5D0.c (gcc 2.7.2-cdk  )
[820/858] CC src/w_8005C668.c (gcc 2.7.2-cdk  )
[821/858] CC src/w_8005C6B4.c (gcc 2.7.2-cdk  )
[822/858] CC src/w_8005C710.c (gcc 2.7.2-cdk -G0 -fno-schedule-insns )
[823/858] CC src/w_8005C784.c (gcc 2.7.2-cdk  )
[824/858] CC src/w_8005CA90.c (gcc 2.7.2  )
[825/858] CC src/w_8005CB88.c (gcc 2.7.2  --preserve-immediate-funcaddr-la)
[826/858] CC src/w_8005CC04.c (gcc 2.7.2 -G0 )
[827/858] CC src/w_8005CE98.c (gcc 2.7.2 -G0 )
[828/858] CC src/w_8005D064.c (gcc 2.7.2 -G0 )
[829/858] CC src/w_8005D124.c (gcc 2.7.2 -G0 )
[830/858] CC src/w_8005D1D0.c (gcc 2.7.2 -G0 )
[831/858] CC src/w_8005D460.c (gcc 2.7.2  )
[832/858] CC src/w_8005D4E8.c (gcc 2.7.2  )
[833/858] CC src/w_8005D550.c (gcc 2.7.2  )
[834/858] CC src/w_8005D63C.c (gcc 2.7.2  )
[835/858] CC src/w_8005D598.c (gcc 2.7.2  --expand-div)
[836/858] CC src/w_8005D678.c (gcc 2.7.2  )
[837/858] CC src/w_8005D730.c (gcc 2.7.2  )
[838/858] CC src/w_8005D838.c (gcc 2.7.2  )
[839/858] CC src/w_8005D7BC.c (gcc 2.7.2 -G0 )
[840/858] CC src/w_8005D88C.c (gcc 2.7.2  )
[841/858] CC src/w_8005D95C.c (gcc 2.7.2-cdk  )
[842/858] CC src/w_8005D9DC.c (gcc 2.7.2  )
[843/858] CC src/w_8005DA88.c (gcc 2.7.2 -G0 )
[844/858] CC src/w_8005E450.c (gcc 2.7.2  )
[845/858] CC src/w_8005DF80.c (gcc 2.6.3 -G0 )
[846/858] CC src/w_8005E4C4.c (gcc 2.7.2 -G0 -fno-cse-follow-jumps )
[847/858] CC src/w_8005E7E0.c (gcc 2.7.2  )
[848/858] CC src/w_8005EB78.c (gcc 2.7.2  )
[849/858] CC src/w_8005E97C.c (gcc 2.7.2 -G0 )
[850/858] CC src/w_8005EC40.c (gcc 2.7.2  )
[851/858] CC src/w_8005ECA0.c (gcc 2.7.2  )
[852/858] CC src/w_8005ECF8.c (gcc 2.7.2  )
[853/858] CC src/w_8005EDA0.c (gcc 2.7.2 -G0 )
[854/858] CC src/w_8005F740.c (gcc 2.7.2  )
[855/858] CC src/w_8005F134.c (gcc 2.7.2  )
[856/858] CC src/w_8005F7D0.c (gcc 2.7.2  )
[857/858] CC src/w_8005F90C.c (gcc 2.7.2  )
[858/858] CC src/w_8005FA34.c (gcc 2.7.2  )
